03-04 11:18:31.917   923   988 V WindowManagerShell: All active transition animations finished
03-04 11:18:31.924  1638  5435 I Blockstore: (REDACTED) [DataStoreImpl] Clearing all the Blockstore Data for package %s
03-04 11:18:31.926   673  1846 D SafetySourceDataValidat: No cert check requested for package com.google.android.permissioncontroller
03-04 11:18:31.932  1638  5435 I Blockstore: (REDACTED) [DataStoreImpl] Clearing all the Blockstore Data for %s packages
03-04 11:18:31.935  1638  5435 I Blockstore: (REDACTED) [DataStoreImpl] Allow listed package: %s
03-04 11:18:31.935  1638  5435 I Blockstore: (REDACTED) [DataStoreImpl] Allow listed package: %s
03-04 11:18:31.935  1638  5435 I Blockstore: (REDACTED) [DataStoreImpl] Allow listed package: %s
03-04 11:18:31.935  1638  5435 I Blockstore: (REDACTED) [DataStoreImpl] Allow listed package: %s
03-04 11:18:31.935  1638  5435 I Blockstore: (REDACTED) [DataStoreImpl] Allow listed package: %s
03-04 11:18:31.935  1638  5435 I Blockstore: (REDACTED) [DataStoreImpl] Removing Blockstore data for packages %s
03-04 11:18:31.942   520   520 E BpTransactionCompletedListener: Failed to transact (-32)
03-04 11:18:31.942   520   520 E BpTransactionCompletedListener: Failed to transact (-32)
03-04 11:18:31.948  2831  2831 I Finsky:background: [2] Memory trim requested to level 40
03-04 11:18:31.954  1076  1076 D RecentsView: onTaskRemoved: 11, not handling task stack changes
03-04 11:18:31.954  1076  1076 D RecentsView: onTaskRemoved: 11, not handling task stack changes
03-04 11:18:31.968  1638  5430 W RWIPackageIntentOps: Registries cleared for package: com.avrai.app
03-04 11:18:31.982   673   719 D ActivityManager: sync unfroze 1697 android.process.media for 3
03-04 11:18:31.989  1453  1780 I FuseDaemon: Successfully deleted rows in leveldb for owner_id:  and ownerPackageIdentifier: com.avrai.app::0
03-04 11:18:31.994  1453  1780 D MediaGrants: Removed 0 media_grants for 0 user for [com.avrai.app]. Reason: Package orphaned
03-04 11:18:31.995  2671  2671 I Finsky  : [2] aiaq - Received: android.intent.action.PACKAGE_FULLY_REMOVED, [YDlOVLM_7X6OTQPgU7kkIZw-s1RMDzFcfeLIuFUH9Hc]
03-04 11:18:31.997  2671  2671 I Finsky  : [2] aiaq - Deduping intent android.intent.action.PACKAGE_FULLY_REMOVED
03-04 11:18:31.998  2671  2719 I Finsky  : [44] RECEIVER_PACKAGE_MONITOR#logWorkEndAndFinishGoAsync: SUCCESS
03-04 11:18:32.000  1453  1780 I MediaProvider: End Intent { act=android.intent.action.PACKAGE_FULLY_REMOVED dat=package: flg=0x5000010 cmp=com.google.android.providers.media.module/com.android.providers.media.MediaService (has extras) }
03-04 11:18:32.010   673   697 I system_server: Background concurrent mark compact GC freed 26MB AllocSpace bytes, 58(1648KB) LOS objects, 43% free, 31MB/55MB, paused 12.375ms,2.639ms total 1.012s
03-04 11:18:32.022  2671  2717 I Finsky  : [42] SCH: Received scheduling request: Id: 37-18, Constraints: [{ L: 0, D: 0, C: CHARGING_NONE, I: IDLE_NONE, N: NET_NONE, B: BATTERY_ANY }]
03-04 11:18:32.028   673   699 W System  : A resource failed to call release. 
03-04 11:18:32.036  1469  1469 I fiis    : (REDACTED) O received %s
03-04 11:18:32.041  1638  5452 I Icing   : doRemovePackageData com.avrai.app
03-04 11:18:32.057   673   878 D BackgroundInstallControlService: Package event received: 0
03-04 11:18:32.076  1329  1329 D PersistedStoragePackageUninstalledReceiver: Received android.intent.action.PACKAGE_FULLY_REMOVED for com.avrai.app for u0
03-04 11:18:32.100  1638  5432 W SQLiteLog: (28) double-quoted string literal: "com.avrai.app"
03-04 11:18:32.125  2671  2731 I Finsky  : [46] WM::SCH: Logging work initialize for 12-1
03-04 11:18:32.150   673  1952 V SafetySourceDataValidat: Package: com.android.vending has expected signature
03-04 11:18:32.150   673  1952 V SafetySourceDataValidat: Package: com.android.vending has expected signature
03-04 11:18:32.151  1638  2078 I Icing   : IndexChimeraService.getServiceInterface callingPackage=com.google.android.gms componentName=AppsCorpus serviceId=36
03-04 11:18:32.153  2671  2731 I Finsky  : [46] WM::SCH: Logging work initialize for 37-18
03-04 11:18:32.161  2671  2671 I Finsky  : [2] Memory trim requested to level 40
03-04 11:18:32.162  2671  2671 I Finsky  : [2] Flushing in-memory image cache
03-04 11:18:32.168  1473  1854 I ogle.android.as: AssetManager2(0xb4000075e9d105d8) locale list changing from [] to [en-US]
03-04 11:18:32.171  2671  2754 I Finsky  : [53] SCH: Scheduling phonesky job Id: 12-1, CT: 1772644711680, Constraints: [{ L: 15000, D: 86400000, C: CHARGING_NONE, I: IDLE_NONE, N: NET_ANY, B: BATTERY_ANY }]
03-04 11:18:32.177  1473  1854 I ogle.android.as: AssetManager2(0xb4000075e9d21298) locale list changing from [] to [en-US]
03-04 11:18:32.182  2671  2766 I Finsky  : [54] SCH: Scheduling 1 system job(s)
03-04 11:18:32.182  2671  2766 I Finsky  : [54] SCH: Scheduling system job Id: 9342, L: 14498, D: 63888798, C: false, I: false, N: 1
03-04 11:18:32.183   673   878 D BackgroundInstallControlService: Package event received: 0
03-04 11:18:32.205  2671  2732 I Finsky  : [47] [ContentSync] finished, scheduled=true
03-04 11:18:32.205  2671  2754 I Finsky  : [53] SCH: Scheduling phonesky job Id: 37-18, CT: 1772644712022, Constraints: [{ L: 0, D: 0, C: CHARGING_NONE, I: IDLE_NONE, N: NET_NONE, B: BATTERY_ANY }, { L: 0, D: 0, C: CHARGING_NONE, I: IDLE_NONE, N: NET_NONE, B: BATTERY_ANY }]
03-04 11:18:32.211  1638  1900 I Icing   : IndexChimeraService.getServiceInterface callingPackage=com.google.android.gms componentName=null serviceId=30
03-04 11:18:32.212  1638  5244 I Icing   : Usage reports ok 0, Failed Usage reports 0, indexed 0, rejected 0
03-04 11:18:32.213  2671  2766 I Finsky  : [54] SCH: Scheduling 1 system job(s)
03-04 11:18:32.213  2671  2766 I Finsky  : [54] SCH: Scheduling expedited system job 9341
03-04 11:18:32.226  2671  2671 I Finsky  : [2] SCH: job service start with id 9341.
03-04 11:18:32.232  1473  1854 I ogle.android.as: AssetManager2(0xb4000075e9d102b8) locale list changing from [] to [en-US]
03-04 11:18:32.242  2671  5409 I Finsky  : [256] SCH: Satisfied jobs for 9341 are: 37-18
03-04 11:18:32.249  2671  5456 I Finsky  : [268] SCH: Job 37-18 starting
03-04 11:18:32.250  2671  2671 I Finsky  : [2] WM::SCH: Logging work start for 37-18
03-04 11:18:32.253  2671  2671 I Finsky  : [2] Received an install/uninstall event for package com.avrai.app
03-04 11:18:32.257  1638  5244 I Icing   : Usage reports ok 0, Failed Usage reports 0, indexed 0, rejected 0
03-04 11:18:32.259  2671  2671 I Finsky  : [2] SCH: jobFinished: 37-18. TimeElapsed: 9ms.
03-04 11:18:32.260  2671  2671 I Finsky  : [2] WM::SCH: Logging work end for 37-18
03-04 11:18:32.268  1638  5244 I Icing   : Indexing com.google.android.gms-apps from com.google.android.gms
03-04 11:18:32.270  2671  2767 I Finsky  : [55] Not an active Cubes user. Ignoring package install/uninstall event.
03-04 11:18:32.287  2671  2769 I Finsky  : [56] SCH: Scheduling phonesky job Id: 26-1414141414, CT: 1772643627950, Constraints: [{ L: 43200000, D: 44100000, C: CHARGING_NONE, I: IDLE_NONE, N: NET_NONE, B: BATTERY_ANY }]
03-04 11:18:32.292  1473  1854 I ogle.android.as: AssetManager2(0xb4000075e9d053b8) locale list changing from [] to [en-US]
03-04 11:18:32.294  2671  2767 I Finsky  : [55] SCH: Scheduling 1 system job(s)
03-04 11:18:32.294  2671  2767 W JobInfo : Job 'com.android.vending/com.google.android.finsky.scheduler.process.mainimpl.PhoneskyJobServiceMain#9346' has a deadline with no functional constraints. The deadline won't improve job execution latency. Consider removing the deadline.
03-04 11:18:32.294  2671  2767 I Finsky  : [55] SCH: Scheduling system job Id: 9346, L: 42115656, D: 43015656, C: false, I: false, N: 0
03-04 11:18:32.297   673  1952 W JobInfo : Job 'com.android.vending/com.google.android.finsky.scheduler.process.mainimpl.PhoneskyJobServiceMain#9346' has a deadline with no functional constraints. The deadline won't improve job execution latency. Consider removing the deadline.
03-04 11:18:32.301  1638  5244 I Icing   : Indexing done com.google.android.gms-apps
03-04 11:18:32.304  2671  5456 I Finsky  : [268] SCH: job service finished with id 9341.
03-04 11:18:32.307  2671  2671 I Finsky  : [2] Memory trim requested to level 40
03-04 11:18:32.307  2671  2671 I Finsky  : [2] Flushing in-memory image cache
03-04 11:18:32.311  1473  1854 I ogle.android.as: AssetManager2(0xb4000075e9d12b58) locale list changing from [] to [en-US]
03-04 11:18:32.315  1473  1854 I ogle.android.as: AssetManager2(0xb4000075e9d0e058) locale list changing from [] to [en-US]
03-04 11:18:32.374  1473  1854 I ogle.android.as: AssetManager2(0xb4000075e9d0e9b8) locale list changing from [] to [en-US]
03-04 11:18:32.386  1473  1854 I ogle.android.as: AssetManager2(0xb4000075e9d0da18) locale list changing from [] to [en-US]
03-04 11:18:32.391  1473  1854 I ogle.android.as: AssetManager2(0xb4000075e9d0ff98) locale list changing from [] to [en-US]
03-04 11:18:32.392  1473  1854 I AiAiEcho: EchoSearch: WidgetFetcherImpl is initialized with [34] widgets [reason=package removed for userId: 0]
03-04 11:18:32.478  1410  1511 I .apps.wellbeing: AssetManager2(0xb4000075e9cfb138) locale list changing from [] to [en-US]
03-04 11:18:32.481  1410  1511 I .apps.wellbeing: AssetManager2(0xb4000075e9d021b8) locale list changing from [] to [en-US]
03-04 11:18:32.488  1410  1511 I .apps.wellbeing: AssetManager2(0xb4000075e9cf4d38) locale list changing from [] to [en-US]
03-04 11:18:32.490  1410  1511 I .apps.wellbeing: AssetManager2(0xb4000075e9d17338) locale list changing from [] to [en-US]
03-04 11:18:32.499  1410  1511 I .apps.wellbeing: AssetManager2(0xb4000075e9d14138) locale list changing from [] to [en-US]
03-04 11:18:32.503  1410  1511 I .apps.wellbeing: AssetManager2(0xb4000075e9d03798) locale list changing from [] to [en-US]
03-04 11:18:32.507  1410  1511 I .apps.wellbeing: AssetManager2(0xb4000075e9cf6318) locale list changing from [] to [en-US]
03-04 11:18:32.519  1410  1511 I .apps.wellbeing: AssetManager2(0xb4000075e9d198b8) locale list changing from [] to [en-US]
03-04 11:18:32.520   923   923 D TileServices: Couldn't find tile for ComponentInfo{com.google.android.apps.wellbeing/com.google.android.apps.wellbeing.focusmode.quicksettings.FocusModeTileService}(0)
03-04 11:18:32.527  1410  1511 I .apps.wellbeing: AssetManager2(0xb4000075e9d1b1b8) locale list changing from [] to [en-US]
03-04 11:18:32.535  1410  1511 I .apps.wellbeing: AssetManager2(0xb4000075e9cfd6b8) locale list changing from [] to [en-US]
03-04 11:18:32.548  1410  1511 I .apps.wellbeing: AssetManager2(0xb4000075e9d00598) locale list changing from [] to [en-US]
03-04 11:18:32.555  1410  1511 I .apps.wellbeing: AssetManager2(0xb4000075e9cf5ff8) locale list changing from [] to [en-US]
03-04 11:18:32.561  1410  1511 I .apps.wellbeing: AssetManager2(0xb4000075e9cfaaf8) locale list changing from [] to [en-US]
03-04 11:18:32.570  1410  1511 I .apps.wellbeing: AssetManager2(0xb4000075e9cff2d8) locale list changing from [] to [en-US]
03-04 11:18:32.663  1410  1511 I .apps.wellbeing: AssetManager2(0xb4000075e9d14138) locale list changing from [] to [en-US]
03-04 11:18:32.680  1410  1511 I .apps.wellbeing: AssetManager2(0xb4000075e9d19ef8) locale list changing from [] to [en-US]
03-04 11:18:32.699  1410  1511 I .apps.wellbeing: AssetManager2(0xb4000075e9d17338) locale list changing from [] to [en-US]
03-04 11:18:32.722  1410  1511 I .apps.wellbeing: AssetManager2(0xb4000075e9d021b8) locale list changing from [] to [en-US]
03-04 11:18:32.726  1410  1511 I .apps.wellbeing: AssetManager2(0xb4000075e9d14db8) locale list changing from [] to [en-US]
03-04 11:18:32.736  1410  1511 I .apps.wellbeing: AssetManager2(0xb4000075e9cf75d8) locale list changing from [] to [en-US]
03-04 11:18:32.754  1410  1511 I .apps.wellbeing: AssetManager2(0xb4000075e9cfb138) locale list changing from [] to [en-US]
03-04 11:18:32.759  1410  1511 I .apps.wellbeing: AssetManager2(0xb4000075e9cfefb8) locale list changing from [] to [en-US]
03-04 11:18:32.765  1410  1511 I .apps.wellbeing: AssetManager2(0xb4000075e9cf6638) locale list changing from [] to [en-US]
03-04 11:18:32.823  1410  1511 I .apps.wellbeing: AssetManager2(0xb4000075e9cfae18) locale list changing from [] to [en-US]
03-04 11:18:32.825  1410  1511 I .apps.wellbeing: AssetManager2(0xb4000075e9cf72b8) locale list changing from [] to [en-US]
03-04 11:18:32.827  1410  1511 I .apps.wellbeing: AssetManager2(0xb4000075e9d00ef8) locale list changing from [] to [en-US]
03-04 11:18:32.832  1410  1511 I .apps.wellbeing: AssetManager2(0xb4000075e9cfb458) locale list changing from [] to [en-US]
03-04 11:18:32.887  1410  1511 I .apps.wellbeing: AssetManager2(0xb4000075e9cfbdb8) locale list changing from [] to [en-US]
03-04 11:18:32.890  1410  1511 I .apps.wellbeing: AssetManager2(0xb4000075e9d040f8) locale list changing from [] to [en-US]
03-04 11:18:32.895  1410  1511 I .apps.wellbeing: AssetManager2(0xb4000075e9cfff58) locale list changing from [] to [en-US]
03-04 11:18:32.901  1410  1511 I .apps.wellbeing: AssetManager2(0xb4000075e9d07938) locale list changing from [] to [en-US]
03-04 11:18:32.905  1410  1511 I .apps.wellbeing: AssetManager2(0xb4000075e9cffc38) locale list changing from [] to [en-US]
03-04 11:18:32.911  1410  1511 I .apps.wellbeing: AssetManager2(0xb4000075e9d024d8) locale list changing from [] to [en-US]
03-04 11:18:32.915  1410  1511 I .apps.wellbeing: AssetManager2(0xb4000075e9d03478) locale list changing from [] to [en-US]
03-04 11:18:32.918  1410  1511 I .apps.wellbeing: AssetManager2(0xb4000075e9d01e98) locale list changing from [] to [en-US]
03-04 11:18:32.924  1410  1511 I .apps.wellbeing: AssetManager2(0xb4000075e9d01218) locale list changing from [] to [en-US]
03-04 11:18:32.940  1410  1511 I .apps.wellbeing: AssetManager2(0xb4000075e9d06358) locale list changing from [] to [en-US]
03-04 11:18:32.954  1410  1511 I .apps.wellbeing: AssetManager2(0xb4000075e9d085b8) locale list changing from [] to [en-US]
03-04 11:18:32.962  1410  1511 I .apps.wellbeing: AssetManager2(0xb4000075e9d08298) locale list changing from [] to [en-US]
03-04 11:18:32.966  1410  1511 I .apps.wellbeing: AssetManager2(0xb4000075e9cfe658) locale list changing from [] to [en-US]
03-04 11:18:32.971  1410  1511 I .apps.wellbeing: AssetManager2(0xb4000075e9d08f18) locale list changing from [] to [en-US]
03-04 11:18:32.973  1410  1511 I .apps.wellbeing: AssetManager2(0xb4000075e9d09238) locale list changing from [] to [en-US]
03-04 11:18:32.977  1410  1511 I .apps.wellbeing: AssetManager2(0xb4000075e9d0b498) locale list changing from [] to [en-US]
03-04 11:18:32.980  1410  1511 I .apps.wellbeing: AssetManager2(0xb4000075e9d04a58) locale list changing from [] to [en-US]
03-04 11:18:32.987  1410  1511 I .apps.wellbeing: AssetManager2(0xb4000075e9d0ab38) locale list changing from [] to [en-US]
03-04 11:18:32.990  1410  1511 I .apps.wellbeing: AssetManager2(0xb4000075e9d09878) locale list changing from [] to [en-US]
03-04 11:18:33.004  1410  1511 I .apps.wellbeing: AssetManager2(0xb4000075e9d05098) locale list changing from [] to [en-US]
03-04 11:18:33.008  1410  1511 I .apps.wellbeing: AssetManager2(0xb4000075e9d07c58) locale list changing from [] to [en-US]
03-04 11:18:33.011  1410  1511 I .apps.wellbeing: AssetManager2(0xb4000075e9d088d8) locale list changing from [] to [en-US]
03-04 11:18:33.014  1410  1511 I .apps.wellbeing: AssetManager2(0xb4000075e9d059f8) locale list changing from [] to [en-US]
03-04 11:18:33.016  1410  1511 I .apps.wellbeing: AssetManager2(0xb4000075e9d0ff98) locale list changing from [] to [en-US]
03-04 11:18:33.019  1410  1511 I .apps.wellbeing: AssetManager2(0xb4000075e9d072f8) locale list changing from [] to [en-US]
03-04 11:18:33.022  1410  1511 I .apps.wellbeing: AssetManager2(0xb4000075e9d121f8) locale list changing from [] to [en-US]
03-04 11:18:33.025  1410  1511 I .apps.wellbeing: AssetManager2(0xb4000075e9d0c118) locale list changing from [] to [en-US]
03-04 11:18:33.030  1410  1511 I .apps.wellbeing: AssetManager2(0xb4000075e9d0d0b8) locale list changing from [] to [en-US]
03-04 11:18:33.037  1410  1511 I .apps.wellbeing: AssetManager2(0xb4000075e9d0a4f8) locale list changing from [] to [en-US]
03-04 11:18:33.039  1410  1511 I .apps.wellbeing: AssetManager2(0xb4000075e9d0bad8) locale list changing from [] to [en-US]
03-04 11:18:33.042  1410  1511 I .apps.wellbeing: AssetManager2(0xb4000075e9d12b58) locale list changing from [] to [en-US]
03-04 11:18:33.044  1410  1511 I .apps.wellbeing: AssetManager2(0xb4000075e9d11898) locale list changing from [] to [en-US]
03-04 11:18:33.053  1410  1511 I .apps.wellbeing: AssetManager2(0xb4000075e9d11578) locale list changing from [] to [en-US]
03-04 11:18:33.056  1410  1511 I .apps.wellbeing: AssetManager2(0xb4000075e9d0a1d8) locale list changing from [] to [en-US]
03-04 11:18:33.058  1410  1511 I .apps.wellbeing: AssetManager2(0xb4000075e9d10c18) locale list changing from [] to [en-US]
03-04 11:18:33.066  1410  1511 I .apps.wellbeing: AssetManager2(0xb4000075e9d0f638) locale list changing from [] to [en-US]
03-04 11:18:33.071  1410  1511 I .apps.wellbeing: AssetManager2(0xb4000075e9d12518) locale list changing from [] to [en-US]
03-04 11:18:33.076  1410  1511 I .apps.wellbeing: AssetManager2(0xb4000075e9d03dd8) locale list changing from [] to [en-US]
03-04 11:18:33.085  1410  1511 I .apps.wellbeing: AssetManager2(0xb4000075e9d13e18) locale list changing from [] to [en-US]
03-04 11:18:33.091  1410  1511 I .apps.wellbeing: AssetManager2(0xb4000075e9d0dd38) locale list changing from [] to [en-US]
03-04 11:18:33.096  1410  1511 I .apps.wellbeing: AssetManager2(0xb4000075e9d17c98) locale list changing from [] to [en-US]
03-04 11:18:33.100  1410  1511 I .apps.wellbeing: AssetManager2(0xb4000075e9d13af8) locale list changing from [] to [en-US]
03-04 11:18:33.104  1410  1511 I .apps.wellbeing: AssetManager2(0xb4000075e9cf7f38) locale list changing from [] to [en-US]
03-04 11:18:33.106  1410  1511 I .apps.wellbeing: AssetManager2(0xb4000075e9d1bb18) locale list changing from [] to [en-US]
03-04 11:18:33.111  1410  1511 I .apps.wellbeing: AssetManager2(0xb4000075e9d0e698) locale list changing from [] to [en-US]
03-04 11:18:33.114  1410  1511 I .apps.wellbeing: AssetManager2(0xb4000075e9cf5378) locale list changing from [] to [en-US]
03-04 11:18:33.119  1410  1511 I .apps.wellbeing: AssetManager2(0xb4000075e9cfca38) locale list changing from [] to [en-US]
03-04 11:18:33.121  1410  1511 I .apps.wellbeing: AssetManager2(0xb4000075e9d0e058) locale list changing from [] to [en-US]
03-04 11:18:33.124  1410  1511 I .apps.wellbeing: AssetManager2(0xb4000075e9d105d8) locale list changing from [] to [en-US]
03-04 11:18:33.125  1410  1511 I .apps.wellbeing: AssetManager2(0xb4000075e9cfa198) locale list changing from [] to [en-US]
03-04 11:18:33.128  1410  1511 I .apps.wellbeing: AssetManager2(0xb4000075e9d18c38) locale list changing from [] to [en-US]
03-04 11:18:33.131  1410  1511 I .apps.wellbeing: AssetManager2(0xb4000075e9d0a818) locale list changing from [] to [en-US]
03-04 11:18:33.134  1410  1511 I .apps.wellbeing: AssetManager2(0xb4000075e9d0cd98) locale list changing from [] to [en-US]
03-04 11:18:33.139  1410  1511 I .apps.wellbeing: AssetManager2(0xb4000075e9d134b8) locale list changing from [] to [en-US]
03-04 11:18:33.144  1410  1511 I .apps.wellbeing: AssetManager2(0xb4000075e9d0da18) locale list changing from [] to [en-US]
03-04 11:18:33.147  1410  1511 I .apps.wellbeing: AssetManager2(0xb4000075e9d16cf8) locale list changing from [] to [en-US]
03-04 11:18:33.153  1410  1511 I .apps.wellbeing: AssetManager2(0xb4000075e9d15d58) locale list changing from [] to [en-US]
03-04 11:18:33.154   673  1961 D ConnectivityService: requestNetwork for uid/pid:10149/1587 activeRequest: null callbackRequest: 177 [NetworkRequest [ REQUEST id=177, [ Transports: CELLULAR Capabilities: INTERNET&NOT_RESTRICTED&TRUSTED&NOT_VPN&NOT_VCN_MANAGED&NOT_BANDWIDTH_CONSTRAINED Uid: 10149 RequestorUid: 10149 RequestorPkg: com.google.android.googlequicksearchbox UnderlyingNetworks: Null] ]] callback flags: 0 order: 2147483647 isUidTracked: false declaredMethods: AVAIL|LOSING|LOST|NC|LP
03-04 11:18:33.155  1410  1511 I .apps.wellbeing: AssetManager2(0xb4000075e9d108f8) locale list changing from [] to [en-US]
03-04 11:18:33.167  1410  1511 I .apps.wellbeing: AssetManager2(0xb4000075e9d17658) locale list changing from [] to [en-US]
03-04 11:18:33.168   673   833 W IPCThreadState: Sending oneway calls to frozen process.
03-04 11:18:33.171  1410  1511 I .apps.wellbeing: AssetManager2(0xb4000075e9d00bd8) locale list changing from [] to [en-US]
03-04 11:18:33.173   673   833 D ConnectivityService: NetReassign [177 : null → 101] [c 1] [a 13] [i 4]
03-04 11:18:33.173   673   833 D ConnectivityService: reportNetworkConnectivity(100, false) by 10149
03-04 11:18:33.174  1021  2420 D NetworkMonitor/100: Forcing reevaluation for UID 10149. Dns signal count: 0
03-04 11:18:33.189  1410  1511 I .apps.wellbeing: AssetManager2(0xb4000075e9cf9518) locale list changing from [] to [en-US]
03-04 11:18:33.196  1410  1511 I .apps.wellbeing: AssetManager2(0xb4000075e9cf5cd8) locale list changing from [] to [en-US]
03-04 11:18:33.201  1410  1511 I .apps.wellbeing: AssetManager2(0xb4000075e9d03ab8) locale list changing from [] to [en-US]
03-04 11:18:33.202  1021  5459 D NetworkMonitor/100: PROBE_DNS connectivitycheck.gstatic.com 25ms OK 142.250.9.94,2607:f8b0:4002:c11::5e
03-04 11:18:33.223  1410  1511 I .apps.wellbeing: AssetManager2(0xb4000075e9d14778) locale list changing from [] to [en-US]
03-04 11:18:33.225  1021  5458 D NetworkMonitor/100: PROBE_DNS www.google.com 49ms OK 64.233.185.99,64.233.185.105,64.233.185.103,64.233.185.104,64.233.185.147,64.233.185.106,2607:f8b0:4002:c09::63,2607:f8b0:4002:c09::93,2607:f8b0:4002:c09::68,2607:f8b0:4002:c09::69
03-04 11:18:33.232  1410  1511 I .apps.wellbeing: AssetManager2(0xb4000075e9d06998) locale list changing from [] to [en-US]
03-04 11:18:33.238  1410  1511 I .apps.wellbeing: AssetManager2(0xb4000075e9d15718) locale list changing from [] to [en-US]
03-04 11:18:33.241  1021  5459 D NetworkMonitor/100: PROBE_HTTP http://connectivitycheck.gstatic.com/generate_204 time=37ms ret=204 request={Connection=[close], User-Agent=[Mozilla/5.0 (X11; Linux x86_64) AppleWebKit/537.36 (KHTML, like Gecko) Chrome/60.0.3112.32 Safari/537.36]} headers={null=[HTTP/1.1 204 No Content], Connection=[close], Content-Length=[0], Cross-Origin-Resource-Policy=[cross-origin], Date=[Wed, 04 Mar 2026 17:18:33 GMT], X-Android-Received-Millis=[1772644713241], X-Android-Response-Source=[NETWORK 204], X-Android-Selected-Protocol=[http/1.1], X-Android-Sent-Millis=[1772644713222]}
03-04 11:18:33.243  1410  1511 I .apps.wellbeing: AssetManager2(0xb4000075e9d11258) locale list changing from [] to [en-US]
03-04 11:18:33.250  1410  1511 I .apps.wellbeing: AssetManager2(0xb4000075e9d15a38) locale list changing from [] to [en-US]
03-04 11:18:33.255  1410  1511 I .apps.wellbeing: AssetManager2(0xb4000075e9d1a538) locale list changing from [] to [en-US]
03-04 11:18:33.262  1410  1511 I .apps.wellbeing: AssetManager2(0xb4000075e9cff5f8) locale list changing from [] to [en-US]
03-04 11:18:33.266  1410  1511 I .apps.wellbeing: AssetManager2(0xb4000075e9d0e9b8) locale list changing from [] to [en-US]
03-04 11:18:33.285  1021  5458 D NetworkMonitor/100: PROBE_HTTPS https://www.google.com/generate_204 time=57ms ret=204 request={Connection=[close], User-Agent=[Mozilla/5.0 (X11; Linux x86_64) AppleWebKit/537.36 (KHTML, like Gecko) Chrome/60.0.3112.32 Safari/537.36]} headers={null=[HTTP/1.1 204 No Content], Alt-Svc=[h3=":443"; ma=2592000,h3-29=":443"; ma=2592000], Connection=[close], Content-Length=[0], Cross-Origin-Resource-Policy=[cross-origin], Date=[Wed, 04 Mar 2026 17:18:33 GMT], X-Android-Received-Millis=[1772644713284], X-Android-Response-Source=[NETWORK 204], X-Android-Selected-Protocol=[http/1.1], X-Android-Sent-Millis=[1772644713272]}
03-04 11:18:33.287  1021  5457 D NetworkMonitor/100: isCaptivePortal: isSuccessful()=true isPortal()=false RedirectUrl=null isPartialConnectivity()=false Time=113ms
03-04 11:18:33.291   673   833 D ConnectivityService: [100 WIFI] validation passed
03-04 11:18:33.315  1410  1511 I .apps.wellbeing: AssetManager2(0xb4000075e9d04418) locale list changing from [] to [en-US]
03-04 11:18:33.324  1410  1511 I .apps.wellbeing: AssetManager2(0xb4000075e9d17018) locale list changing from [] to [en-US]
03-04 11:18:33.328  1410  1511 I .apps.wellbeing: AssetManager2(0xb4000075e9cfd9d8) locale list changing from [] to [en-US]
03-04 11:18:33.332  1410  1511 I .apps.wellbeing: AssetManager2(0xb4000075e9d1a218) locale list changing from [] to [en-US]
03-04 11:18:33.339  1410  1511 I .apps.wellbeing: AssetManager2(0xb4000075e9cfe338) locale list changing from [] to [en-US]
03-04 11:18:33.343  1410  1511 I .apps.wellbeing: AssetManager2(0xb4000075e9cfe978) locale list changing from [] to [en-US]
03-04 11:18:33.346  1410  1511 I .apps.wellbeing: AssetManager2(0xb4000075e9cf9b58) locale list changing from [] to [en-US]
03-04 11:18:33.351  1410  1511 I .apps.wellbeing: AssetManager2(0xb4000075e9d19278) locale list changing from [] to [en-US]
03-04 11:18:33.354  1410  1511 I .apps.wellbeing: AssetManager2(0xb4000075e9d09eb8) locale list changing from [] to [en-US]
03-04 11:18:33.356  1410  1511 I .apps.wellbeing: AssetManager2(0xb4000075e9d19bd8) locale list changing from [] to [en-US]
03-04 11:18:33.358  1410  1511 I .apps.wellbeing: AssetManager2(0xb4000075e9d11ed8) locale list changing from [] to [en-US]
03-04 11:18:33.360  1410  1511 I .apps.wellbeing: AssetManager2(0xb4000075e9d137d8) locale list changing from [] to [en-US]
03-04 11:18:33.364  1410  1511 I .apps.wellbeing: AssetManager2(0xb4000075e9d166b8) locale list changing from [] to [en-US]
03-04 11:18:33.367  1410  1511 I .apps.wellbeing: AssetManager2(0xb4000075e9d0ecd8) locale list changing from [] to [en-US]
03-04 11:18:33.402  1410  1511 I .apps.wellbeing: AssetManager2(0xb4000075e9d1ae98) locale list changing from [] to [en-US]
03-04 11:18:33.407  1410  1511 I .apps.wellbeing: AssetManager2(0xb4000075e9d053b8) locale list changing from [] to [en-US]
03-04 11:18:33.409  1410  1511 I .apps.wellbeing: AssetManager2(0xb4000075e9d00278) locale list changing from [] to [en-US]
03-04 11:18:33.415  1410  1511 I .apps.wellbeing: AssetManager2(0xb4000075e9d14a98) locale list changing from [] to [en-US]
03-04 11:18:33.422  1410  1511 I .apps.wellbeing: AssetManager2(0xb4000075e9d0c758) locale list changing from [] to [en-US]
03-04 11:18:33.439  1410  1511 I .apps.wellbeing: AssetManager2(0xb4000075e9cf6958) locale list changing from [] to [en-US]
03-04 11:18:33.442  1410  1511 I .apps.wellbeing: AssetManager2(0xb4000075e9d12e78) locale list changing from [] to [en-US]
03-04 11:18:33.444  1410  1511 I .apps.wellbeing: AssetManager2(0xb4000075e9cfb458) locale list changing from [] to [en-US]
03-04 11:18:33.447  1410  1511 I .apps.wellbeing: AssetManager2(0xb4000075e9d00ef8) locale list changing from [] to [en-US]
03-04 11:18:33.451  1410  1511 I .apps.wellbeing: AssetManager2(0xb4000075e9d14458) locale list changing from [] to [en-US]
03-04 11:18:34.871  1587  5385 W acut    : (REDACTED) [%s] response code: %d
03-04 11:18:34.910   673  1555 E TaskPersister: File error accessing recents directory (directory doesn't exist?).
