03-04 11:17:01.031   855   931 V WindowManagerShell: Transition requested (#21): android.os.BinderProxy@cb5f24c TransitionRequestInfo { type = CLOSE, triggerTask = TaskInfo{userId=0 taskId=12 effectiveUid=10218 displayId=0 isRunning=false baseIntent=Intent { act=android.intent.action.MAIN cat=[android.intent.category.LAUNCHER] flg=0x30000000 cmp=com.avrai.app/.MainActivity } baseActivity=null topActivity=null origActivity=null realActivity=ComponentInfo{com.avrai.app/com.avrai.app.MainActivity} numActivities=0 lastActiveTime=941820 supportsMultiWindow=true resizeMode=1 isResizeable=true minWidth=-1 minHeight=-1 defaultMinSize=220 token=WCT{android.window.IWindowContainerToken$Stub$Proxy@c138295} topActivityType=1 pictureInPictureParams=null shouldDockBigOverlays=false launchIntoPipHostTaskId=-1 lastParentTaskIdBeforePip=-1 displayCutoutSafeInsets=Rect(0, 0 - 0, 0) topActivityInfo=null launchCookies=[] positionInParent=Point(0, 0) parentTaskId=-1 isFocused=true isVisible=true isVisibleRequested=true isTopActivityNoDisplay=false isSleeping=false locusId=null displayAreaFeatureId=1 isTopActivityTransparent=false isActivityStackTransparent=true lastNonFullscreenBounds=Rect(284, 660 - 796, 1740) capturedLink=null capturedLinkTimestamp=0 requestedVisibleTypes=-9 topActivityRequestOpenInBrowserEducationTimestamp=0 appCompatTaskInfo=AppCompatTaskInfo { topActivityInSizeCompat=false eligibleForLetterboxEducation= false isLetterboxEducationEnabled= false isLetterboxDoubleTapEnabled= false eligibleForUserAspectRatioButton= false topActivityBoundsLetterboxed= false isFromLetterboxDoubleTap= false topActivityLetterboxVerticalPosition= -1 topActivityLetterboxHorizontalPosition= -1 topActivityLetterboxWidth=-1 topActivityLetterboxHeight=-1 topActivityAppBounds=Rect(0, 0 - 0, 0) isUserFullscreenOverrideEnabled=false isSystemFullscreenOverrideEnabled=false hasMinAspectRatioOverride=false topActivityLetterboxBounds=null cameraCompatTaskInfo=CameraCompatTaskInfo { freeformCameraCompatMode=undefined}} topActivityMainWindowFrame=null}, pipChange = null, remoteTransition = null, displayChange = null, flags = 0, debugId = 21 }
03-04 11:17:01.050   617   812 D BackgroundInstallControlService: Package event received: 0
03-04 11:17:01.056   482   560 I BpBinder: onLastStrongRef automatically unlinking death recipients: 
03-04 11:17:01.064   617   812 D BackgroundInstallControlService: Package event received: 0
03-04 11:17:01.064   617   812 D BackgroundInstallControlService: Package event received: 0
03-04 11:17:01.066   999   999 D ViewRootImpl: Skipping stats log for color mode
03-04 11:17:01.072   999   999 D StatsLog: LAUNCHER_ONRESUME
03-04 11:17:01.080   855   931 D WindowManagerShell: setLauncherKeepClearAreaHeight: visible=true, height=527
03-04 11:17:01.081   482   482 I BpBinder: onLastStrongRef automatically unlinking death recipients: 
03-04 11:17:01.092   999   999 D NexusLauncherModelDelegate: notifySmartspaceEvent: SmartspaceTargetEvent{mSmartspaceTarget=null, mSmartspaceActionId='null', mEventType=6}
03-04 11:17:01.097   617  1578 W IPCThreadState: Sending oneway calls to frozen process.
03-04 11:17:01.107   617  1578 W IPCThreadState: Sending oneway calls to frozen process.
03-04 11:17:01.107   617  1578 W IPCThreadState: Sending oneway calls to frozen process.
03-04 11:17:01.107   617  1578 W IPCThreadState: Sending oneway calls to frozen process.
03-04 11:17:01.108   617  1578 W IPCThreadState: Sending oneway calls to frozen process.
03-04 11:17:01.108   617  1578 W IPCThreadState: Sending oneway calls to frozen process.
03-04 11:17:01.108   617  1578 W IPCThreadState: Sending oneway calls to frozen process.
03-04 11:17:01.108   617  1578 W IPCThreadState: Sending oneway calls to frozen process.
03-04 11:17:01.108   617  1578 W IPCThreadState: Sending oneway calls to frozen process.
03-04 11:17:01.108   617  1578 W IPCThreadState: Sending oneway calls to frozen process.
03-04 11:17:01.108   617  1578 W IPCThreadState: Sending oneway calls to frozen process.
03-04 11:17:01.108   617  1578 W IPCThreadState: Sending oneway calls to frozen process.
03-04 11:17:01.108   617  1578 W IPCThreadState: Sending oneway calls to frozen process.
03-04 11:17:01.108   617  1578 W IPCThreadState: Sending oneway calls to frozen process.
03-04 11:17:01.108   617  1578 W IPCThreadState: Sending oneway calls to frozen process.
03-04 11:17:01.108   617  1578 W IPCThreadState: Sending oneway calls to frozen process.
03-04 11:17:01.108   617  1578 W IPCThreadState: Sending oneway calls to frozen process.
03-04 11:17:01.108   617  1578 W IPCThreadState: Sending oneway calls to frozen process.
03-04 11:17:01.108   617  1578 W IPCThreadState: Sending oneway calls to frozen process.
03-04 11:17:01.108   617  1578 W IPCThreadState: Sending oneway calls to frozen process.
03-04 11:17:01.108   617  1578 W IPCThreadState: Sending oneway calls to frozen process.
03-04 11:17:01.108   617  1578 W IPCThreadState: Sending oneway calls to frozen process.
03-04 11:17:01.108   617  1578 W IPCThreadState: Sending oneway calls to frozen process.
03-04 11:17:01.108   617  1578 W IPCThreadState: Sending oneway calls to frozen process.
03-04 11:17:01.108   617  1578 W IPCThreadState: Sending oneway calls to frozen process.
03-04 11:17:01.108   617  1578 W IPCThreadState: Sending oneway calls to frozen process.
03-04 11:17:01.108   617  1578 W IPCThreadState: Sending oneway calls to frozen process.
03-04 11:17:01.108   617  1578 W IPCThreadState: Sending oneway calls to frozen process.
03-04 11:17:01.108   617  1578 W IPCThreadState: Sending oneway calls to frozen process.
03-04 11:17:01.108   617  1578 W IPCThreadState: Sending oneway calls to frozen process.
03-04 11:17:01.108   617  1578 W IPCThreadState: Sending oneway calls to frozen process.
03-04 11:17:01.108   617  1578 W IPCThreadState: Sending oneway calls to frozen process.
03-04 11:17:01.141   484   484 I adbd    : Remote process closed the socket (on MSG_PEEK)
03-04 11:17:01.157   411   411 I Zygote  : Process 7095 exited due to signal 9 (Killed)
03-04 11:17:01.157   617  1599 I ImeTracker: com.avrai.app:34ea56cb: onRequestHide at ORIGIN_SERVER reason HIDE_REMOVE_CLIENT fromUser false
03-04 11:17:01.157   617  1599 I ImeTracker: com.avrai.app:34ea56cb: onCancelled at PHASE_SERVER_SHOULD_HIDE
03-04 11:17:01.163   617   639 I WindowManager: WIN DEATH: Window{1a3d203 u0 com.avrai.app/com.avrai.app.MainActivity}
03-04 11:17:01.164   999   999 D BaseDepthController: setSurface:
03-04 11:17:01.164   999   999 D BaseDepthController: 	mWaitingOnSurfaceValidity: false
03-04 11:17:01.164   999   999 D BaseDepthController: 	mBaseSurface: Surface(name=com.google.android.apps.nexuslauncher/com.google.android.apps.nexuslauncher.NexusLauncherActivity)/@0xdafaf12
03-04 11:17:01.196   999  1031 D QuickstepModelDelegate: notifyAppTargetEvent action=1 launchLocation=workspace/0/[-1,-1]/[1,1]
03-04 11:17:01.223   855   868 V WindowManagerShell: onTransitionReady(transaction=2649994822371)
03-04 11:17:01.230   617   645 V WindowManager: Sent Transition (#21) createdAt=03-04 11:17:01.028 via request=TransitionRequestInfo { type = CLOSE, triggerTask = TaskInfo{userId=0 taskId=12 effectiveUid=10218 displayId=0 isRunning=false baseIntent=Intent { act=android.intent.action.MAIN cat=[android.intent.category.LAUNCHER] flg=0x30000000 cmp=com.avrai.app/.MainActivity } baseActivity=null topActivity=null origActivity=null realActivity=ComponentInfo{com.avrai.app/com.avrai.app.MainActivity} numActivities=0 lastActiveTime=941820 supportsMultiWindow=true resizeMode=1 isResizeable=true minWidth=-1 minHeight=-1 defaultMinSize=220 token=WCT{RemoteToken{36b2bd Task{4533b3e #12 type=standard A=10218:com.avrai.app}}} topActivityType=1 pictureInPictureParams=null shouldDockBigOverlays=false launchIntoPipHostTaskId=-1 lastParentTaskIdBeforePip=-1 displayCutoutSafeInsets=Rect(0, 0 - 0, 0) topActivityInfo=null launchCookies=[] positionInParent=Point(0, 0) parentTaskId=-1 isFocused=true isVisible=true isVisibleRequested=true isTopActivityNoDisplay=false isSleeping=false locusId=null displayAreaFeatureId=1 isTopActivityTransparent=false isActivityStackTransparent=true lastNonFullscreenBounds=Rect(284, 660 - 796, 1740) capturedLink=null capturedLinkTimestamp=0 requestedVisibleTypes=-9 topActivityRequestOpenInBrowserEducationTimestamp=0 appCompatTaskInfo=AppCompatTaskInfo { topActivityInSizeCompat=false eligibleForLetterboxEducation= false isLetterboxEducationEnabled= false isLetterboxDoubleTapEnabled= false eligibleForUserAspectRatioButton= false topActivityBoundsLetterboxed= false isFromLetterboxDoubleTap= false topActivityLetterboxVerticalPosition= -1 topActivityLetterboxHorizontalPosition= -1 topActivityLetterboxWidth=-1 topActivityLetterboxHeight=-1 topActivityAppBounds=Rect(0, 0 - 0, 0) isUserFullscreenOverrideEnabled=false isSystemFullscreenOverrideEnabled=false hasMinAspectRatioOverride=false topActivityLetterboxBounds=null cameraCompatTaskInfo=CameraCompatTaskInfo { freeformCameraCompatMode=undefined}} topActivityMainWindowFrame=null}, pipChange = null, remoteTransition = null, displayChange = null, flags = 0, debugId = 21 }
03-04 11:17:01.242   617   890 V ActivityManager: Got obituary of 7095:com.avrai.app
03-04 11:17:01.243   617   648 V WindowManager: Unknown focus tokens, dropping reportFocusChanged
03-04 11:17:01.243   617   648 W ActivityManager: setHasOverlayUi called on unknown pid: 7095
03-04 11:17:01.245   617   645 V WindowManager:     startWCT=WindowContainerTransaction { changes= {} hops= [] errorCallbackToken=null taskFragmentOrganizer=null }
03-04 11:17:01.255   617   645 V WindowManager:     info={id=21 t=CLOSE f=0x0 trk=0 r=[0@Point(0, 0)] c=[
03-04 11:17:01.255   617   645 V WindowManager:         {WCT{RemoteToken{138b29f Task{42087fb #1 type=home}}} m=TO_FRONT f=SHOW_WALLPAPER|MOVE_TO_TOP leash=Surface(name=Task=1)/@0xc042506 sb=Rect(0, 0 - 1080, 2400) eb=Rect(0, 0 - 1080, 2400) epz=Point(1080, 2400) d=0 taskParent=-1},
03-04 11:17:01.255   617   645 V WindowManager:         {WCT{RemoteToken{36b2bd Task{4533b3e #12 type=standard A=10218:com.avrai.app}}} m=CLOSE f=NONE leash=Surface(name=Task=12)/@0x4531c67 sb=Rect(0, 0 - 1080, 2400) eb=Rect(0, 0 - 1080, 2400) epz=Point(1080, 2400) d=0 taskParent=-1},
03-04 11:17:01.255   617   645 V WindowManager:         {m=TO_FRONT f=IS_WALLPAPER leash=Surface(name=WallpaperWindowToken{ff6dea2 showWhenLocked=false})/@0xd6cc3e1 sb=Rect(0, 0 - 1080, 2400) eb=Rect(0, 0 - 1080, 2400) epz=Point(1080, 2400) d=0}
03-04 11:17:01.255   617   645 V WindowManager:     ]}
03-04 11:17:01.257   855   931 V WindowManagerShell: onTransitionReady (#21) android.os.BinderProxy@cb5f24c: {id=21 t=CLOSE f=0x0 trk=0 r=[0@Point(0, 0)] c=[
03-04 11:17:01.257   855   931 V WindowManagerShell:         {m=TO_FRONT f=SHOW_WALLPAPER|MOVE_TO_TOP leash=Surface(name=Task=1)/@0xa562faa sb=Rect(0, 0 - 1080, 2400) eb=Rect(0, 0 - 1080, 2400) epz=Point(1080, 2400) d=0 taskParent=-1},
03-04 11:17:01.257   855   931 V WindowManagerShell:         {m=CLOSE f=NONE leash=Surface(name=Task=12)/@0xb4479b sb=Rect(0, 0 - 1080, 2400) eb=Rect(0, 0 - 1080, 2400) epz=Point(1080, 2400) d=0 taskParent=-1},
03-04 11:17:01.257   855   931 V WindowManagerShell:         {m=TO_FRONT f=IS_WALLPAPER leash=Surface(name=WallpaperWindowToken{ff6dea2 showWhenLocked=false})/@0x775e738 sb=Rect(0, 0 - 1080, 2400) eb=Rect(0, 0 - 1080, 2400) epz=Point(1080, 2400) d=0}
03-04 11:17:01.257   855   931 V WindowManagerShell:     ]}
03-04 11:17:01.260   617   656 I libprocessgroup: Removed cgroup /sys/fs/cgroup/apps/uid_10218/pid_7095
03-04 11:17:01.272   855   931 V WindowManagerShell: Playing animation for (#21) android.os.BinderProxy@cb5f24c@0
03-04 11:17:01.282   855   931 V ShellRecents: RecentsTransitionHandler.startAnimation: no controller found
03-04 11:17:01.288   855   931 V WindowManagerShell: Transition doesn't have explicit remote, search filters for match for {id=21 t=CLOSE f=0x0 trk=0 r=[0@Point(0, 0)] c=[{m=TO_FRONT f=SHOW_WALLPAPER|MOVE_TO_TOP leash=Surface(name=Task=1)/@0xa562faa sb=Rect(0, 0 - 1080, 2400) eb=Rect(0, 0 - 1080, 2400) epz=Point(1080, 2400) d=0 taskParent=-1},{m=CLOSE f=NONE leash=Surface(name=Task=12)/@0xb4479b sb=Rect(0, 0 - 1080, 2400) eb=Rect(0, 0 - 1080, 2400) epz=Point(1080, 2400) d=0 taskParent=-1},{m=TO_FRONT f=IS_WALLPAPER leash=Surface(name=WallpaperWindowToken{ff6dea2 showWhenLocked=false})/@0x775e738 sb=Rect(0, 0 - 1080, 2400) eb=Rect(0, 0 - 1080, 2400) epz=Point(1080, 2400) d=0}]}
03-04 11:17:01.289   855   931 V WindowManagerShell:  Checking filter Pair{{types=[] flags=0x0] notFlags=0x0 checks=[{atype=undefined independent=true modes=[CLOSE,TO_BACK] flags=IN_TASK_WITH_EMBEDDED_ACTIVITY mustBeTask=false order=ANY topActivity=null launchCookie=null taskFragmentToken=android.os.BinderProxy@a3a6c09 windowingMode=undefined}]} RemoteTransition { remoteTransition = android.window.IRemoteTransition$Stub$Proxy@fc0ee0e, appThread = android.app.IApplicationThread$Stub$Proxy@a81d02f, debugName = overlayBackTransition }}
03-04 11:17:01.290   855   931 V WindowManagerShell:  Checking filter Pair{{types=[] flags=0x0] notFlags=0x0 checks=[{atype=dream independent=true modes=[OPEN,TO_FRONT] flags=NONE mustBeTask=false order=ANY topActivity=null launchCookie=null windowingMode=undefined},{atype=home independent=true modes=[CLOSE,TO_BACK] flags=NONE mustBeTask=false order=ANY topActivity=null launchCookie=null windowingMode=undefined}]} RemoteTransition { remoteTransition = android.window.IRemoteTransition$Stub$Proxy@a0e263c, appThread = android.app.IApplicationThread$Stub$Proxy@614bfc5, debugName = LauncherToDream }}
03-04 11:17:01.290   855   931 V WindowManagerShell:  Checking filter Pair{{types=[] flags=0x0] notFlags=0x100 checks=[{atype=home independent=true modes=[OPEN,TO_FRONT] flags=NONE mustBeTask=false order=TOP topActivity=ComponentInfo{com.google.android.apps.nexuslauncher/com.google.android.apps.nexuslauncher.NexusLauncherActivity} launchCookie=null windowingMode=undefined},{atype=standard independent=true modes=[CLOSE,TO_BACK] flags=NONE mustBeTask=false order=ANY topActivity=null launchCookie=null windowingMode=undefined},{NOT atype=undefined independent=true modes=[] flags=NONE mustBeTask=true order=ANY topActivity=null launchCookie=null customAnim=true windowingMode=undefined}]} RemoteTransition { remoteTransition = android.window.IRemoteTransition$Stub$Proxy@a1dd1a, appThread = android.app.IApplicationThread$Stub$Proxy@265404b, debugName = QuickstepLaunchHome }}
03-04 11:17:01.290   855   931 D RemoteTransitionHandler: Found filterPair{{types=[] flags=0x0] notFlags=0x100 checks=[{atype=home independent=true modes=[OPEN,TO_FRONT] flags=NONE mustBeTask=false order=TOP topActivity=ComponentInfo{com.google.android.apps.nexuslauncher/com.google.android.apps.nexuslauncher.NexusLauncherActivity} launchCookie=null windowingMode=undefined},{atype=standard independent=true modes=[CLOSE,TO_BACK] flags=NONE mustBeTask=false order=ANY topActivity=null launchCookie=null windowingMode=undefined},{NOT atype=undefined independent=true modes=[] flags=NONE mustBeTask=true order=ANY topActivity=null launchCookie=null customAnim=true windowingMode=undefined}]} RemoteTransition { remoteTransition = android.window.IRemoteTransition$Stub$Proxy@a1dd1a, appThread = android.app.IApplicationThread$Stub$Proxy@265404b, debugName = QuickstepLaunchHome }}
03-04 11:17:01.290   855   931 V WindowManagerShell:  Delegate animation for (#21) to RemoteTransition { remoteTransition = android.window.IRemoteTransition$Stub$Proxy@a1dd1a, appThread = android.app.IApplicationThread$Stub$Proxy@265404b, debugName = QuickstepLaunchHome }
03-04 11:17:01.297   988   988 D CarrierSvcBindHelper: onHandleForceStop: [com.avrai.app]
03-04 11:17:01.302   999   999 D StateManager: createAtomicAnimation - fromState: Background, toState: Normal, partial trace:
03-04 11:17:01.302   999   999 D StateManager: 	at com.android.quickstep.util.ScalingWorkspaceRevealAnim.<init>(go/retraceme ee19ec8c009da7af1d458e7d1683a6f5bf3b93b44f6674aa108e1a3e78584fe0:39)
03-04 11:17:01.302   999   999 D StateManager: 	at com.android.launcher3.QuickstepTransitionManager.createWallpaperOpenAnimations(go/retraceme ee19ec8c009da7af1d458e7d1683a6f5bf3b93b44f6674aa108e1a3e78584fe0:168)
03-04 11:17:01.302   999   999 D StateManager: 	at com.android.launcher3.QuickstepTransitionManager$WallpaperOpenLauncherAnimationRunner.onAnimationStart(go/retraceme ee19ec8c009da7af1d458e7d1683a6f5bf3b93b44f6674aa108e1a3e78584fe0:17)
03-04 11:17:01.303   999   999 D b/311077782: LauncherAnimationRunner.setAnimation
03-04 11:17:01.313   855   931 V WindowManagerShell:  animated by com.android.wm.shell.transition.RemoteTransitionHandler@aa9cd08
03-04 11:17:01.341   988   988 D CarrierSvcBindHelper: No carrier app for: 0
03-04 11:17:01.342   617   727 I ImeTracker: com.google.android.apps.nexuslauncher:f18ccc12: onRequestHide at ORIGIN_SERVER reason HIDE_UNSPECIFIED_WINDOW fromUser false
03-04 11:17:01.364   999   999 D InsetsController: hide(ime(), fromIme=false)
03-04 11:17:01.364   999   999 I ImeTracker: com.google.android.apps.nexuslauncher:f18ccc12: onCancelled at PHASE_CLIENT_ALREADY_HIDDEN
03-04 11:17:01.375  5432  5432 I GoogleInputMethodService: GoogleInputMethodService.onFinishInput():2043 
03-04 11:17:01.376  5432  5432 I Module  : DeviceLockedStatusModuleProvider$Module.updateDeviceLockedStatus():100 repeatCheckTimes = 0, locked = false
03-04 11:17:01.376  5432  5432 I GoogleInputMethodService: GoogleInputMethodService.onStartInput():1293 onStartInput(EditorInfo{EditorInfo{packageName=com.google.android.apps.nexuslauncher, inputType=0, inputTypeString=NULL, enableLearning=false, autoCorrection=false, autoComplete=false, imeOptions=0, privateImeOptions=null, actionName=UNSPECIFIED, actionLabel=null, initialSelStart=-1, initialSelEnd=-1, initialCapsMode=0, label=null, fieldId=0, fieldName=null, extras=null, hintText=null, hintLocales=[]}}, false)
03-04 11:17:01.381  5432  5432 I Module  : DeviceLockedStatusModuleProvider$Module.updateDeviceLockedStatus():100 repeatCheckTimes = 1, locked = false
03-04 11:17:01.382   482   482 I BpBinder: onLastStrongRef automatically unlinking death recipients: 
03-04 11:17:01.392   617   728 I system_server: AssetManager2(0xb400007c8c6d90f8) locale list changing from [] to [en-US]
03-04 11:17:01.393  5432  5432 I EmojiCompatManager: EmojiCompatManager.getEmojiCompatIfLoaded():343 EmojiCompat.init() was never called.
03-04 11:17:01.393  5432  5432 I EmojiCompatManager: java.lang.IllegalStateException: EmojiCompat is not initialized. Please call EmojiCompat.init() first
03-04 11:17:01.393  5432  5432 I EmojiCompatManager: 	at asx.p(PG:6)
03-04 11:17:01.393  5432  5432 I EmojiCompatManager: 	at axb.b(PG:13)
03-04 11:17:01.393  5432  5432 I EmojiCompatManager: 	at jnr.b(PG:2)
03-04 11:17:01.393  5432  5432 I EmojiCompatManager: 	at jnr.c(PG:4)
03-04 11:17:01.393  5432  5432 I EmojiCompatManager: 	at jnr.f(PG:3)
03-04 11:17:01.393  5432  5432 I EmojiCompatManager: 	at jnx.c(PG:3)
03-04 11:17:01.393  5432  5432 I EmojiCompatManager: 	at kif.cz(PG:47)
03-04 11:17:01.393  5432  5432 I EmojiCompatManager: 	at lhl.run(PG:1025)
03-04 11:17:01.393  5432  5432 I EmojiCompatManager: 	at jaf.execute(PG:12)
03-04 11:17:01.393  5432  5432 I EmojiCompatManager: 	at nco.v(PG:13)
03-04 11:17:01.393  5432  5432 I EmojiCompatManager: 	at lhn.m(PG:96)
03-04 11:17:01.393  5432  5432 I EmojiCompatManager: 	at lhn.k(PG:25)
03-04 11:17:01.393  5432  5432 I EmojiCompatManager: 	at kgn.onStartInput(PG:250)
03-04 11:17:01.393  5432  5432 I EmojiCompatManager: 	at android.inputmethodservice.InputMethodService.doStartInput(InputMethodService.java:3521)
03-04 11:17:01.393  5432  5432 I EmojiCompatManager: 	at android.inputmethodservice.InputMethodService$InputMethodImpl.startInput(InputMethodService.java:879)
03-04 11:17:01.393  5432  5432 I EmojiCompatManager: 	at android.inputmethodservice.InputMethodService$InputMethodImpl.dispatchStartInput(InputMethodService.java:908)
03-04 11:17:01.393  5432  5432 I EmojiCompatManager: 	at android.inputmethodservice.IInputMethodWrapper.executeMessage(IInputMethodWrapper.java:201)
03-04 11:17:01.393  5432  5432 I EmojiCompatManager: 	at com.android.internal.os.HandlerCaller$MyHandler.handleMessage(HandlerCaller.java:44)
03-04 11:17:01.393  5432  5432 I EmojiCompatManager: 	at android.os.Handler.dispatchMessage(Handler.java:110)
03-04 11:17:01.393  5432  5432 I EmojiCompatManager: 	at android.os.Looper.loopOnce(Looper.java:248)
03-04 11:17:01.393  5432  5432 I EmojiCompatManager: 	at android.os.Looper.loop(Looper.java:338)
03-04 11:17:01.393  5432  5432 I EmojiCompatManager: 	at android.app.ActivityThread.main(ActivityThread.java:9067)
03-04 11:17:01.393  5432  5432 I EmojiCompatManager: 	at java.lang.reflect.Method.invoke(Native Method)
03-04 11:17:01.393  5432  5432 I EmojiCompatManager: 	at com.android.internal.os.RuntimeInit$MethodAndArgsCaller.run(RuntimeInit.java:593)
03-04 11:17:01.393  5432  5432 I EmojiCompatManager: 	at com.android.internal.os.ZygoteInit.main(ZygoteInit.java:932)
03-04 11:17:01.405   617  1749 I ImeTracker: system_server:2a3dce14: onRequestHide at ORIGIN_SERVER reason IME_REQUESTED_CHANGED_LISTENER fromUser false
03-04 11:17:01.405   617  1745 W PackageConfigPersister: App-specific configuration not found for packageName: com.google.android.apps.nexuslauncher and userId: 0
03-04 11:17:01.423   617   654 I ActivityManager: Force stopping com.avrai.app appid=10218 user=-1: deletePackageX
03-04 11:17:01.424   617   648 I ImeTracker: system_server:2a3dce14: onCancelled at PHASE_SERVER_SHOULD_HIDE
03-04 11:17:01.460   617   654 I WindowManager:   Force removing ActivityRecord{155954103 u0 com.avrai.app/.MainActivity t12 f} isExiting}
03-04 11:17:01.461   617   654 W WindowManager: removeAppToken: Attempted to remove non-existing token: Token{37dcdd8 ActivityRecord{155954103 u0 com.avrai.app/.MainActivity t12 f} isExiting}}
03-04 11:17:01.481  1408  1673 I AiAiEcho: Predicting[0]:  [CONTEXT sampling_count=5 ]
03-04 11:17:01.481  1408  1673 I AiAiEcho: EchoTargets: 
03-04 11:17:01.481  1408  1673 I AiAiEcho: Filtered by AiAi flag check: 
03-04 11:17:01.481  1408  1673 I AiAiEcho: [CONTEXT ratelimit_period="10 SECONDS" ]
03-04 11:17:01.495  1408  1673 I AiAiEcho: #remoteViewsTwiddler: feature disabled.
03-04 11:17:01.524  1408  1673 I AiAiEcho: #postPredictionTargets: Sending updates to UISurface home with targets# 0 (types=[])
03-04 11:17:01.590   208   208 I keystore2: system/security/keystore2/src/maintenance.rs:607 - clearNamespace(r#APP, nspace=10218)
03-04 11:17:01.664   999  1031 I s.nexuslauncher: AssetManager2(0xb400007c8c6b7458) locale list changing from [] to [en-US]
03-04 11:17:01.708   617   812 D BackgroundInstallControlService: Package event received: 2
03-04 11:17:01.708   617   812 D BackgroundInstallControlService: handlePackageRemove: removing com.avrai.app from 0
03-04 11:17:01.724   617  1492 E TaskPersister: File error accessing recents directory (directory doesn't exist?).
03-04 11:17:01.811   617   680 I ActivityManager: Force stopping com.avrai.app appid=10218 user=0: pkg removed
03-04 11:17:01.811   617   680 I WindowManager:   Force removing ActivityRecord{155954103 u0 com.avrai.app/.MainActivity t12 f} isExiting}
03-04 11:17:01.811   617   680 W WindowManager: removeAppToken: Attempted to remove non-existing token: Token{37dcdd8 ActivityRecord{155954103 u0 com.avrai.app/.MainActivity t12 f} isExiting}}
03-04 11:17:01.829   999  1031 W HWUI    : Image decoding logging dropped!
03-04 11:17:01.839   617   680 W IPCThreadState: Sending oneway calls to frozen process.
03-04 11:17:01.839   617   680 W IPCThreadState: Sending oneway calls to frozen process.
03-04 11:17:01.840   617   680 W IPCThreadState: Sending oneway calls to frozen process.
03-04 11:17:01.840   617   680 W IPCThreadState: Sending oneway calls to frozen process.
03-04 11:17:01.843   617   680 W IPCThreadState: Sending oneway calls to frozen process.
03-04 11:17:01.843   617   680 W IPCThreadState: Sending oneway calls to frozen process.
03-04 11:17:01.847   617   680 W IPCThreadState: Sending oneway calls to frozen process.
03-04 11:17:01.847   617   680 W IPCThreadState: Sending oneway calls to frozen process.
03-04 11:17:01.847   617   680 W IPCThreadState: Sending oneway calls to frozen process.
03-04 11:17:01.847   617   680 W IPCThreadState: Sending oneway calls to frozen process.
03-04 11:17:01.847   617   680 W IPCThreadState: Sending oneway calls to frozen process.
03-04 11:17:01.847   617   680 W IPCThreadState: Sending oneway calls to frozen process.
03-04 11:17:01.847   617   680 W IPCThreadState: Sending oneway calls to frozen process.
03-04 11:17:01.847   617   680 W IPCThreadState: Sending oneway calls to frozen process.
03-04 11:17:01.847   617   680 W IPCThreadState: Sending oneway calls to frozen process.
03-04 11:17:01.847   617   680 W IPCThreadState: Sending oneway calls to frozen process.
03-04 11:17:01.847   617   680 W IPCThreadState: Sending oneway calls to frozen process.
03-04 11:17:01.847   617   680 W IPCThreadState: Sending oneway calls to frozen process.
03-04 11:17:01.847   617   680 W IPCThreadState: Sending oneway calls to frozen process.
03-04 11:17:01.847   617   680 W IPCThreadState: Sending oneway calls to frozen process.
03-04 11:17:01.852   617   680 W IPCThreadState: Sending oneway calls to frozen process.
03-04 11:17:01.852   617   680 W IPCThreadState: Sending oneway calls to frozen process.
03-04 11:17:01.852   617   680 W IPCThreadState: Sending oneway calls to frozen process.
03-04 11:17:01.852   617   680 W IPCThreadState: Sending oneway calls to frozen process.
03-04 11:17:01.847   999   999 D SsBaseTemplateCard: No text view can be set up
03-04 11:17:01.852   999   999 D SsBaseTemplateCard: Passed-in item info is null
03-04 11:17:01.852   999   999 D SsBaseTemplateCard: Passed-in item info is null
03-04 11:17:01.852   999   999 D SsBaseTemplateCard: Passed-in item info is null
03-04 11:17:01.852   999   999 I SsBaseTemplateCard: Secondary card pane is null
03-04 11:17:01.854   617   680 W IPCThreadState: Sending oneway calls to frozen process.
03-04 11:17:01.854   617   680 W IPCThreadState: Sending oneway calls to frozen process.
03-04 11:17:01.854   617   680 W IPCThreadState: Sending oneway calls to frozen process.
03-04 11:17:01.854   617   680 W IPCThreadState: Sending oneway calls to frozen process.
03-04 11:17:01.854   617   680 W IPCThreadState: Sending oneway calls to frozen process.
03-04 11:17:01.854   617   680 W IPCThreadState: Sending oneway calls to frozen process.
03-04 11:17:01.854   617   680 W IPCThreadState: Sending oneway calls to frozen process.
03-04 11:17:01.854   617   680 W IPCThreadState: Sending oneway calls to frozen process.
03-04 11:17:01.875   617  1492 E TaskPersister: File error accessing recents directory (directory doesn't exist?).
03-04 11:17:01.903   617   732 V StorageManagerService: Package com.avrai.app does not have legacy storage
03-04 11:17:01.921   988   988 D CarrierSvcBindHelper: onPackageRemoved: com.avrai.app
03-04 11:17:01.941   988  1118 I SatelliteAppTracker: onPackageRemoved : com.avrai.app
03-04 11:17:01.943   617   769 E AppOps  : attributionTag VCN not declared in manifest of android
03-04 11:17:01.954   988   988 D CarrierSvcBindHelper: No carrier app for: 0
03-04 11:17:01.957   855   855 D ControlsListingControllerImpl: ServiceConfig reloaded, count: 0
03-04 11:17:01.968   617   755 W WifiService: Couldn't get PackageInfo for package:com.avrai.app
03-04 11:17:01.969   617   755 D WifiService: Remove settings for package:com.avrai.app
03-04 11:17:01.980   617   755 D WifiConfigManager: Remove all networks for app ApplicationInfo{bd7531b com.avrai.app}
03-04 11:17:01.994   617   809 D ShortcutService: received package broadcast intent: Intent { act=android.intent.action.PACKAGE_REMOVED dat=package: flg=0x4000010 (has extras) }
03-04 11:17:01.994   617   809 D ShortcutService: removing package: com.avrai.app userId=0
03-04 11:17:02.014   617   617 W Looper  : Slow dispatch took 133ms main app=system_server main=true group=FOREGROUND h=android.app.ActivityThread$H c=android.app.LoadedApk$ReceiverDispatcher$Args$$ExternalSyntheticLambda0@76ac382 m=0
03-04 11:17:02.026   617   648 I system_server: AssetManager2(0xb400007c8c6d42d8) locale list changing from [] to [en-US]
03-04 11:17:02.030   617   755 I PasspointManager: No app ops listener found for com.avrai.app
03-04 11:17:02.058   617   617 D ActivityManager: sync unfroze 1771 com.android.keychain for 10
03-04 11:17:02.062   617   617 D ActivityManager: sync unfroze 2531 com.android.dynsystem:dynsystem for 10
03-04 11:17:02.068   617   617 D ActivityManager: sync unfroze 2509 com.android.dynsystem for 10
03-04 11:17:02.086   988   988 E SmsApplication: com.google.android.apps.messaging lost android:read_cell_broadcasts:  (fixing)
03-04 11:17:02.088   617  1749 W AppOpService: Ignored setUidMode call for runtime permission app op: uid = 10145, code = READ_CELL_BROADCASTS, mode = allow, callingUid = 1001, oldMode = allow
03-04 11:17:02.095   617   708 I RollbackManager: broadcast=ACTION_PACKAGE_FULLY_REMOVED pkg=com.avrai.app
03-04 11:17:02.112   617   654 D ActivityManager: sync unfroze 4731 com.google.android.documentsui for 3
03-04 11:17:02.126   617   755 W WifiService: Couldn't get PackageInfo for package:com.avrai.app
03-04 11:17:02.142   617   755 D WifiService: Remove settings for package:com.avrai.app
03-04 11:17:02.142   617   755 D WifiConfigManager: Remove all networks for app ApplicationInfo{f460839 com.avrai.app}
03-04 11:17:02.143   617   755 I PasspointManager: No app ops listener found for com.avrai.app
03-04 11:17:02.211  5082  5082 I Finsky  : [2] Memory trim requested to level 40
03-04 11:17:02.213  5082  5082 I Finsky  : [2] Flushing in-memory image cache
03-04 11:17:02.213  5082  5082 I Finsky  : [2] Memory trim requested to level 40
03-04 11:17:02.213  5082  5082 I Finsky  : [2] Flushing in-memory image cache
03-04 11:17:02.213  5082  5082 I Finsky  : [2] aiaq - Received: android.intent.action.PACKAGE_REMOVED, [YDlOVLM_7X6OTQPgU7kkIZw-s1RMDzFcfeLIuFUH9Hc]
03-04 11:17:02.229   617   654 D ActivityManager: sync unfroze 4331 com.android.vending:background for 3
03-04 11:17:02.231   617  1749 W AppOpService: Ignored setUidMode call for runtime permission app op: uid = 1001, code = READ_SMS, mode = allow, callingUid = 1001, oldMode = allow
03-04 11:17:02.239   617  1745 W AppOpService: Ignored setUidMode call for runtime permission app op: uid = 1001, code = RECEIVE_SMS, mode = allow, callingUid = 1001, oldMode = allow
03-04 11:17:02.244   617  1961 W AppOpService: Ignored setUidMode call for runtime permission app op: uid = 1001, code = RECEIVE_WAP_PUSH, mode = allow, callingUid = 1001, oldMode = allow
03-04 11:17:02.245  4331  4331 I Finsky:background: [2] Memory trim requested to level 40
03-04 11:17:02.246  4331  4331 I Finsky:background: [2] Memory trim requested to level 40
03-04 11:17:02.246  4331  4331 I Finsky:background: [2] Memory trim requested to level 40
03-04 11:17:02.246  4331  4331 I Finsky:background: [2] Memory trim requested to level 40
03-04 11:17:02.257   617  1749 W AppOpService: Ignored setUidMode call for runtime permission app op: uid = 1001, code = SEND_SMS, mode = allow, callingUid = 1001, oldMode = allow
03-04 11:17:02.257   617   890 W AppOpService: Ignored setUidMode call for runtime permission app op: uid = 1001, code = READ_CELL_BROADCASTS, mode = allow, callingUid = 1001, oldMode = allow
03-04 11:17:02.285   999   999 D ScalingWorkspaceRevealAnim: alpha of workspace at the end of animation: 1.0
03-04 11:17:02.291   855   931 V WindowManagerShell: Transition animation finished (aborted=false), notifying core (#21) android.os.BinderProxy@cb5f24c@0
03-04 11:17:02.302  4331  4331 I Finsky:background: [2] aiag - Received: android.intent.action.PACKAGE_REMOVED, [YDlOVLM_7X6OTQPgU7kkIZw-s1RMDzFcfeLIuFUH9Hc]
03-04 11:17:02.311   617   645 V WindowManager: Finish Transition (#21): created at 03-04 11:17:01.028 collect-started=0.131ms request-sent=0.257ms started=50.764ms ready=184.807ms sent=193.331ms commit=82.169ms finished=1282.47ms
03-04 11:17:02.312   617  1745 E IPCThreadState: Binder transaction failure. id: 462514, BR_*: 29189, error: -22 (Invalid argument)
03-04 11:17:02.312   617  1745 W ActivityManager: pid 617 system sent binder code 7 with flags 1 to frozen apps and got error -32
03-04 11:17:02.354   617  1745 W WindowManager: Exception thrown during dispatchAppVisibility Window{1a3d203 u0 com.avrai.app/com.avrai.app.MainActivity EXITING}
03-04 11:17:02.354   617  1745 W WindowManager: android.os.DeadObjectException
03-04 11:17:02.354   617  1745 W WindowManager: 	at android.os.BinderProxy.transactNative(Native Method)
03-04 11:17:02.354   617  1745 W WindowManager: 	at android.os.BinderProxy.transact(BinderProxy.java:592)
03-04 11:17:02.354   617  1745 W WindowManager: 	at android.view.IWindow$Stub$Proxy.dispatchAppVisibility(IWindow.java:557)
03-04 11:17:02.354   617  1745 W WindowManager: 	at com.android.server.wm.WindowState.sendAppVisibilityToClients(WindowState.java:3151)
03-04 11:17:02.354   617  1745 W WindowManager: 	at com.android.server.wm.WindowContainer.sendAppVisibilityToClients(WindowContainer.java:1311)
03-04 11:17:02.354   617  1745 W WindowManager: 	at com.android.server.wm.WindowToken.setClientVisible(WindowToken.java:389)
03-04 11:17:02.354   617  1745 W WindowManager: 	at com.android.server.wm.ActivityRecord.setClientVisible(ActivityRecord.java:6650)
03-04 11:17:02.354   617  1745 W WindowManager: 	at com.android.server.wm.ActivityRecord.commitVisibility(ActivityRecord.java:5561)
03-04 11:17:02.354   617  1745 W WindowManager: 	at com.android.server.wm.Transition.finishTransition(Transition.java:1391)
03-04 11:17:02.354   617  1745 W WindowManager: 	at com.android.server.wm.TransitionController.finishTransition(TransitionController.java:1029)
03-04 11:17:02.354   617  1745 W WindowManager: 	at com.android.server.wm.WindowOrganizerController.finishTransition(WindowOrganizerController.java:496)
03-04 11:17:02.354   617  1745 W WindowManager: 	at android.window.IWindowOrganizerController$Stub.onTransact(IWindowOrganizerController.java:261)
03-04 11:17:02.354   617  1745 W WindowManager: 	at com.android.server.wm.WindowOrganizerController.onTransact(WindowOrganizerController.java:223)
03-04 11:17:02.354   617  1745 W WindowManager: 	at android.os.Binder.execTransactInternal(Binder.java:1426)
03-04 11:17:02.354   617  1745 W WindowManager: 	at android.os.Binder.execTransact(Binder.java:1365)
03-04 11:17:02.355   617  1745 W Process : Unable to open /proc/7095/status
03-04 11:17:02.380   617   617 W Looper  : Slow dispatch took 354ms main app=system_server main=true group=FOREGROUND h=android.app.ActivityThread$H c=android.app.LoadedApk$ReceiverDispatcher$Args$$ExternalSyntheticLambda0@c6face1 m=0
03-04 11:17:02.380   617   617 W Looper  : Slow delivery took 499ms main app=system_server main=true group=FOREGROUND h=android.app.ActivityThread$H c=android.app.LoadedApk$ReceiverDispatcher$Args$$ExternalSyntheticLambda0@40b58c7 m=0
03-04 11:17:02.393   617   714 I RoleService: Granting default roles...
03-04 11:17:02.421   617   812 D BackgroundInstallControlService: Package event received: 0
03-04 11:17:02.428  5082  7094 I Finsky  : [249] SCH: Received scheduling request: Id: 12-1, Constraints: [{ L: 15000, D: 86400000, C: CHARGING_NONE, I: IDLE_NONE, N: NET_ANY, B: BATTERY_ANY }]
03-04 11:17:02.463  4731  4736 W oid.documentsui: Suspending all threads took: 16.350ms
03-04 11:17:02.519  5082  5141 I Finsky  : [68] AIM: AppInfoManager-Perf > OnDeviceAppInfo > cacheHitCount=0, cacheMissCount=1. Missed  in cache (limit 10) : [com.avrai.app]
03-04 11:17:02.525  5082  5082 I Finsky  : [2] Clearing split related stale data.
03-04 11:17:02.544  5082  7124 I Finsky  : [259] Asset module storage cleared for package com.avrai.app.
03-04 11:17:02.575  5082  5141 I Finsky  : [68] AIM: Got app ownership map. App counts: . Unique apps: 0
03-04 11:17:02.575  5082  5141 E Finsky  : [68] [Counters] attempted to use a non-positive increment for: 4752
03-04 11:17:02.594   617   617 I Telecom : CarModeTracker: Package com.avrai.app is not tracked.: SSH.oR@AMo
03-04 11:17:02.611   855   931 V WindowManagerShell: Track 0 became idle
03-04 11:17:02.611   855   931 V WindowManagerShell: All active transition animations finished
03-04 11:17:02.612   617   617 I Telecom : InCallController: updateCarModeForConnections: car mode apps: : SSH.oR@AMo
03-04 11:17:02.632   482   482 E BpTransactionCompletedListener: Failed to transact (-32)
03-04 11:17:02.632   482   482 E BpTransactionCompletedListener: Failed to transact (-32)
03-04 11:17:02.636  5082  5141 I Finsky  : [68] AIM: AppInfoManager-Perf > ItemModel > CacheSize=0, cacheHitCount=0, cacheMissCount=1, total appsWithNoServerDataCount=0. Missed  in cache (limit 10) : [com.avrai.app]
03-04 11:17:02.642  5082  5141 I Finsky  : [68] AIM: AppInfoManager-Perf > ItemModel > ItemStore Called 1 apps cacheOptions = USE_CACHE
03-04 11:17:02.645  5082  5141 I Finsky  : [68] AIM: ItemModel fetch - unauth(1), auth()
03-04 11:17:02.651   617   617 I Telecom : InCallController: update carmode current:UserHandle{0} parent:null: SSH.oR@AMo
03-04 11:17:02.651   999   999 D RecentsView: onTaskRemoved: 12, not handling task stack changes
03-04 11:17:02.653   999   999 D RecentsView: onTaskRemoved: 12, not handling task stack changes
03-04 11:17:02.657  5082  5141 I Finsky  : [68] ItemStore: Not cached: com.avrai.app
03-04 11:17:02.671   617   617 W Looper  : Slow dispatch took 177ms main app=system_server main=true group=FOREGROUND h=android.app.ActivityThread$H c=android.app.LoadedApk$ReceiverDispatcher$Args$$ExternalSyntheticLambda0@d09a754 m=0
03-04 11:17:02.672  5082  5082 I Finsky  : [2] Do not start WearSupportService due to Wear service optimization
03-04 11:17:02.699  4331  4331 I Finsky:background: [2] Package no longer installed: com.avrai.app
03-04 11:17:02.732  4331  4331 I Finsky:background: [2] Package no longer installed: com.avrai.app
03-04 11:17:02.733  5082  5082 I Finsky  : [2] aiaq - Received: android.intent.action.PACKAGE_FULLY_REMOVED, [YDlOVLM_7X6OTQPgU7kkIZw-s1RMDzFcfeLIuFUH9Hc]
03-04 11:17:02.733  5082  5082 I Finsky  : [2] aiaq - Deduping intent android.intent.action.PACKAGE_FULLY_REMOVED
03-04 11:17:02.739  5082  5105 I Finsky  : [41] RECEIVER_PACKAGE_MONITOR#logWorkEndAndFinishGoAsync: SUCCESS
03-04 11:17:02.744  5082  5106 I Finsky  : [42] SCH: Received scheduling request: Id: 37-17, Constraints: [{ L: 0, D: 0, C: CHARGING_NONE, I: IDLE_NONE, N: NET_NONE, B: BATTERY_ANY }]
03-04 11:17:02.764   617   617 D AppSearchAppsIndexerManagerS: userid in package receiver: 10218
03-04 11:17:02.780  4331  4331 I Finsky:background: [2] aiag - Received: android.intent.action.PACKAGE_FULLY_REMOVED, [YDlOVLM_7X6OTQPgU7kkIZw-s1RMDzFcfeLIuFUH9Hc]
03-04 11:17:02.784  4331  4331 I Finsky:background: [2] Package no longer installed: com.avrai.app
03-04 11:17:02.784  4331  4331 I Finsky:background: [2] aiag - Deduping intent android.intent.action.PACKAGE_FULLY_REMOVED
03-04 11:17:02.795  4331  4419 I Finsky:background: [55] RECEIVER_PACKAGE_MONITOR_BACKGROUND#logWorkEndAndFinishGoAsync: SUCCESS
03-04 11:17:02.817   617  2951 W SignedPackage: Package doesn't have required signing certificate: com.google.android.retaildemo
03-04 11:17:02.818   617  2951 E RoleControllerServiceImpl: Default/fallback role holder package doesn't qualify for the role, package: com.google.android.gms.supervision, role: android.app.role.SYSTEM_SUPERVISION
03-04 11:17:02.885  4331  7284 I Finsky:background: [148] Frosting DB delete succeeded: true
03-04 11:17:02.885  4331  7284 I Finsky:background: [148] Frosting DB delete succeeded: false
03-04 11:17:02.885  4331  7284 I Finsky:background: [148] Frosting DB delete succeeded: false
03-04 11:17:02.887  4331  4422 I Finsky:background: [56] IQ:PSL: skipping onPackageRemoved(replacing=false) for untracked package=com.avrai.app
03-04 11:17:02.889   617   617 I ConditionProviders: Disallowing condition provider com.avrai.app (userSet: true)
03-04 11:17:02.889   617   617 V ConditionProviders: enabling condition provider for 0: ComponentInfo{com.google.android.apps.wellbeing/com.google.android.apps.wellbeing.azr.impl.AzrConditionProviderService}
03-04 11:17:02.889   617   617 V ConditionProviders: Not registering ComponentInfo{com.google.android.apps.wellbeing/com.google.android.apps.wellbeing.azr.impl.AzrConditionProviderService} is already bound
03-04 11:17:02.910  1392  1392 W MediaProvider: WorkProfileOwnerApps cache is empty
03-04 11:17:02.911   617   617 W Looper  : Slow dispatch took 119ms main app=system_server main=true group=FOREGROUND h=com.android.server.notification.NotificationManagerService$WorkerHandler c=null m=8
03-04 11:17:02.912  5082  5110 I Finsky  : [46] WM::SCH: Logging work initialize for 37-17
03-04 11:17:02.913   617   812 D BackgroundInstallControlService: Package event received: 0
03-04 11:17:02.915  1392  1392 D PickerSyncLockManager: Trying to acquire lock com.android.providers.media.photopicker.sync.CloseableReentrantLock@9b451b7[Unlocked]. Lock Name = CLOUD_PROVIDER_LOCK. Threads that may be waiting to acquire this lock = []
03-04 11:17:02.927  1392  1392 D CloseableReentrantLock: Successfully acquired lock com.android.providers.media.photopicker.sync.CloseableReentrantLock@9b451b7[Locked by thread main]. Lock Name = CLOUD_PROVIDER_LOCK. Threads that may be waiting to acquire this lock = []
03-04 11:17:02.930  5082  5110 I Finsky  : [46] WM::SCH: Logging work initialize for 12-1
03-04 11:17:02.930  1392  1392 D CloseableReentrantLock: Successfully released lock com.android.providers.media.photopicker.sync.CloseableReentrantLock@9b451b7[Unlocked]. Lock Name = CLOUD_PROVIDER_LOCK. Threads that may be waiting to acquire this lock = []
03-04 11:17:02.996  5082  5122 I Finsky  : [55] SCH: Scheduling phonesky job Id: 37-17, CT: 1772644622744, Constraints: [{ L: 0, D: 0, C: CHARGING_NONE, I: IDLE_NONE, N: NET_NONE, B: BATTERY_ANY }, { L: 0, D: 0, C: CHARGING_NONE, I: IDLE_NONE, N: NET_NONE, B: BATTERY_ANY }]
03-04 11:17:03.016  5082  5122 I Finsky  : [55] SCH: Scheduling 1 system job(s)
03-04 11:17:03.016  5082  5122 I Finsky  : [55] SCH: Scheduling expedited system job 9363
03-04 11:17:03.036   617   846 W JobInfo : Job 'com.google.android.providers.media.module/com.android.providers.media.MediaService#-300' has a deadline with no functional constraints. The deadline won't improve job execution latency. Consider removing the deadline.
03-04 11:17:03.038   617   617 W Looper  : Drained
03-04 11:17:03.085   617   654 D ActivityManager: sync unfroze 1292 com.google.android.permissioncontroller for 3
03-04 11:17:03.100  4928  7291 I gle.android.gms: AssetManager2(0xb400007c8c689f58) locale list changing from [] to [en-US]
03-04 11:17:03.163  4331  4418 I Finsky:background: [54] RECEIVER_ENGAGE_PACKAGE_CHANGED#logWorkEndAndFinishGoAsync: SUCCESS
03-04 11:17:03.198  5082  5082 I Finsky  : [2] SCH: job service start with id 9363.
03-04 11:17:03.245  5082  5146 I Finsky  : [72] SCH: Scheduling phonesky job Id: 12-1, CT: 1772644622428, Constraints: [{ L: 15000, D: 86400000, C: CHARGING_NONE, I: IDLE_NONE, N: NET_ANY, B: BATTERY_ANY }]
03-04 11:17:03.262  4331  4331 I Finsky:background: [2] Memory trim requested to level 40
03-04 11:17:03.271  5082  7094 I Finsky  : [249] SCH: Satisfied jobs for 9363 are: 37-17
03-04 11:17:03.280  5082  5146 I Finsky  : [72] SCH: Scheduling 1 system job(s)
03-04 11:17:03.280  5082  5146 I Finsky  : [72] SCH: Scheduling system job Id: 9364, L: 14148, D: 42816219, C: false, I: false, N: 1
03-04 11:17:03.281   617   654 D ActivityManager: sync unfroze 1787 android.process.media for 3
03-04 11:17:03.288   617   639 V SafetySourceDataValidat: Package: com.android.vending has expected signature
03-04 11:17:03.291  5082  7132 I Finsky  : [260] SCH: Job 37-17 starting
03-04 11:17:03.296   617   639 V SafetySourceDataValidat: Package: com.android.vending has expected signature
03-04 11:17:03.301  5082  5082 I Finsky  : [2] WM::SCH: Logging work start for 37-17
03-04 11:17:03.302  5082  5082 I Finsky  : [2] Received an install/uninstall event for package com.avrai.app
03-04 11:17:03.305  5082  5082 I Finsky  : [2] SCH: jobFinished: 37-17. TimeElapsed: 4ms.
03-04 11:17:03.305  5082  5082 I Finsky  : [2] WM::SCH: Logging work end for 37-17
03-04 11:17:03.318   617   731 I system_server: AssetManager2(0xb400007c8c6d4f58) locale list changing from [] to [en-US]
03-04 11:17:03.326  5082  5115 I Finsky  : [51] Not an active Cubes user. Ignoring package install/uninstall event.
03-04 11:17:03.331   617  2951 W SignedPackage: Package doesn't have required signing certificate: com.google.android.apps.work.clouddpc
03-04 11:17:03.339   617   812 D BackgroundInstallControlService: Package event received: 0
03-04 11:17:03.376  1392  1920 I MediaProvider: Begin Intent { act=android.intent.action.PACKAGE_FULLY_REMOVED dat=package: flg=0x5000010 cmp=com.google.android.providers.media.module/com.android.providers.media.MediaService (has extras) }
03-04 11:17:03.377  1392  1920 D MediaProvider: Deleted 0 Android/media items belonging to com.avrai.app on /data/user/0/com.google.android.providers.media.module/databases/external.db
03-04 11:17:03.381  5082  5115 I Finsky  : [51] SCH: Scheduling phonesky job Id: 26-1414141414, CT: 1772643879145, Constraints: [{ L: 43013402, D: 43913402, C: CHARGING_NONE, I: IDLE_NONE, N: NET_NONE, B: BATTERY_ANY }]
03-04 11:17:03.386  5082  5146 I Finsky  : [72] [ContentSync] finished, scheduled=true
03-04 11:17:03.389  5082  5115 I Finsky  : [51] SCH: Scheduling 1 system job(s)
03-04 11:17:03.398  4928  7292 I Blockstore: (REDACTED) [DataStoreImpl] Clearing all the restore credential for %s packages
03-04 11:17:03.414  1425  1425 I fiis    : (REDACTED) O received %s
03-04 11:17:03.422  4928  7292 W Blockstore: [DataStoreImpl] Does not contain gms package key space. [CONTEXT service_id=258 ]
03-04 11:17:03.427  4928  7292 I Blockstore: (REDACTED) [PackageIntentOperation] Deleted restore credential for package %s is successful: %s
03-04 11:17:03.431  5082  5115 W JobInfo : Job 'com.android.vending/com.google.android.finsky.scheduler.process.mainimpl.PhoneskyJobServiceMain#9369' has a deadline with no functional constraints. The deadline won't improve job execution latency. Consider removing the deadline.
03-04 11:17:03.431  5082  5115 I Finsky  : [51] SCH: Scheduling system job Id: 9369, L: 42269116, D: 43169116, C: false, I: false, N: 0
03-04 11:17:03.431   617   638 W JobInfo : Job 'com.android.vending/com.google.android.finsky.scheduler.process.mainimpl.PhoneskyJobServiceMain#9369' has a deadline with no functional constraints. The deadline won't improve job execution latency. Consider removing the deadline.
03-04 11:17:03.436  4928  7292 I Blockstore: (REDACTED) [DataStoreImpl] Clearing all the Blockstore Data for package %s
03-04 11:17:03.444  4928  7292 I Blockstore: (REDACTED) [DataStoreImpl] Clearing all the Blockstore Data for %s packages
03-04 11:17:03.445  4928  7292 I Blockstore: (REDACTED) [DataStoreImpl] Allow listed package: %s
03-04 11:17:03.445  4928  7292 I Blockstore: (REDACTED) [DataStoreImpl] Allow listed package: %s
03-04 11:17:03.445  4928  7292 I Blockstore: (REDACTED) [DataStoreImpl] Allow listed package: %s
03-04 11:17:03.445  4928  7292 I Blockstore: (REDACTED) [DataStoreImpl] Allow listed package: %s
03-04 11:17:03.445  4928  7292 I Blockstore: (REDACTED) [DataStoreImpl] Allow listed package: %s
03-04 11:17:03.445  4928  7292 I Blockstore: (REDACTED) [DataStoreImpl] Removing Blockstore data for packages %s
03-04 11:17:03.473  5082  5146 E Finsky  : [72] ItemStore: getItems RPC failed for item com.avrai.app
03-04 11:17:03.487  4949  7302 I ProximityAuth: [RecentAppsMediator] Package removed: (user=UserHandle{0}) com.avrai.app
03-04 11:17:03.506  4928  7291 W RWIPackageIntentOps: Registries cleared for package: com.avrai.app
03-04 11:17:03.574   617  2951 I Role    : com.google.android.gms not qualified for android.app.role.SYSTEM_DEPENDENCY_INSTALLER due to missing RequiredComponent{mIntentFilterData=IntentFilterData{mAction='android.content.pm.action.INSTALL_DEPENDENCY', mCategories='[]', mDataScheme='null', mDataType='null'}, mMinTargetSdkVersion=1, mFlags='0', mPermission='android.permission.BIND_DEPENDENCY_INSTALLER', mQueryFlags=0, mMetaData=[]}
03-04 11:17:03.575  5082  7132 I Finsky  : [260] SCH: job service finished with id 9363.
03-04 11:17:03.625  4928  6413 I Icing   : doRemovePackageData com.avrai.app
03-04 11:17:03.647   617  2951 E RoleControllerServiceImpl: Default/fallback role holder package doesn't qualify for the role, package: com.google.android.gms, role: android.app.role.SYSTEM_DEPENDENCY_INSTALLER
03-04 11:17:03.667  4928  7291 W SQLiteLog: (28) double-quoted string literal: "com.avrai.app"
03-04 11:17:03.673   617  1578 D SafetySourceDataValidat: No cert check requested for package com.google.android.permissioncontroller
03-04 11:17:03.678  4949  7302 E PhSharedDirectoryWriter: Failed to delete the CE shared dir for Android package: com.avrai.app. [CONTEXT service_id=51 ]
03-04 11:17:03.678  4949  7302 E PhSharedDirectoryWriter: java.lang.IllegalStateException: Failed to delete directory
03-04 11:17:03.678  4949  7302 E PhSharedDirectoryWriter: 	at gurs.r(:com.google.android.gms@260834035@26.08.34 (260400-876566425):10)
03-04 11:17:03.678  4949  7302 E PhSharedDirectoryWriter: 	at eumx.a(:com.google.android.gms@260834035@26.08.34 (260400-876566425):87)
