03-04 11:16:49.448   923   988 V WindowManagerShell:  Checking filter Pair{{types=[] flags=0x0] notFlags=0x0 checks=[{atype=undefined independent=true modes=[CLOSE,TO_BACK] flags=IN_TASK_WITH_EMBEDDED_ACTIVITY mustBeTask=false order=ANY topActivity=null launchCookie=null taskFragmentToken=android.os.BinderProxy@930dff windowingMode=undefined}]} RemoteTransition { remoteTransition = android.window.IRemoteTransition$Stub$Proxy@f1ad7cc, appThread = android.app.IApplicationThread$Stub$Proxy@ff63a15, debugName = overlayBackTransition }}
03-04 11:16:49.448   923   988 V WindowManagerShell:  Checking filter Pair{{types=[] flags=0x0] notFlags=0x0 checks=[{atype=dream independent=true modes=[OPEN,TO_FRONT] flags=NONE mustBeTask=false order=ANY topActivity=null launchCookie=null windowingMode=undefined},{atype=home independent=true modes=[CLOSE,TO_BACK] flags=NONE mustBeTask=false order=ANY topActivity=null launchCookie=null windowingMode=undefined}]} RemoteTransition { remoteTransition = android.window.IRemoteTransition$Stub$Proxy@2c7512a, appThread = android.app.IApplicationThread$Stub$Proxy@a148b1b, debugName = LauncherToDream }}
03-04 11:16:49.448   923   988 V WindowManagerShell:  Checking filter Pair{{types=[] flags=0x0] notFlags=0x100 checks=[{atype=home independent=true modes=[OPEN,TO_FRONT] flags=NONE mustBeTask=false order=TOP topActivity=ComponentInfo{com.google.android.apps.nexuslauncher/com.google.android.apps.nexuslauncher.NexusLauncherActivity} launchCookie=null windowingMode=undefined},{atype=standard independent=true modes=[CLOSE,TO_BACK] flags=NONE mustBeTask=false order=ANY topActivity=null launchCookie=null windowingMode=undefined},{NOT atype=undefined independent=true modes=[] flags=NONE mustBeTask=true order=ANY topActivity=null launchCookie=null customAnim=true windowingMode=undefined}]} RemoteTransition { remoteTransition = android.window.IRemoteTransition$Stub$Proxy@f03a4b8, appThread = android.app.IApplicationThread$Stub$Proxy@f0d6291, debugName = QuickstepLaunchHome }}
03-04 11:16:49.448   923   988 V WindowManagerShell:  Delegate animation for (#18) to null
03-04 11:16:49.448   923   988 V WindowManagerShell: start default transition animation, info = {id=18 t=OPEN f=0x0 trk=0 r=[0@Point(0, 0)] c=[{m=OPEN f=NONE leash=Surface(name=Task=11)/@0x77d89d8 sb=Rect(0, 0 - 1080, 2400) eb=Rect(0, 0 - 1080, 2400) epz=Point(1080, 2400) d=0 taskParent=-1},{m=TO_BACK f=SHOW_WALLPAPER leash=Surface(name=Task=1)/@0x583b131 sb=Rect(0, 0 - 1080, 2400) eb=Rect(0, 0 - 1080, 2400) epz=Point(1080, 2400) d=0 taskParent=-1},{m=TO_BACK f=IS_WALLPAPER leash=Surface(name=WallpaperWindowToken{191073a showWhenLocked=false})/@0x5f59016 sb=Rect(0, 0 - 1080, 2400) eb=Rect(0, 0 - 1080, 2400) epz=Point(1080, 2400) d=0}]}
03-04 11:16:49.473  5238  5238 D nativeloader: Load libframework-connectivity-tiramisu-jni.so using APEX ns com_android_tethering for caller /apex/com.android.tethering/javalib/framework-connectivity-t.jar: ok
03-04 11:16:49.486   923   988 V WindowManagerShell: loadAnimation: anim=android.view.animation.AnimationSet@e312f6d animAttr=0x13 type=OPEN isEntrance=false
03-04 11:16:49.505  2671  2671 I Finsky  : [2] SCH: job service start with id 9336.
03-04 11:16:49.505   923   988 V WindowManagerShell: loadAnimation: anim=android.view.animation.AnimationSet@2b297a2 animAttr=0x12 type=OPEN isEntrance=true
03-04 11:16:49.510  1473  1854 I ogle.android.as: AssetManager2(0xb4000075e9d202f8) locale list changing from [] to [en-US]
03-04 11:16:49.510   923   988 V WindowManagerShell:  animated by com.android.wm.shell.transition.DefaultTransitionHandler@980975b
03-04 11:16:49.534  2671  5206 I Finsky  : [240] SCH: Satisfied jobs for 9336 are: 37-17
03-04 11:16:49.552  1473  1854 I ogle.android.as: AssetManager2(0xb4000075e9d13198) locale list changing from [] to [en-US]
03-04 11:16:49.592  2671  5264 I Finsky  : [250] SCH: Job 37-17 starting
03-04 11:16:49.609   673   718 I system_server: AssetManager2(0xb4000075e9d19598) locale list changing from [] to [en-US]
03-04 11:16:49.609  2671  2671 I Finsky  : [2] WM::SCH: Logging work start for 37-17
03-04 11:16:49.610   673   878 D BackgroundInstallControlService: Package event received: 0
03-04 11:16:49.616   673   803 W MagnificationConnectionManager: requestConnection duplicated request: connect=false, mConnectionState=DISCONNECTED
03-04 11:16:49.617   673   673 W IPCThreadState: Sending oneway calls to frozen process.
03-04 11:16:49.621   673   673 W IPCThreadState: Sending oneway calls to frozen process.
03-04 11:16:49.621   673   673 W IPCThreadState: Sending oneway calls to frozen process.
03-04 11:16:49.622   673   673 W IPCThreadState: Sending oneway calls to frozen process.
03-04 11:16:49.622  2671  2671 I Finsky  : [2] Received an install/uninstall event for package com.avrai.app
03-04 11:16:49.624   673   673 W IPCThreadState: Sending oneway calls to frozen process.
03-04 11:16:49.634  2671  2671 I Finsky  : [2] SCH: jobFinished: 37-17. TimeElapsed: 25ms.
03-04 11:16:49.635  2671  2671 I Finsky  : [2] WM::SCH: Logging work end for 37-17
03-04 11:16:49.649  2671  2754 I Finsky  : [53] Not an active Cubes user. Ignoring package install/uninstall event.
03-04 11:16:49.651  1638  5244 I Icing   : Usage reports ok 0, Failed Usage reports 0, indexed 0, rejected 0
03-04 11:16:49.660  1638  1900 I Icing   : IndexChimeraService.getServiceInterface callingPackage=com.google.android.gms componentName=null serviceId=30
03-04 11:16:49.678   673  1957 W ActivityManager: Slow operation: 54ms so far, now at attachApplicationLocked: immediately after bindApplication
03-04 11:16:49.678   673  1957 W ActivityManager: Slow operation: 54ms so far, now at attachApplicationLocked: after updateLruProcessLocked
03-04 11:16:49.681  2671  2769 I Finsky  : [56] SCH: Scheduling phonesky job Id: 26-1414141414, CT: 1772643627950, Constraints: [{ L: 43200000, D: 44100000, C: CHARGING_NONE, I: IDLE_NONE, N: NET_NONE, B: BATTERY_ANY }]
03-04 11:16:49.688   673  1957 W ActivityManager: Slow operation: 64ms so far, now at attachApplicationLocked: after updateOomAdjLocked
03-04 11:16:49.702   673   878 D BackgroundInstallControlService: Package event received: 0
03-04 11:16:49.702   673   878 D BackgroundInstallControlService: Package event received: 0
03-04 11:16:49.703  2671  2767 I Finsky  : [55] SCH: Scheduling 1 system job(s)
03-04 11:16:49.703  2671  2767 W JobInfo : Job 'com.android.vending/com.google.android.finsky.scheduler.process.mainimpl.PhoneskyJobServiceMain#9341' has a deadline with no functional constraints. The deadline won't improve job execution latency. Consider removing the deadline.
03-04 11:16:49.703  2671  2767 I Finsky  : [55] SCH: Scheduling system job Id: 9341, L: 42218247, D: 43118247, C: false, I: false, N: 0
03-04 11:16:49.704   673   705 W JobInfo : Job 'com.android.vending/com.google.android.finsky.scheduler.process.mainimpl.PhoneskyJobServiceMain#9341' has a deadline with no functional constraints. The deadline won't improve job execution latency. Consider removing the deadline.
03-04 11:16:49.716  1473  1854 I ogle.android.as: AssetManager2(0xb4000075e9d0ae58) locale list changing from [] to [en-US]
03-04 11:16:49.721  1473  1854 I AiAiEcho: EchoSearch: WidgetFetcherImpl is initialized with [34] widgets [reason=package added for userId: 0]
03-04 11:16:49.767  2671  5264 I Finsky  : [250] SCH: job service finished with id 9336.
03-04 11:16:49.773  2671  2671 I Finsky  : [2] Memory trim requested to level 40
03-04 11:16:49.773  2671  2671 I Finsky  : [2] Flushing in-memory image cache
03-04 11:16:49.788   673   718 I system_server: AssetManager2(0xb4000075e9d93078) locale list changing from [] to [en-US]
03-04 11:16:49.802  1638  5147 I gle.android.gms: AssetManager2(0xb4000075e9cffc38) locale list changing from [] to [en-US]
03-04 11:16:49.815  1638  5244 I Icing   : Usage reports ok 0, Failed Usage reports 0, indexed 0, rejected 0
03-04 11:16:49.817  1473  5194 I AiAiEcho: AppIndexer Package:[com.avrai.app] UserProfile:[0] Enabled:[true].
03-04 11:16:49.818  1473  5194 I AiAiEcho: AppFetcherImplV2 updateApps package:[com.avrai.app], userId:[0], reason:[package is updated.].
03-04 11:16:49.818  1076  1118 D PackageUpdatedTask: Package updated: mOp=UPDATE packages=[com.avrai.app], user=UserHandle{0}
03-04 11:16:49.834   923   988 V WindowManagerShell: Transition animation finished (aborted=false), notifying core (#18) android.os.BinderProxy@5823590@0
03-04 11:16:49.842   673   710 V WindowManager: Finish Transition (#18): created at 03-04 11:16:48.867 collect-started=0.119ms request-sent=93.579ms started=104.038ms ready=309.445ms sent=398.983ms commit=248.776ms finished=972.728ms
03-04 11:16:49.854  1076  1076 D VRI[NexusLauncherActivity]: visibilityChanged oldVisibility=true newVisibility=false
03-04 11:16:49.856   923   988 V WindowManagerShell: Track 0 became idle
03-04 11:16:49.856   923   988 V WindowManagerShell: All active transition animations finished
03-04 11:16:49.861  1638  5244 I Icing   : Indexing com.google.android.gms-apps from com.google.android.gms
03-04 11:16:49.871  1076  1076 D NexusLauncherModelDelegate: notifySmartspaceEvent: SmartspaceTargetEvent{mSmartspaceTarget=null, mSmartspaceActionId='null', mEventType=7}
03-04 11:16:49.877  1076  1118 W HWUI    : Image decoding logging dropped!
03-04 11:16:49.887  5238  5238 D ApplicationLoaders: Returning zygote-cached class loader: /system_ext/framework/androidx.window.extensions.jar
03-04 11:16:49.887  5238  5238 D ApplicationLoaders: Returning zygote-cached class loader: /system_ext/framework/androidx.window.sidecar.jar
03-04 11:16:49.938  1638  5244 I Icing   : Indexing done com.google.android.gms-apps
03-04 11:16:49.939  1638  5244 I Icing   : Indexing com.google.android.gms-apps from com.google.android.gms
03-04 11:16:49.940  1638  5244 I Icing   : Indexing done com.google.android.gms-apps
03-04 11:16:49.986  1076  1118 W HWUI    : Image decoding logging dropped!
03-04 11:16:49.992  1076  1118 D AlphabeticIndexCompat: computeSectionName: cs: AVRAI sectionName: A
03-04 11:16:49.995  1076  1076 D AllAppsStore: setApps: apps.length=20
03-04 11:16:49.995  1076  1076 D AllAppsStore: notifyUpdate: notifying listeners
03-04 11:16:49.995  1076  1076 D ActivityAllAppsContainerView: onAppsUpdated; number of apps: 20
03-04 11:16:49.995  1076  1076 D ActivityAllAppsContainerView: rebindAdapters: force: false
03-04 11:16:49.995  1076  1076 D ActivityAllAppsContainerView: rebindAdapters: Not needed.
03-04 11:16:49.995  1076  1076 D StatsLog: LAUNCHER_ALLAPPS_COUNT
03-04 11:16:49.995  1076  1076 D AlphabeticalAppsList: Clearing FastScrollerSections.
03-04 11:16:49.995  1076  1076 D AlphabeticalAppsList: Adding apps with sections. HasPrivateApps: false
03-04 11:16:49.995  1076  1076 D AlphabeticalAppsList: addAppsWithSections: adding sectionName: A with appInfoTitle: AVRAI
03-04 11:16:49.995  1076  1076 D AlphabeticalAppsList: addAppsWithSections: adding sectionName: C with appInfoTitle: Calendar
03-04 11:16:49.995  1076  1076 D AlphabeticalAppsList: addAppsWithSections: adding sectionName: D with appInfoTitle: Drive
03-04 11:16:49.995  1076  1076 D AlphabeticalAppsList: addAppsWithSections: adding sectionName: F with appInfoTitle: Files
03-04 11:16:49.995  1076  1076 D AlphabeticalAppsList: addAppsWithSections: adding sectionName: G with appInfoTitle: Gmail
03-04 11:16:49.995  1076  1076 D AlphabeticalAppsList: addAppsWithSections: adding sectionName: M with appInfoTitle: Maps
03-04 11:16:49.995  1076  1076 D AlphabeticalAppsList: addAppsWithSections: adding sectionName: P with appInfoTitle: Phone
03-04 11:16:49.995  1076  1076 D AlphabeticalAppsList: addAppsWithSections: adding sectionName: S with appInfoTitle: Safety
03-04 11:16:49.995  1076  1076 D AlphabeticalAppsList: addAppsWithSections: adding sectionName: T with appInfoTitle: TMoble
03-04 11:16:49.995  1076  1076 D AlphabeticalAppsList: addAppsWithSections: adding sectionName: Y with appInfoTitle: YouTube
03-04 11:16:49.995  1076  1076 D AlphabeticalAppsList: Adding FastScrollSection duplicate to scroll to the bottom.
03-04 11:16:49.996  1076  1076 D AlphabeticalAppsList: Clearing FastScrollerSections.
03-04 11:16:49.996  1076  1076 D AlphabeticalAppsList: Adding apps with sections. HasPrivateApps: false
03-04 11:16:49.996  1076  1076 D AlphabeticalAppsList: addAppsWithSections: adding sectionName: A with appInfoTitle: AVRAI
03-04 11:16:49.996  1076  1076 D AlphabeticalAppsList: addAppsWithSections: adding sectionName: C with appInfoTitle: Calendar
03-04 11:16:49.996  1076  1076 D AlphabeticalAppsList: addAppsWithSections: adding sectionName: D with appInfoTitle: Drive
03-04 11:16:49.996  1076  1076 D AlphabeticalAppsList: addAppsWithSections: adding sectionName: F with appInfoTitle: Files
03-04 11:16:49.996  1076  1076 D AlphabeticalAppsList: addAppsWithSections: adding sectionName: G with appInfoTitle: Gmail
03-04 11:16:49.996  1076  1076 D AlphabeticalAppsList: addAppsWithSections: adding sectionName: M with appInfoTitle: Maps
03-04 11:16:49.996  1076  1076 D AlphabeticalAppsList: addAppsWithSections: adding sectionName: P with appInfoTitle: Phone
03-04 11:16:49.996  1076  1076 D AlphabeticalAppsList: addAppsWithSections: adding sectionName: S with appInfoTitle: Safety
03-04 11:16:49.996  1076  1076 D AlphabeticalAppsList: addAppsWithSections: adding sectionName: T with appInfoTitle: TMoble
03-04 11:16:49.996  1076  1076 D AlphabeticalAppsList: addAppsWithSections: adding sectionName: Y with appInfoTitle: YouTube
03-04 11:16:49.996  1076  1076 D AlphabeticalAppsList: Adding FastScrollSection duplicate to scroll to the bottom.
03-04 11:16:50.011  1076  1076 D b/387844520: getOutlineOffsetX: measured width = 173, mNormalizedIconSize = 159, last updated width = 173
03-04 11:16:50.025  1410  1499 I .apps.wellbeing: AssetManager2(0xb4000075e9d0ae58) locale list changing from [] to [en-US]
03-04 11:16:50.029  1410  1499 I .apps.wellbeing: AssetManager2(0xb4000075e9d0f958) locale list changing from [] to [en-US]
03-04 11:16:50.049  1410  1499 I .apps.wellbeing: AssetManager2(0xb4000075e9d1b7f8) locale list changing from [] to [en-US]
03-04 11:16:50.054  1410  1499 I .apps.wellbeing: AssetManager2(0xb4000075e9cf78f8) locale list changing from [] to [en-US]
03-04 11:16:50.085  1410  1499 I .apps.wellbeing: AssetManager2(0xb4000075e9d1ab78) locale list changing from [] to [en-US]
03-04 11:16:50.091  1410  1499 I .apps.wellbeing: AssetManager2(0xb4000075e9cf78f8) locale list changing from [] to [en-US]
03-04 11:16:50.106  1410  1499 I .apps.wellbeing: AssetManager2(0xb4000075e9cfa4b8) locale list changing from [] to [en-US]
03-04 11:16:50.118  1410  1499 I .apps.wellbeing: AssetManager2(0xb4000075e9d0c438) locale list changing from [] to [en-US]
03-04 11:16:50.121  1410  1499 I .apps.wellbeing: AssetManager2(0xb4000075e9d0ae58) locale list changing from [] to [en-US]
03-04 11:16:50.124  1410  1499 I .apps.wellbeing: AssetManager2(0xb4000075e9d0c758) locale list changing from [] to [en-US]
03-04 11:16:50.127  1410  1499 I .apps.wellbeing: AssetManager2(0xb4000075e9d16078) locale list changing from [] to [en-US]
03-04 11:16:50.130  1410  1499 I .apps.wellbeing: AssetManager2(0xb4000075e9cfd078) locale list changing from [] to [en-US]
03-04 11:16:50.134  1410  1499 I .apps.wellbeing: AssetManager2(0xb4000075e9d00278) locale list changing from [] to [en-US]
03-04 11:16:50.137  1410  1499 I .apps.wellbeing: AssetManager2(0xb4000075e9d14a98) locale list changing from [] to [en-US]
03-04 11:16:50.178  1410  1499 I .apps.wellbeing: AssetManager2(0xb4000075e9d02b18) locale list changing from [] to [en-US]
03-04 11:16:50.193  1410  1499 I .apps.wellbeing: AssetManager2(0xb4000075e9d1ae98) locale list changing from [] to [en-US]
03-04 11:16:50.214  1410  1499 I .apps.wellbeing: AssetManager2(0xb4000075e9d0f958) locale list changing from [] to [en-US]
03-04 11:16:50.237  1410  1499 I .apps.wellbeing: AssetManager2(0xb4000075e9d0ecd8) locale list changing from [] to [en-US]
03-04 11:16:50.242  1410  1499 I .apps.wellbeing: AssetManager2(0xb4000075e9d102b8) locale list changing from [] to [en-US]
03-04 11:16:50.249  1410  1499 I .apps.wellbeing: AssetManager2(0xb4000075e9d11ed8) locale list changing from [] to [en-US]
03-04 11:16:50.260  1410  1499 I .apps.wellbeing: AssetManager2(0xb4000075e9d09eb8) locale list changing from [] to [en-US]
03-04 11:16:50.264  1410  1499 I .apps.wellbeing: AssetManager2(0xb4000075e9d137d8) locale list changing from [] to [en-US]
03-04 11:16:50.269  1410  1499 I .apps.wellbeing: AssetManager2(0xb4000075e9cfc718) locale list changing from [] to [en-US]
03-04 11:16:50.386  1410  1499 I .apps.wellbeing: AssetManager2(0xb4000075e9cf9b58) locale list changing from [] to [en-US]
03-04 11:16:50.394  1410  1499 I .apps.wellbeing: AssetManager2(0xb4000075e9d17fb8) locale list changing from [] to [en-US]
03-04 11:16:50.398  1410  1499 I .apps.wellbeing: AssetManager2(0xb4000075e9d1a218) locale list changing from [] to [en-US]
03-04 11:16:50.402  1410  1499 I .apps.wellbeing: AssetManager2(0xb4000075e9cfd9d8) locale list changing from [] to [en-US]
03-04 11:16:50.409  1410  1499 I .apps.wellbeing: AssetManager2(0xb4000075e9d04418) locale list changing from [] to [en-US]
03-04 11:16:50.413  1410  1499 I .apps.wellbeing: AssetManager2(0xb4000075e9d0e9b8) locale list changing from [] to [en-US]
03-04 11:16:50.420  1410  1499 I .apps.wellbeing: AssetManager2(0xb4000075e9cff5f8) locale list changing from [] to [en-US]
03-04 11:16:50.429  1410  1499 I .apps.wellbeing: AssetManager2(0xb4000075e9d16398) locale list changing from [] to [en-US]
03-04 11:16:50.436  1410  1499 I .apps.wellbeing: AssetManager2(0xb4000075e9d17978) locale list changing from [] to [en-US]
03-04 11:16:50.447  1410  1499 I .apps.wellbeing: AssetManager2(0xb4000075e9d150d8) locale list changing from [] to [en-US]
03-04 11:16:50.454  1410  1499 I .apps.wellbeing: AssetManager2(0xb4000075e9d11258) locale list changing from [] to [en-US]
03-04 11:16:50.457  1410  1499 I .apps.wellbeing: AssetManager2(0xb4000075e9d15718) locale list changing from [] to [en-US]
03-04 11:16:50.482  1410  1499 I .apps.wellbeing: AssetManager2(0xb4000075e9d06998) locale list changing from [] to [en-US]
03-04 11:16:50.490  1410  1499 I .apps.wellbeing: AssetManager2(0xb4000075e9d12838) locale list changing from [] to [en-US]
03-04 11:16:50.547  1410  1499 I .apps.wellbeing: AssetManager2(0xb4000075e9cfec98) locale list changing from [] to [en-US]
03-04 11:16:50.565  1410  1499 I .apps.wellbeing: AssetManager2(0xb4000075e9d0b178) locale list changing from [] to [en-US]
03-04 11:16:50.571  1410  1499 I .apps.wellbeing: AssetManager2(0xb4000075e9d00bd8) locale list changing from [] to [en-US]
03-04 11:16:50.574  1410  1499 I .apps.wellbeing: AssetManager2(0xb4000075e9d17658) locale list changing from [] to [en-US]
03-04 11:16:50.580  1410  1499 I .apps.wellbeing: AssetManager2(0xb4000075e9cf9518) locale list changing from [] to [en-US]
03-04 11:16:50.586  1410  1499 I .apps.wellbeing: AssetManager2(0xb4000075e9d11bb8) locale list changing from [] to [en-US]
03-04 11:16:50.589  1410  1499 I .apps.wellbeing: AssetManager2(0xb4000075e9d108f8) locale list changing from [] to [en-US]
03-04 11:16:50.632  1410  1499 I .apps.wellbeing: AssetManager2(0xb4000075e9d10f38) locale list changing from [] to [en-US]
03-04 11:16:50.645  1410  1499 I .apps.wellbeing: AssetManager2(0xb4000075e9d16cf8) locale list changing from [] to [en-US]
03-04 11:16:50.662  1410  1499 I .apps.wellbeing: AssetManager2(0xb4000075e9d0da18) locale list changing from [] to [en-US]
03-04 11:16:50.670  1060  1260 D SatelliteController: iisInCarrierRoamingNbIotNtn: satellite is disabled
03-04 11:16:50.673  1410  1499 I .apps.wellbeing: AssetManager2(0xb4000075e9cf6c78) locale list changing from [] to [en-US]
03-04 11:16:50.683  1410  1499 I .apps.wellbeing: AssetManager2(0xb4000075e9d06fd8) locale list changing from [] to [en-US]
03-04 11:16:50.690  1410  1499 I .apps.wellbeing: AssetManager2(0xb4000075e9cfdcf8) locale list changing from [] to [en-US]
03-04 11:16:50.696  1410  1499 I .apps.wellbeing: AssetManager2(0xb4000075e9cfa198) locale list changing from [] to [en-US]
03-04 11:16:50.702  1410  1499 I .apps.wellbeing: AssetManager2(0xb4000075e9d0e058) locale list changing from [] to [en-US]
03-04 11:16:50.725  1410  1499 I .apps.wellbeing: AssetManager2(0xb4000075e9d0f318) locale list changing from [] to [en-US]
03-04 11:16:50.736  1410  1499 I .apps.wellbeing: AssetManager2(0xb4000075e9cf5378) locale list changing from [] to [en-US]
03-04 11:16:50.744  1410  1499 I .apps.wellbeing: AssetManager2(0xb4000075e9d0e698) locale list changing from [] to [en-US]
03-04 11:16:50.754  1410  1499 I .apps.wellbeing: AssetManager2(0xb4000075e9d1bb18) locale list changing from [] to [en-US]
03-04 11:16:50.757  1410  1499 I .apps.wellbeing: AssetManager2(0xb4000075e9d13af8) locale list changing from [] to [en-US]
03-04 11:16:50.771  1410  1499 I .apps.wellbeing: AssetManager2(0xb4000075e9d17c98) locale list changing from [] to [en-US]
03-04 11:16:50.783  1410  1499 I .apps.wellbeing: AssetManager2(0xb4000075e9cfca38) locale list changing from [] to [en-US]
03-04 11:16:50.842  1410  1499 I .apps.wellbeing: AssetManager2(0xb4000075e9d0d3d8) locale list changing from [] to [en-US]
03-04 11:16:50.855  1410  1499 I .apps.wellbeing: AssetManager2(0xb4000075e9d03dd8) locale list changing from [] to [en-US]
03-04 11:16:50.858  1410  1499 I .apps.wellbeing: AssetManager2(0xb4000075e9d13e18) locale list changing from [] to [en-US]
03-04 11:16:50.871  1410  1499 I .apps.wellbeing: AssetManager2(0xb4000075e9d05d18) locale list changing from [] to [en-US]
03-04 11:16:50.888  1410  1499 I .apps.wellbeing: AssetManager2(0xb4000075e9d10c18) locale list changing from [] to [en-US]
03-04 11:16:50.900  1410  1499 I .apps.wellbeing: AssetManager2(0xb4000075e9d0a1d8) locale list changing from [] to [en-US]
03-04 11:16:50.905  1410  1499 I .apps.wellbeing: AssetManager2(0xb4000075e9d11578) locale list changing from [] to [en-US]
03-04 11:16:50.911  1410  1499 I .apps.wellbeing: AssetManager2(0xb4000075e9d0e378) locale list changing from [] to [en-US]
03-04 11:16:50.918  1410  1499 I .apps.wellbeing: AssetManager2(0xb4000075e9d12b58) locale list changing from [] to [en-US]
03-04 11:16:50.922  1410  1499 I .apps.wellbeing: AssetManager2(0xb4000075e9d11898) locale list changing from [] to [en-US]
03-04 11:16:50.927  1410  1499 I .apps.wellbeing: AssetManager2(0xb4000075e9d0bad8) locale list changing from [] to [en-US]
03-04 11:16:50.934  1410  1499 I .apps.wellbeing: AssetManager2(0xb4000075e9d0a4f8) locale list changing from [] to [en-US]
03-04 11:16:50.942  1410  1499 I .apps.wellbeing: AssetManager2(0xb4000075e9d0d0b8) locale list changing from [] to [en-US]
03-04 11:16:50.946  1410  1499 I .apps.wellbeing: AssetManager2(0xb4000075e9d0eff8) locale list changing from [] to [en-US]
03-04 11:16:50.950  1410  1499 I .apps.wellbeing: AssetManager2(0xb4000075e9d121f8) locale list changing from [] to [en-US]
03-04 11:16:50.953  1410  1499 I .apps.wellbeing: AssetManager2(0xb4000075e9d04738) locale list changing from [] to [en-US]
03-04 11:16:50.970  1410  1499 I .apps.wellbeing: AssetManager2(0xb4000075e9d072f8) locale list changing from [] to [en-US]
03-04 11:16:50.975  1410  1499 I .apps.wellbeing: AssetManager2(0xb4000075e9d09558) locale list changing from [] to [en-US]
03-04 11:16:50.979  1410  1499 I .apps.wellbeing: AssetManager2(0xb4000075e9d0ff98) locale list changing from [] to [en-US]
03-04 11:16:50.982  1410  1499 I .apps.wellbeing: AssetManager2(0xb4000075e9d09b98) locale list changing from [] to [en-US]
03-04 11:16:50.984  1410  1499 I .apps.wellbeing: AssetManager2(0xb4000075e9d059f8) locale list changing from [] to [en-US]
03-04 11:16:50.989  1410  1499 I .apps.wellbeing: AssetManager2(0xb4000075e9d07c58) locale list changing from [] to [en-US]
03-04 11:16:50.994  1410  1499 I .apps.wellbeing: AssetManager2(0xb4000075e9d05098) locale list changing from [] to [en-US]
03-04 11:16:50.998  1410  1499 I .apps.wellbeing: AssetManager2(0xb4000075e9d09878) locale list changing from [] to [en-US]
03-04 11:16:51.001  1410  1499 I .apps.wellbeing: AssetManager2(0xb4000075e9d04a58) locale list changing from [] to [en-US]
03-04 11:16:51.004  1410  1499 I .apps.wellbeing: AssetManager2(0xb4000075e9d09238) locale list changing from [] to [en-US]
03-04 11:16:51.008  1410  1499 I .apps.wellbeing: AssetManager2(0xb4000075e9d08f18) locale list changing from [] to [en-US]
03-04 11:16:51.017  1410  1499 I .apps.wellbeing: AssetManager2(0xb4000075e9cfe658) locale list changing from [] to [en-US]
03-04 11:16:51.022  1410  1499 I .apps.wellbeing: AssetManager2(0xb4000075e9d06038) locale list changing from [] to [en-US]
03-04 11:16:51.033  1410  1499 I .apps.wellbeing: AssetManager2(0xb4000075e9d085b8) locale list changing from [] to [en-US]
03-04 11:16:51.038  1410  1499 I .apps.wellbeing: AssetManager2(0xb4000075e9d0bdf8) locale list changing from [] to [en-US]
03-04 11:16:51.046  1410  1499 I .apps.wellbeing: AssetManager2(0xb4000075e9d0b7b8) locale list changing from [] to [en-US]
03-04 11:16:51.054  1410  1499 I .apps.wellbeing: AssetManager2(0xb4000075e9d01538) locale list changing from [] to [en-US]
03-04 11:16:51.062  1410  1499 I .apps.wellbeing: AssetManager2(0xb4000075e9d01e98) locale list changing from [] to [en-US]
03-04 11:16:51.070  1410  1499 I .apps.wellbeing: AssetManager2(0xb4000075e9cfcd58) locale list changing from [] to [en-US]
03-04 11:16:51.098  1410  1499 I .apps.wellbeing: AssetManager2(0xb4000075e9d01218) locale list changing from [] to [en-US]
03-04 11:16:51.104  1410  1499 I .apps.wellbeing: AssetManager2(0xb4000075e9d02e38) locale list changing from [] to [en-US]
03-04 11:16:51.125  1410  1499 I .apps.wellbeing: AssetManager2(0xb4000075e9cfff58) locale list changing from [] to [en-US]
03-04 11:16:51.132  1410  1499 I .apps.wellbeing: AssetManager2(0xb4000075e9d008b8) locale list changing from [] to [en-US]
03-04 11:16:51.177  1410  1499 I .apps.wellbeing: AssetManager2(0xb4000075e9cfbdb8) locale list changing from [] to [en-US]
03-04 11:16:51.187  1410  1499 I .apps.wellbeing: AssetManager2(0xb4000075e9d027f8) locale list changing from [] to [en-US]
03-04 11:16:51.191  1410  1499 I .apps.wellbeing: AssetManager2(0xb4000075e9cfd398) locale list changing from [] to [en-US]
03-04 11:16:51.202  1410  1499 I .apps.wellbeing: AssetManager2(0xb4000075e9cff918) locale list changing from [] to [en-US]
03-04 11:16:51.219  1410  1499 I .apps.wellbeing: AssetManager2(0xb4000075e9cfb458) locale list changing from [] to [en-US]
03-04 11:16:51.233  1410  1499 I .apps.wellbeing: AssetManager2(0xb4000075e9cf6958) locale list changing from [] to [en-US]
03-04 11:16:51.239  1410  1499 I .apps.wellbeing: AssetManager2(0xb4000075e9cfaaf8) locale list changing from [] to [en-US]
03-04 11:16:51.255  1410  1499 I .apps.wellbeing: AssetManager2(0xb4000075e9cf72b8) locale list changing from [] to [en-US]
03-04 11:16:51.259  1410  1499 I .apps.wellbeing: AssetManager2(0xb4000075e9d00ef8) locale list changing from [] to [en-US]
03-04 11:16:51.266  1410  1499 I .apps.wellbeing: AssetManager2(0xb4000075e9cf6f98) locale list changing from [] to [en-US]
03-04 11:16:51.271  1410  1499 I .apps.wellbeing: AssetManager2(0xb4000075e9cf6638) locale list changing from [] to [en-US]
03-04 11:16:51.278  1410  1499 I .apps.wellbeing: AssetManager2(0xb4000075e9cfae18) locale list changing from [] to [en-US]
03-04 11:16:51.284  1410  1499 I .apps.wellbeing: AssetManager2(0xb4000075e9cf4d38) locale list changing from [] to [en-US]
03-04 11:16:51.286  1410  1499 I .apps.wellbeing: AssetManager2(0xb4000075e9d14138) locale list changing from [] to [en-US]
03-04 11:16:51.290  1410  1499 I .apps.wellbeing: AssetManager2(0xb4000075e9d17338) locale list changing from [] to [en-US]
03-04 11:16:51.295  1410  1499 I .apps.wellbeing: AssetManager2(0xb4000075e9cf6318) locale list changing from [] to [en-US]
03-04 11:16:51.297  1410  1499 I .apps.wellbeing: AssetManager2(0xb4000075e9d03798) locale list changing from [] to [en-US]
03-04 11:16:51.305  1410  1499 I .apps.wellbeing: AssetManager2(0xb4000075e9d13198) locale list changing from [] to [en-US]
03-04 11:16:51.331  5238  5238 D nativeloader: Configuring clns-9 for other apk /data/app/~~BSCo6pb_9E96Fmfh4m5eHQ==/com.avrai.app-ofEuav_QO6z2z8CpGSCEKQ==/base.apk. target_sdk_version=36, uses_libraries=, library_path=/data/app/~~BSCo6pb_9E96Fmfh4m5eHQ==/com.avrai.app-ofEuav_QO6z2z8CpGSCEKQ==/lib/arm64:/data/app/~~BSCo6pb_9E96Fmfh4m5eHQ==/com.avrai.app-ofEuav_QO6z2z8CpGSCEKQ==/base.apk!/lib/arm64-v8a, permitted_path=/data:/mnt/expand:/data/user/0/com.avrai.app
03-04 11:16:51.360  5238  5238 I com.avrai.app: AssetManager2(0xb4000075e9cf59b8) locale list changing from [] to [en-US]
03-04 11:16:51.369  1410  1499 I .apps.wellbeing: AssetManager2(0xb4000075e9d13198) locale list changing from [] to [en-US]
03-04 11:16:51.376  5238  5238 V GraphicsEnvironment: Currently set values for:
03-04 11:16:51.376  5238  5238 V GraphicsEnvironment:   angle_gl_driver_selection_pkgs=[]
03-04 11:16:51.376  5238  5238 V GraphicsEnvironment:   angle_gl_driver_selection_values=[]
03-04 11:16:51.376  5238  5238 V GraphicsEnvironment: com.avrai.app is not listed in per-application setting
03-04 11:16:51.377  5238  5238 V GraphicsEnvironment: ANGLE allowlist from config: 
03-04 11:16:51.377  5238  5238 V GraphicsEnvironment: com.avrai.app is not listed in ANGLE allowlist or settings, returning default
03-04 11:16:51.377  5238  5238 V GraphicsEnvironment: Neither updatable production driver nor prerelease driver is supported.
03-04 11:16:51.382  1410  1499 I .apps.wellbeing: AssetManager2(0xb4000075e9d03798) locale list changing from [] to [en-US]
03-04 11:16:51.404  1410  1499 I .apps.wellbeing: AssetManager2(0xb4000075e9d19ef8) locale list changing from [] to [en-US]
03-04 11:16:51.415  5238  5238 W FirebaseApp: Default FirebaseApp failed to initialize because no default options were found. This usually means that com.google.gms:google-services was not applied to your gradle project.
03-04 11:16:51.417  5238  5238 I FirebaseInitProvider: FirebaseApp initialization unsuccessful
03-04 11:16:51.419  5238  5238 D FLTFireContextHolder: received application context.
03-04 11:16:51.425  1410  1499 I .apps.wellbeing: AssetManager2(0xb4000075e9d17338) locale list changing from [] to [en-US]
03-04 11:16:51.432  1410  1499 I .apps.wellbeing: AssetManager2(0xb4000075e9d14138) locale list changing from [] to [en-US]
03-04 11:16:51.455  1410  1499 I .apps.wellbeing: AssetManager2(0xb4000075e9cf4d38) locale list changing from [] to [en-US]
03-04 11:16:51.515   673  1957 W OptProp : Cannot read opt property android.window.PROPERTY_COMPAT_ENABLE_FAKE_FOCUS
03-04 11:16:51.541   673   878 D BackgroundInstallControlService: Package event received: 0
03-04 11:16:51.541   673   878 D BackgroundInstallControlService: Package event received: 0
03-04 11:16:51.547  5238  5272 I DisplayManager: Choreographer implicitly registered for the refresh rate.
03-04 11:16:51.553  5238  5238 I com.avrai.app: AssetManager2(0xb4000075e9cf4d38) locale list changing from [] to [en-US]
03-04 11:16:51.595  5238  5238 E ashmem  : Pinning is deprecated since Android Q. Please use trim or other methods.
03-04 11:16:51.638  5238  5274 D FlutterJNI: Beginning load of flutter...
03-04 11:16:51.638  5238  5275 I ResourceExtractor: Resource version mismatch res_timestamp-6-1772644608181
03-04 11:16:51.658  5238  5272 I EGL_emulation: Opening libGLESv1_CM_emulation.so
03-04 11:16:51.658  5238  5272 I EGL_emulation: Opening libGLESv2_emulation.so
03-04 11:16:51.669  5238  5272 W HWUI    : Failed to choose config with EGL_SWAP_BEHAVIOR_PRESERVED, retrying without...
03-04 11:16:51.670  5238  5272 W HWUI    : Failed to initialize 101010-2 format, error = EGL_SUCCESS
03-04 11:16:51.798  5238  5274 D nativeloader: Load /data/app/~~BSCo6pb_9E96Fmfh4m5eHQ==/com.avrai.app-ofEuav_QO6z2z8CpGSCEKQ==/base.apk!/lib/arm64-v8a/libflutter.so using class loader ns clns-9 (caller=/data/app/~~BSCo6pb_9E96Fmfh4m5eHQ==/com.avrai.app-ofEuav_QO6z2z8CpGSCEKQ==/base.apk!classes23.dex): ok
03-04 11:16:51.804  5238  5274 D FlutterJNI: flutter (null) was loaded normally!
03-04 11:16:51.966   673  1555 E TaskPersister: File error accessing recents directory (directory doesn't exist?).
03-04 11:16:52.538  5238  5275 I ResourceExtractor: Extracted baseline resource assets/flutter_assets/kernel_blob.bin
03-04 11:16:52.539  5238  5275 I ResourceExtractor: Extracted baseline resource assets/flutter_assets/vm_snapshot_data
03-04 11:16:52.651  5238  5275 I ResourceExtractor: Extracted baseline resource assets/flutter_assets/isolate_snapshot_data
03-04 11:16:52.658   673  1957 D FileUtils: Rounded bytes from 2070470656 to 4000000000
03-04 11:16:52.684  5238  5238 I com.avrai.app: AssetManager2(0xb4000075e9cfa198) locale list changing from [] to [en-US]
03-04 11:16:52.704  5238  5238 W com.avrai.app: type=1400 audit(0.0:89): avc:  denied  { read } for  name="max_map_count" dev="proc" ino=26394 scontext=u:r:untrusted_app:s0:c217,c256,c512,c768 tcontext=u:object_r:proc_max_map_count:s0 tclass=file permissive=0 app=com.avrai.app
03-04 11:16:52.743  5238  5238 D DesktopModeFlags: Toggle override initialized to: OVERRIDE_UNSET
03-04 11:16:52.750  5238  5277 I flutter : [IMPORTANT:flutter/shell/platform/android/android_context_gl_impeller.cc(104)] Using the Impeller rendering backend (OpenGLES).
03-04 11:16:52.886  5238  5286 I flutter : The Dart VM service is listening on http://127.0.0.1:42357/adVZOno4kZs=/
03-04 11:16:53.334  5238  5238 D com.llfbandit.app_links: Intent { act=android.intent.action.MAIN cat=[android.intent.category.LAUNCHER] flg=0x30000000 xflg=0x4 cmp=com.avrai.app/.MainActivity (has extras) }
03-04 11:16:53.410  5238  5238 D FLTFireContextHolder: received application context.
03-04 11:16:53.457   673   878 D BackgroundInstallControlService: Package event received: 0
03-04 11:16:53.458   673  1957 D ActivityManager: sync unfroze 3258 com.android.chrome for 6
03-04 11:16:53.478  5238  5289 W com.avrai.app: ClassLoaderContext classpath size mismatch. expected=1, found=0 (DLC[];PCL[base.apk*1150104373]{PCL[/system/framework/org.apache.http.legacy.jar*4247870504]#PCL[/system/framework/com.android.location.provider.jar*1570284764]#PCL[/system/framework/com.android.media.remotedisplay.jar*487574312]#PCL[/system_ext/framework/androidx.window.extensions.jar*1030441313]#PCL[/system_ext/framework/androidx.window.sidecar.jar*3860983653]} | DLC[];PCL[])
03-04 11:16:53.487  5238  5238 D [FBP-Android]: [FBP] onAttachedToEngine
03-04 11:16:53.490  5238  5289 I DynamiteModule: Considering local module com.google.android.gms.measurement.dynamite:155 and remote module com.google.android.gms.measurement.dynamite:179
03-04 11:16:53.490  5238  5289 I DynamiteModule: Selected remote version of com.google.android.gms.measurement.dynamite, version >= 179
03-04 11:16:53.490  5238  5238 D [FBP-Android]: [FBP] onAttachedToActivity
03-04 11:16:53.491  5238  5289 V DynamiteModule: Dynamite loader version >= 2, using loadModule2NoCrashUtils
03-04 11:16:53.507  5238  5289 W System  : ClassLoader referenced unknown path: 
03-04 11:16:53.508  5238  5289 D nativeloader: Configuring clns-10 for other apk . target_sdk_version=36, uses_libraries=, library_path=/data/app/~~dll2uJyLad0DT00EsVRcqg==/com.google.android.gms-PkpOdU_B19xKZGFCMIp_CA==/lib/arm64:/data/app/~~dll2uJyLad0DT00EsVRcqg==/com.google.android.gms-PkpOdU_B19xKZGFCMIp_CA==/base.apk!/lib/arm64-v8a, permitted_path=/data:/mnt/expand:/data/user/0/com.google.android.gms
03-04 11:16:53.514  5238  5289 I com.avrai.app: AssetManager2(0xb4000075e9d03ab8) locale list changing from [] to [en-US]
03-04 11:16:53.534  5238  5289 W com.avrai.app: ClassLoaderContext classpath element checksum mismatch. expected=1150104373, found=2588112795 (DLC[];PCL[base.apk*1150104373]{PCL[/system/framework/org.apache.http.legacy.jar*4247870504]#PCL[/system/framework/com.android.location.provider.jar*1570284764]#PCL[/system/framework/com.android.media.remotedisplay.jar*487574312]#PCL[/system_ext/framework/androidx.window.extensions.jar*1030441313]#PCL[/system_ext/framework/androidx.window.sidecar.jar*3860983653]} | DLC[];PCL[/data/app/~~BSCo6pb_9E96Fmfh4m5eHQ==/com.avrai.app-ofEuav_QO6z2z8CpGSCEKQ==/base.apk*2588112795]{PCL[/system_ext/framework/androidx.window.extensions.jar*1030441313]#PCL[/system_ext/framework/androidx.window.sidecar.jar*3860983653]})
03-04 11:16:53.573  5238  5289 I com.avrai.app: AssetManager2(0xb4000075e9cfec98) locale list changing from [] to [en-US]
03-04 11:16:53.575  5238  5289 I com.avrai.app: AssetManager2(0xb4000075e9cfefb8) locale list changing from [] to [en-US]
03-04 11:16:53.599  5238  5238 D FlutterGeolocator: Attaching Geolocator to activity
03-04 11:16:53.630  1218  1634 I PhenotypeResourceReader: unable to find any Phenotype resource metadata for com.avrai.app
03-04 11:16:53.640  5238  5297 I com.avrai.app: hiddenapi: Accessing hidden method Ldalvik/system/VMStack;->getStackClass2()Ljava/lang/Class; (runtime_flags=0, domain=core-platform, api=unsupported) from Lm7/aov; (domain=app) using reflection: allowed
03-04 11:16:53.653  5238  5297 I PhClient: Unable to retrieve flag snapshot for com.google.android.gms.measurement#com.avrai.app, using defaults.
03-04 11:16:53.658  5238  5294 E com.avrai.app: No package ID 6b found for resource ID 0x6b0b0013.
03-04 11:16:53.659  5238  5294 I FA      : App measurement initialized, version: 155007
03-04 11:16:53.659  5238  5294 I FA      : To enable debug logging run: adb shell setprop log.tag.FA VERBOSE
03-04 11:16:53.659  5238  5294 I FA      : To enable faster debug mode event logging run:
03-04 11:16:53.659  5238  5294 I FA      :   adb shell setprop debug.firebase.analytics.app com.avrai.app
03-04 11:16:53.663  5238  5238 E GeneratedPluginRegistrant: Error registering plugin health, cachet.plugins.health.HealthPlugin
03-04 11:16:53.663  5238  5238 E GeneratedPluginRegistrant: java.lang.ClassCastException: com.avrai.app.MainActivity cannot be cast to androidx.activity.ComponentActivity
03-04 11:16:53.663  5238  5238 E GeneratedPluginRegistrant: 	at cachet.plugins.health.HealthPlugin.onAttachedToActivity(HealthPlugin.kt:204)
03-04 11:16:53.663  5238  5238 E GeneratedPluginRegistrant: 	at io.flutter.embedding.engine.FlutterEngineConnectionRegistry.add(FlutterEngineConnectionRegistry.java:157)
03-04 11:16:53.663  5238  5238 E GeneratedPluginRegistrant: 	at io.flutter.plugins.GeneratedPluginRegistrant.registerWith(GeneratedPluginRegistrant.java:144)
03-04 11:16:53.663  5238  5238 E GeneratedPluginRegistrant: 	at java.lang.reflect.Method.invoke(Native Method)
03-04 11:16:53.663  5238  5238 E GeneratedPluginRegistrant: 	at io.flutter.embedding.engine.plugins.util.GeneratedPluginRegister.registerGeneratedPlugins(GeneratedPluginRegister.java:80)
03-04 11:16:53.663  5238  5238 E GeneratedPluginRegistrant: 	at io.flutter.embedding.android.FlutterActivity.configureFlutterEngine(FlutterActivity.java:1359)
03-04 11:16:53.663  5238  5238 E GeneratedPluginRegistrant: 	at com.avrai.app.MainActivity.configureFlutterEngine(MainActivity.kt:30)
03-04 11:16:53.663  5238  5238 E GeneratedPluginRegistrant: 	at io.flutter.embedding.android.FlutterActivityAndFragmentDelegate.onAttach(FlutterActivityAndFragmentDelegate.java:226)
03-04 11:16:53.663  5238  5238 E GeneratedPluginRegistrant: 	at io.flutter.embedding.android.FlutterActivity.onCreate(FlutterActivity.java:646)
03-04 11:16:53.663  5238  5238 E GeneratedPluginRegistrant: 	at android.app.Activity.performCreate(Activity.java:9155)
03-04 11:16:53.663  5238  5238 E GeneratedPluginRegistrant: 	at android.app.Activity.performCreate(Activity.java:9133)
03-04 11:16:53.663  5238  5238 E GeneratedPluginRegistrant: 	at android.app.Instrumentation.callActivityOnCreate(Instrumentation.java:1521)
03-04 11:16:53.663  5238  5238 E GeneratedPluginRegistrant: 	at android.app.ActivityThread.performLaunchActivity(ActivityThread.java:4262)
03-04 11:16:53.663  5238  5238 E GeneratedPluginRegistrant: 	at android.app.ActivityThread.handleLaunchActivity(ActivityThread.java:4467)
03-04 11:16:53.663  5238  5238 E GeneratedPluginRegistrant: 	at android.app.servertransaction.LaunchActivityItem.execute(LaunchActivityItem.java:222)
03-04 11:16:53.663  5238  5238 E GeneratedPluginRegistrant: 	at android.app.servertransaction.TransactionExecutor.executeNonLifecycleItem(TransactionExecutor.java:133)
03-04 11:16:53.663  5238  5238 E GeneratedPluginRegistrant: 	at android.app.servertransaction.TransactionExecutor.executeTransactionItems(TransactionExecutor.java:103)
03-04 11:16:53.663  5238  5238 E GeneratedPluginRegistrant: 	at android.app.servertransaction.TransactionExecutor.execute(TransactionExecutor.java:80)
03-04 11:16:53.663  5238  5238 E GeneratedPluginRegistrant: 	at android.app.ActivityThread$H.handleMessage(ActivityThread.java:2823)
03-04 11:16:53.663  5238  5238 E GeneratedPluginRegistrant: 	at android.os.Handler.dispatchMessage(Handler.java:110)
03-04 11:16:53.663  5238  5238 E GeneratedPluginRegistrant: 	at android.os.Looper.loopOnce(Looper.java:248)
03-04 11:16:53.663  5238  5238 E GeneratedPluginRegistrant: 	at android.os.Looper.loop(Looper.java:338)
03-04 11:16:53.663  5238  5238 E GeneratedPluginRegistrant: 	at android.app.ActivityThread.main(ActivityThread.java:9067)
03-04 11:16:53.663  5238  5238 E GeneratedPluginRegistrant: 	at java.lang.reflect.Method.invoke(Native Method)
03-04 11:16:53.663  5238  5238 E GeneratedPluginRegistrant: 	at com.android.internal.os.RuntimeInit$MethodAndArgsCaller.run(RuntimeInit.java:593)
03-04 11:16:53.663  5238  5238 E GeneratedPluginRegistrant: 	at com.android.internal.os.ZygoteInit.main(ZygoteInit.java:932)
03-04 11:16:53.664  5238  5294 E FA      : Missing google_app_id. Firebase Analytics disabled. See https://goo.gl/NAOOOI
03-04 11:16:53.665  5238  5294 E FA      : Uploading is not possible. App measurement disabled
03-04 11:16:53.701  5238  5238 D nativeloader: Load /data/app/~~BSCo6pb_9E96Fmfh4m5eHQ==/com.avrai.app-ofEuav_QO6z2z8CpGSCEKQ==/base.apk!/lib/arm64-v8a/libllama_jni.so using class loader ns clns-9 (caller=/data/app/~~BSCo6pb_9E96Fmfh4m5eHQ==/com.avrai.app-ofEuav_QO6z2z8CpGSCEKQ==/base.apk!classes9.dex): ok
03-04 11:16:53.751   673  1957 E ActivityManager: Activity Manager Crash. UID:10217 PID:5238 TRANS:19
03-04 11:16:53.751   673  1957 E ActivityManager: java.lang.NullPointerException: Attempt to invoke virtual method 'java.util.Iterator android.content.IntentFilter.actionsIterator()' on a null object reference
03-04 11:16:53.751   673  1957 E ActivityManager: 	at com.android.server.am.BroadcastController.registerReceiverWithFeatureTraced(BroadcastController.java:370)
03-04 11:16:53.751   673  1957 E ActivityManager: 	at com.android.server.am.BroadcastController.registerReceiverWithFeature(BroadcastController.java:254)
03-04 11:16:53.751   673  1957 E ActivityManager: 	at com.android.server.am.ActivityManagerService.registerReceiverWithFeature(ActivityManagerService.java:14359)
03-04 11:16:53.751   673  1957 E ActivityManager: 	at android.app.IActivityManager$Stub.onTransact(IActivityManager.java:2795)
03-04 11:16:53.751   673  1957 E ActivityManager: 	at com.android.server.am.ActivityManagerService.onTransact(ActivityManagerService.java:2735)
03-04 11:16:53.751   673  1957 E ActivityManager: 	at android.os.Binder.execTransactInternal(Binder.java:1421)
03-04 11:16:53.751   673  1957 E ActivityManager: 	at android.os.Binder.execTransact(Binder.java:1365)
03-04 11:16:53.756  5238  5238 E GeneratedPluginRegistrant: Error registering plugin nfc_manager, dev.flutter.plugins.nfcmanager.NfcManagerPlugin
03-04 11:16:53.756  5238  5238 E GeneratedPluginRegistrant: java.lang.NullPointerException: Attempt to invoke virtual method 'java.util.Iterator android.content.IntentFilter.actionsIterator()' on a null object reference
03-04 11:16:53.756  5238  5238 E GeneratedPluginRegistrant: 	at android.os.Parcel.createExceptionOrNull(Parcel.java:3346)
03-04 11:16:53.756  5238  5238 E GeneratedPluginRegistrant: 	at android.os.Parcel.createException(Parcel.java:3324)
03-04 11:16:53.756  5238  5238 E GeneratedPluginRegistrant: 	at android.os.Parcel.readException(Parcel.java:3307)
03-04 11:16:53.756  5238  5238 E GeneratedPluginRegistrant: 	at android.os.Parcel.readException(Parcel.java:3249)
03-04 11:16:53.756  5238  5238 E GeneratedPluginRegistrant: 	at android.app.IActivityManager$Stub$Proxy.registerReceiverWithFeature(IActivityManager.java:6156)
03-04 11:16:53.756  5238  5238 E GeneratedPluginRegistrant: 	at android.app.ContextImpl.registerReceiverInternal(ContextImpl.java:1935)
03-04 11:16:53.756  5238  5238 E GeneratedPluginRegistrant: 	at android.app.ContextImpl.registerReceiver(ContextImpl.java:1871)
03-04 11:16:53.756  5238  5238 E GeneratedPluginRegistrant: 	at android.app.ContextImpl.registerReceiver(ContextImpl.java:1858)
03-04 11:16:53.756  5238  5238 E GeneratedPluginRegistrant: 	at android.content.ContextWrapper.registerReceiver(ContextWrapper.java:784)
03-04 11:16:53.756  5238  5238 E GeneratedPluginRegistrant: 	at dev.flutter.plugins.nfcmanager.NfcManagerPlugin.onAttachedToActivity(NfcManagerPlugin.kt:50)
03-04 11:16:53.756  5238  5238 E GeneratedPluginRegistrant: 	at io.flutter.embedding.engine.FlutterEngineConnectionRegistry.add(FlutterEngineConnectionRegistry.java:157)
03-04 11:16:53.756  5238  5238 E GeneratedPluginRegistrant: 	at io.flutter.plugins.GeneratedPluginRegistrant.registerWith(GeneratedPluginRegistrant.java:169)
03-04 11:16:53.756  5238  5238 E GeneratedPluginRegistrant: 	at java.lang.reflect.Method.invoke(Native Method)
03-04 11:16:53.756  5238  5238 E GeneratedPluginRegistrant: 	at io.flutter.embedding.engine.plugins.util.GeneratedPluginRegister.registerGeneratedPlugins(GeneratedPluginRegister.java:80)
03-04 11:16:53.756  5238  5238 E GeneratedPluginRegistrant: 	at io.flutter.embedding.android.FlutterActivity.configureFlutterEngine(FlutterActivity.java:1359)
03-04 11:16:53.756  5238  5238 E GeneratedPluginRegistrant: 	at com.avrai.app.MainActivity.configureFlutterEngine(MainActivity.kt:30)
03-04 11:16:53.756  5238  5238 E GeneratedPluginRegistrant: 	at io.flutter.embedding.android.FlutterActivityAndFragmentDelegate.onAttach(FlutterActivityAndFragmentDelegate.java:226)
03-04 11:16:53.756  5238  5238 E GeneratedPluginRegistrant: 	at io.flutter.embedding.android.FlutterActivity.onCreate(FlutterActivity.java:646)
03-04 11:16:53.756  5238  5238 E GeneratedPluginRegistrant: 	at android.app.Activity.performCreate(Activity.java:9155)
03-04 11:16:53.756  5238  5238 E GeneratedPluginRegistrant: 	at android.app.Activity.performCreate(Activity.java:9133)
03-04 11:16:53.756  5238  5238 E GeneratedPluginRegistrant: 	at android.app.Instrumentation.callActivityOnCreate(Instrumentation.java:1521)
03-04 11:16:53.756  5238  5238 E GeneratedPluginRegistrant: 	at android.app.ActivityThread.performLaunchActivity(ActivityThread.java:4262)
03-04 11:16:53.756  5238  5238 E GeneratedPluginRegistrant: 	at android.app.ActivityThread.handleLaunchActivity(ActivityThread.java:4467)
03-04 11:16:53.756  5238  5238 E GeneratedPluginRegistrant: 	at android.app.servertransaction.LaunchActivityItem.execute(LaunchActivityItem.java:222)
03-04 11:16:53.756  5238  5238 E GeneratedPluginRegistrant: 	at android.app.servertransaction.TransactionExecutor.executeNonLifecycleItem(TransactionExecutor.java:133)
03-04 11:16:53.756  5238  5238 E GeneratedPluginRegistrant: 	at android.app.servertransaction.TransactionExecutor.executeTransactionItems(TransactionExecutor.java:103)
03-04 11:16:53.756  5238  5238 E GeneratedPluginRegistrant: 	at android.app.servertransaction.TransactionExecutor.execute(TransactionExecutor.java:80)
03-04 11:16:53.756  5238  5238 E GeneratedPluginRegistrant: 	at android.app.ActivityThread$H.handleMessage(ActivityThread.java:2823)
03-04 11:16:53.756  5238  5238 E GeneratedPluginRegistrant: 	at android.os.Handler.dispatchMessage(Handler.java:110)
03-04 11:16:53.756  5238  5238 E GeneratedPluginRegistrant: 	at android.os.Looper.loopOnce(Looper.java:248)
03-04 11:16:53.756  5238  5238 E GeneratedPluginRegistrant: 	at android.os.Looper.loop(Looper.java:338)
03-04 11:16:53.756  5238  5238 E GeneratedPluginRegistrant: 	at android.app.ActivityThread.main(ActivityThread.java:9067)
03-04 11:16:53.756  5238  5238 E GeneratedPluginRegistrant: 	at java.lang.reflect.Method.invoke(Native Method)
03-04 11:16:53.756  5238  5238 E GeneratedPluginRegistrant: 	at com.android.internal.os.RuntimeInit$MethodAndArgsCaller.run(RuntimeInit.java:593)
03-04 11:16:53.756  5238  5238 E GeneratedPluginRegistrant: 	at com.android.internal.os.ZygoteInit.main(ZygoteInit.java:932)
03-04 11:16:53.756  5238  5238 E GeneratedPluginRegistrant: Caused by: android.os.RemoteException: Remote stack trace:
03-04 11:16:53.756  5238  5238 E GeneratedPluginRegistrant: 	at com.android.server.am.BroadcastController.registerReceiverWithFeatureTraced(BroadcastController.java:370)
03-04 11:16:53.756  5238  5238 E GeneratedPluginRegistrant: 	at com.android.server.am.BroadcastController.registerReceiverWithFeature(BroadcastController.java:254)
03-04 11:16:53.756  5238  5238 E GeneratedPluginRegistrant: 	at com.android.server.am.ActivityManagerService.registerReceiverWithFeature(ActivityManagerService.java:14359)
03-04 11:16:53.756  5238  5238 E GeneratedPluginRegistrant: 	at android.app.IActivityManager$Stub.onTransact(IActivityManager.java:2795)
03-04 11:16:53.756  5238  5238 E GeneratedPluginRegistrant: 	at com.android.server.am.ActivityManagerService.onTransact(ActivityManagerService.java:2735)
03-04 11:16:53.756  5238  5238 E GeneratedPluginRegistrant: 
03-04 11:16:53.762  5238  5238 E GeneratedPluginRegistrant: Error registering plugin nowplaying, com.gomes.nowplaying.NowPlayingPlugin
