03-04 11:16:27.546   617   647 D FileSystemUtils: Extra field length: 11820,  Size before punching holes st_blocks: 468504, st_blksize: 4096, st_size: 240018758
03-04 11:16:27.547   617   647 D FileSystemUtils: Extra field length: 11820 content near offset: 0000000000000000000000000000000000000000000000000000000000000000000000000000000000000000000000000000000000000000000000000000000000000000000000000000000000000000000000000000000000000000000000000000000000000000000000000000000000000000000000000000000000000000000000000000000000000000000000000000000000000000000000000000000000000000000000000000000000000000000000000000000000000000000000000000000000000000000000000000000000000000000000000000000000000000000000000000000000000000000000000000000000000000000000000000000000000000000000000000000000000000000000000000000000000000000000000000000000000000000000000000000000000000000000000000000000000000000000000000000000000000000000000000000000000000000000000000000000000000000000000000000000000000000000000000000000000000000000000000000000000000000000000000000000000000000000000000000000000000000000000000000000000000000000000000000000000000000000000000000000000000000000000000000000000000000000000000000000000000000000000000000000000000
03-04 11:16:27.547   617   647 D FileSystemUtils: Punching hole in file - start: 31072256 len:8192
03-04 11:16:27.547   617   647 D FileSystemUtils: punchHolesInApk:: Size after punching holes st_blocks: 468488, st_blksize: 4096, st_size: 240018758
03-04 11:16:27.547   617   688 W IPCThreadState: Sending oneway calls to frozen process.
03-04 11:16:27.549   617   688 D InstallDependencyHelper: No missing dependency for com.avrai.app
03-04 11:16:27.559   617   680 V Configuration: Updating configuration, locales updated from [] to [en_US]
03-04 11:16:27.560   617   680 I system_server: AssetManager2(0xb400007c8c6cd578) locale list changing from [] to [en-US]
03-04 11:16:27.631   617   681 W IPCThreadState: Sending oneway calls to frozen process.
03-04 11:16:27.632   617   681 W IPCThreadState: Sending oneway calls to frozen process.
03-04 11:16:27.633   617   681 W IPCThreadState: Sending oneway calls to frozen process.
03-04 11:16:27.633   617   681 W IPCThreadState: Sending oneway calls to frozen process.
03-04 11:16:27.635   617   681 W IPCThreadState: Sending oneway calls to frozen process.
03-04 11:16:27.635   617   681 W IPCThreadState: Sending oneway calls to frozen process.
03-04 11:16:27.635   617   681 W IPCThreadState: Sending oneway calls to frozen process.
03-04 11:16:27.635   617   681 W IPCThreadState: Sending oneway calls to frozen process.
03-04 11:16:27.636   617   681 W IPCThreadState: Sending oneway calls to frozen process.
03-04 11:16:27.636   617   681 W IPCThreadState: Sending oneway calls to frozen process.
03-04 11:16:27.636   617   681 W IPCThreadState: Sending oneway calls to frozen process.
03-04 11:16:27.636   617   681 W IPCThreadState: Sending oneway calls to frozen process.
03-04 11:16:27.636   617   681 W IPCThreadState: Sending oneway calls to frozen process.
03-04 11:16:27.636   617   681 W IPCThreadState: Sending oneway calls to frozen process.
03-04 11:16:27.636   617   681 W IPCThreadState: Sending oneway calls to frozen process.
03-04 11:16:27.636   617   681 W IPCThreadState: Sending oneway calls to frozen process.
03-04 11:16:27.636   617   681 W IPCThreadState: Sending oneway calls to frozen process.
03-04 11:16:27.636   617   681 W IPCThreadState: Sending oneway calls to frozen process.
03-04 11:16:27.636   617   681 W IPCThreadState: Sending oneway calls to frozen process.
03-04 11:16:27.636   617   681 W IPCThreadState: Sending oneway calls to frozen process.
03-04 11:16:27.636   617   681 W IPCThreadState: Sending oneway calls to frozen process.
03-04 11:16:27.636   617   681 W IPCThreadState: Sending oneway calls to frozen process.
03-04 11:16:27.636   617   681 W IPCThreadState: Sending oneway calls to frozen process.
03-04 11:16:27.636   617   681 W IPCThreadState: Sending oneway calls to frozen process.
03-04 11:16:27.636   617   681 W IPCThreadState: Sending oneway calls to frozen process.
03-04 11:16:27.636   617   681 W IPCThreadState: Sending oneway calls to frozen process.
03-04 11:16:27.636   617   681 W IPCThreadState: Sending oneway calls to frozen process.
03-04 11:16:27.637   617   681 W IPCThreadState: Sending oneway calls to frozen process.
03-04 11:16:27.637   617   681 W IPCThreadState: Sending oneway calls to frozen process.
03-04 11:16:27.637   617   681 W IPCThreadState: Sending oneway calls to frozen process.
03-04 11:16:27.637   617   681 W IPCThreadState: Sending oneway calls to frozen process.
03-04 11:16:27.637   617   681 W IPCThreadState: Sending oneway calls to frozen process.
03-04 11:16:27.637   617   681 W IPCThreadState: Sending oneway calls to frozen process.
03-04 11:16:27.637   617   681 W IPCThreadState: Sending oneway calls to frozen process.
03-04 11:16:27.637   617   681 W IPCThreadState: Sending oneway calls to frozen process.
03-04 11:16:27.637   617   681 W IPCThreadState: Sending oneway calls to frozen process.
03-04 11:16:27.694   617   680 D BackupManagerService: [UserID:0] restoreAtInstall pkg=com.avrai.app token=9 restoreSet=0
03-04 11:16:27.699   617   812 D BackgroundInstallControlService: Package event received: 0
03-04 11:16:27.699   617   812 D BackgroundInstallControlService: Package event received: 0
03-04 11:16:27.699   617   812 D BackgroundInstallControlService: Package event received: 0
03-04 11:16:27.699   617   812 D BackgroundInstallControlService: Package event received: 0
03-04 11:16:27.699   617   812 D BackgroundInstallControlService: Package event received: 0
03-04 11:16:27.700   617   680 D BackupManagerService: [UserID:0] Finishing install immediately
03-04 11:16:27.703   617   680 I PackageManager: installation completed for package:com.avrai.app. Final code path: /data/app/~~ubXIJvVJ-N3DnwJGkIMEGA==/com.avrai.app-GkUdLwsyI66OwE4lZX73jQ==
03-04 11:16:27.703   617   812 D BackgroundInstallControlService: Package event received: 1
03-04 11:16:27.704   617   680 D PackageInstallerSession: Marking session 8055967 as applied
03-04 11:16:27.704   617   617 W binder:617_9: type=1400 audit(0.0:110): avc:  denied  { getopt } for  scontext=u:r:system_server:s0 tcontext=u:r:shell:s0 tclass=unix_stream_socket permissive=0
03-04 11:16:27.704   617   617 W binder:617_9: type=1400 audit(0.0:111): avc:  denied  { getopt } for  scontext=u:r:system_server:s0 tcontext=u:r:shell:s0 tclass=unix_stream_socket permissive=0
03-04 11:16:27.704   617   617 W binder:617_9: type=1400 audit(0.0:112): avc:  denied  { getopt } for  scontext=u:r:system_server:s0 tcontext=u:r:shell:s0 tclass=unix_stream_socket permissive=0
03-04 11:16:27.716   617   688 W IPCThreadState: Sending oneway calls to frozen process.
03-04 11:16:27.716   617   688 D InstallDependencyHelper: Session complete for 8055967
03-04 11:16:27.717   999  1031 D SessionCommitReceiver: Removing unneeded PromiseIcon for package: com.avrai.app, install reason: 0, alreadyAddedPromiseIcon: false
03-04 11:16:27.751   855   855 D ControlsListingControllerImpl: ServiceConfig reloaded, count: 0
03-04 11:16:27.753   617   769 E AppOps  : attributionTag VCN not declared in manifest of android
03-04 11:16:27.755   988   988 D CarrierSvcBindHelper: onPackageAdded: com.avrai.app
03-04 11:16:27.764   988  1118 I SatelliteAppTracker: onPackageAdded : com.avrai.app
03-04 11:16:27.781   617   648 I system_server: AssetManager2(0xb400007c8c6cd578) locale list changing from [] to [en-US]
03-04 11:16:27.799   617   648 I system_server: AssetManager2(0xb400007c8c6cd258) locale list changing from [] to [en-US]
03-04 11:16:27.810   617   714 I RoleService: Granting default roles...
03-04 11:16:27.827   988   988 D CarrierSvcBindHelper: No carrier app for: 0
03-04 11:16:27.876   617   654 D ActivityManager: sync unfroze 1292 com.google.android.permissioncontroller for 3
03-04 11:16:27.876   617   817 I SdkSandboxManager: No SDKs used. Skipping SDK data reconcilation for CallingInfo{mUid=10218, mPackageName='com.avrai.app, mAppProcessToken='null'}
03-04 11:16:27.898  1292  1292 I SafetyLabelChangedBroadcastReceiver: received broadcast packageName: com.avrai.app, current user: UserHandle{0}, packageChangeEvent: NEW_INSTALL, intent user: UserHandle{0}
03-04 11:16:27.908   617   654 D ActivityManager: sync unfroze 2716 com.google.android.packageinstaller for 3
03-04 11:16:27.943   617   812 D BackgroundInstallControlService: Package event received: 0
03-04 11:16:27.944   617   812 D BackgroundInstallControlService: Package event received: 0
03-04 11:16:27.952   988   988 E SmsApplication: com.google.android.apps.messaging lost android:read_cell_broadcasts:  (fixing)
03-04 11:16:27.956   617  1647 W ActivityTaskManager: callingPackage for (uid=2000, pid=7086) has no WPC
03-04 11:16:27.968   617   809 D ShortcutService: received package broadcast intent: Intent { act=android.intent.action.PACKAGE_ADDED dat=package: flg=0x4000010 (has extras) }
03-04 11:16:27.968   617   809 D ShortcutService: adding package: com.avrai.app userId=0
03-04 11:16:27.969   617  1057 W AppOpService: Ignored setUidMode call for runtime permission app op: uid = 10145, code = READ_CELL_BROADCASTS, mode = allow, callingUid = 1001, oldMode = allow
03-04 11:16:27.969   617   645 W Looper  : Slow dispatch took 127ms android.fg app=system_server main=false group=FOREGROUND h=android.os.Handler c=com.android.server.om.OverlayManagerService$$ExternalSyntheticLambda1@2782330 m=0
03-04 11:16:27.970   617   728 I system_server: AssetManager2(0xb400007c8c6da9f8) locale list changing from [] to [en-US]
03-04 11:16:27.971   617   617 D AppSearchAppsIndexerManagerS: userid in package receiver: 10218
03-04 11:16:27.978   617   753 I system_server: AssetManager2(0xb400007c8c6d3978) locale list changing from [] to [en-US]
03-04 11:16:27.985   617   617 W Looper  : Slow dispatch took 104ms main app=system_server main=true group=FOREGROUND h=android.app.ActivityThread$H c=android.app.LoadedApk$ReceiverDispatcher$Args$$ExternalSyntheticLambda0@5b12848 m=0
03-04 11:16:27.985   617   617 W Looper  : Slow delivery took 230ms main app=system_server main=true group=FOREGROUND h=android.app.ActivityThread$H c=android.app.LoadedApk$ReceiverDispatcher$Args$$ExternalSyntheticLambda0@950ec06 m=0
03-04 11:16:27.985   617   617 D TransparencyService: Not an update. Skipping...
03-04 11:16:27.990   617  1647 I system_server: AssetManager2(0xb400007c8c6d5ef8) locale list changing from [] to [en-US]
03-04 11:16:27.995   617  1647 V GrammaticalInflectionUtils: AttributionSource: android.content.AttributionSource@a30fba75 does not have READ_SYSTEM_GRAMMATICAL_GENDER permission.
03-04 11:16:27.999   617   907 W AppOpService: Ignored setUidMode call for runtime permission app op: uid = 1001, code = READ_SMS, mode = allow, callingUid = 1001, oldMode = allow
03-04 11:16:28.003  1292  6347 I PermissionControllerServiceImpl: Updating user sensitive for uid 10218
03-04 11:16:28.004   617  1647 W OptProp : Cannot read opt property android.window.PROPERTY_COMPAT_ALLOW_USER_ASPECT_RATIO_OVERRIDE
03-04 11:16:28.005   617  1647 W OptProp : Cannot read opt property android.window.PROPERTY_COMPAT_ALLOW_USER_ASPECT_RATIO_FULLSCREEN_OVERRIDE
03-04 11:16:28.008   617  1647 W OptProp : Cannot read opt property android.window.PROPERTY_COMPAT_ALLOW_RESIZEABLE_ACTIVITY_OVERRIDES
03-04 11:16:28.012   617   617 D BackupManagerConstants: getFullBackupIntervalMilliseconds(...) returns 86400000
03-04 11:16:28.015   617   617 D BackupManagerConstants: getFullBackupRequiredNetworkType(...) returns 2
03-04 11:16:28.016   617   617 D BackupManagerConstants: getFullBackupRequireCharging(...) returns true
03-04 11:16:28.017   617  1647 W OptProp : Cannot read opt property android.window.PROPERTY_COMPAT_ALLOW_MIN_ASPECT_RATIO_OVERRIDE
03-04 11:16:28.018   617  1743 W AppOpService: Ignored setUidMode call for runtime permission app op: uid = 1001, code = RECEIVE_SMS, mode = allow, callingUid = 1001, oldMode = allow
03-04 11:16:28.018   617  1743 W AppOpService: Ignored setUidMode call for runtime permission app op: uid = 1001, code = RECEIVE_WAP_PUSH, mode = allow, callingUid = 1001, oldMode = allow
03-04 11:16:28.020   617  1743 W AppOpService: Ignored setUidMode call for runtime permission app op: uid = 1001, code = SEND_SMS, mode = allow, callingUid = 1001, oldMode = allow
03-04 11:16:28.023   473   504 D NativePermissionController: updatePackagesForUid, UidPackageState{uid: 10218, packageNames: [com.avrai.app]}
03-04 11:16:28.022   617  2951 W SignedPackage: Package doesn't have required signing certificate: com.google.android.retaildemo
03-04 11:16:28.026   617  2951 E RoleControllerServiceImpl: Default/fallback role holder package doesn't qualify for the role, package: com.google.android.gms.supervision, role: android.app.role.SYSTEM_SUPERVISION
03-04 11:16:28.037   482   560 I BpBinder: onLastStrongRef automatically unlinking death recipients: 
03-04 11:16:28.059   617  1733 W AppOpService: Ignored setUidMode call for runtime permission app op: uid = 1001, code = READ_CELL_BROADCASTS, mode = allow, callingUid = 1001, oldMode = allow
03-04 11:16:28.062   617  1647 W OptProp : Cannot read opt property android.window.PROPERTY_COMPAT_ALLOW_ORIENTATION_OVERRIDE
03-04 11:16:28.076   617  2951 W SignedPackage: Package doesn't have required signing certificate: com.google.android.apps.work.clouddpc
03-04 11:16:28.090   855  1034 I ndroid.systemui: AssetManager2(0xb400007c8c682898) locale list changing from [] to [en-US]
03-04 11:16:28.099   617   617 W Looper  : Drained
03-04 11:16:28.102   617  1743 D CompatChangeReporter: Compat change id reported: 377864165; UID 10218; state: ENABLED
03-04 11:16:28.113   855   931 V WindowManagerShell: Transition requested (#20): android.os.BinderProxy@3818deb TransitionRequestInfo { type = OPEN, triggerTask = TaskInfo{userId=0 taskId=12 effectiveUid=10218 displayId=0 isRunning=true baseIntent=Intent { act=android.intent.action.MAIN cat=[android.intent.category.LAUNCHER] flg=0x30000000 cmp=com.avrai.app/.MainActivity } baseActivity=ComponentInfo{com.avrai.app/com.avrai.app.MainActivity} topActivity=ComponentInfo{com.avrai.app/com.avrai.app.MainActivity} origActivity=null realActivity=ComponentInfo{com.avrai.app/com.avrai.app.MainActivity} numActivities=1 lastActiveTime=936658 supportsMultiWindow=true resizeMode=1 isResizeable=true minWidth=-1 minHeight=-1 defaultMinSize=220 token=WCT{android.window.IWindowContainerToken$Stub$Proxy@6293748} topActivityType=1 pictureInPictureParams=null shouldDockBigOverlays=false launchIntoPipHostTaskId=-1 lastParentTaskIdBeforePip=-1 displayCutoutSafeInsets=Rect(0, 0 - 0, 0) topActivityInfo=ActivityInfo{814a9e1 com.avrai.app.MainActivity} launchCookies=[] positionInParent=Point(0, 0) parentTaskId=-1 isFocused=false isVisible=false isVisibleRequested=false isTopActivityNoDisplay=false isSleeping=false locusId=null displayAreaFeatureId=1 isTopActivityTransparent=false isActivityStackTransparent=false lastNonFullscreenBounds=Rect(284, 660 - 796, 1740) capturedLink=null capturedLinkTimestamp=0 requestedVisibleTypes=-9 topActivityRequestOpenInBrowserEducationTimestamp=0 appCompatTaskInfo=AppCompatTaskInfo { topActivityInSizeCompat=false eligibleForLetterboxEducation= false isLetterboxEducationEnabled= true isLetterboxDoubleTapEnabled= false eligibleForUserAspectRatioButton= false topActivityBoundsLetterboxed= false isFromLetterboxDoubleTap= false topActivityLetterboxVerticalPosition= -1 topActivityLetterboxHorizontalPosition= -1 topActivityLetterboxWidth=-1 topActivityLetterboxHeight=-1 topActivityAppBounds=Rect(0, 0 - 1080, 2400) isUserFullscreenOverrideEnabled=false isSystemFullscreenOverrideEnabled=false hasMinAspectRatioOverride=false topActivityLetterboxBounds=null cameraCompatTaskInfo=CameraCompatTaskInfo { freeformCameraCompatMode=inactive}} topActivityMainWindowFrame=null}, pipChange = null, remoteTransition = null, displayChange = null, flags = 0, debugId = 20 }
03-04 11:16:28.119   855   931 D ShellSplitScreen: logExit: no-op, mLoggerSessionId is null
03-04 11:16:28.123   617  1647 I ActivityTaskManager: START u0 {act=android.intent.action.MAIN cat=[android.intent.category.LAUNCHER] flg=0x30000000 xflg=0x4 cmp=com.avrai.app/.MainActivity (has extras)} with LAUNCH_SINGLE_TOP from uid 2000 (BAL_ALLOW_PERMISSION) result code=0
03-04 11:16:28.132   482   482 I BpBinder: onLastStrongRef automatically unlinking death recipients: 
03-04 11:16:28.137   855  1038 W HWUI    : Image decoding logging dropped!
03-04 11:16:28.191   999   999 W SplitSelectStateCtor: Missing session instanceIds
03-04 11:16:28.191   999   999 D StatsLog: LAUNCHER_SPLIT_SELECTION_EXIT_INTERRUPTED
03-04 11:16:28.196   855   931 D WindowManagerShell: setLauncherKeepClearAreaHeight: visible=false, height=527
03-04 11:16:28.201   988  1118 I SatelliteAppTracker: onPackageModified : com.avrai.app
03-04 11:16:28.277   988  1116 D ImsResolver: maybeAddedImsService, packageName: com.avrai.app
03-04 11:16:28.279   988  1116 V ImsResolver: searchForImsServices: package=com.avrai.app, users=[UserHandle{0}]
03-04 11:16:28.295   988  1116 V ImsResolver: searchForImsServices: package=com.avrai.app, users=[UserHandle{0}]
03-04 11:16:28.296   617   617 D AppSearchAppsIndexerManagerS: userid in package receiver: 10218
03-04 11:16:28.312  1292  6347 I PermissionControllerServiceImpl: Updating user sensitive for uid 10218
03-04 11:16:28.323   617   654 D ActivityManager: sync unfroze 5082 com.android.vending for 3
03-04 11:16:28.327  5082  5082 I Finsky  : [2] Memory trim requested to level 40
03-04 11:16:28.339   855   855 D ControlsListingControllerImpl: ServiceConfig reloaded, count: 0
03-04 11:16:28.356   617   654 D ActivityManager: sync unfroze 4331 com.android.vending:background for 3
03-04 11:16:28.363  5082  5104 I Finsky  : [40] Stats for Executor: BlockingExecutor uyh@57acfad[Running, pool size = 0, active threads = 0, queued tasks = 0, completed tasks = 63]
03-04 11:16:28.363  5082  5104 I Finsky  : [40] Stats for Executor: LightweightExecutor uyh@d5f52e2[Running, pool size = 2, active threads = 0, queued tasks = 0, completed tasks = 459]
03-04 11:16:28.385  5082  5104 I Finsky  : [40] Stats for Executor: bgExecutor uyh@9a35673[Running, pool size = 4, active threads = 0, queued tasks = 0, completed tasks = 3773]
03-04 11:16:28.392   617   731 I system_server: AssetManager2(0xb400007c8c6d9418) locale list changing from [] to [en-US]
03-04 11:16:28.410  4331  4382 I Finsky:background: [41] Stats for Executor: bgExecutor uyh@ab7aae[Running, pool size = 4, active threads = 0, queued tasks = 0, completed tasks = 447]
03-04 11:16:28.411  4331  4382 I Finsky:background: [41] Stats for Executor: LightweightExecutor uyh@8f8704f[Running, pool size = 2, active threads = 0, queued tasks = 0, completed tasks = 529]
03-04 11:16:28.411  4331  4382 I Finsky:background: [41] Stats for Executor: BlockingExecutor uyh@1a13dc[Running, pool size = 0, active threads = 0, queued tasks = 0, completed tasks = 90]
03-04 11:16:28.412  5082  5082 I Finsky  : [2] Flushing in-memory image cache
03-04 11:16:28.423  4331  4331 I Finsky:background: [2] Memory trim requested to level 40
03-04 11:16:28.424  4331  4331 I Finsky:background: [2] Memory trim requested to level 40
03-04 11:16:28.424  4331  4331 I Finsky:background: [2] Memory trim requested to level 40
03-04 11:16:28.425  4331  4331 I Finsky:background: [2] aiag - Received: android.intent.action.PACKAGE_ADDED, [YDlOVLM_7X6OTQPgU7kkIZw-s1RMDzFcfeLIuFUH9Hc]
03-04 11:16:28.431   855   877 V WindowManagerShell: onTransitionReady(transaction=2649994822322)
03-04 11:16:28.432  5082  5082 I Finsky  : [2] Memory trim requested to level 40
03-04 11:16:28.432  5082  5082 I Finsky  : [2] Flushing in-memory image cache
03-04 11:16:28.432  5082  5082 I Finsky  : [2] Memory trim requested to level 40
03-04 11:16:28.432  5082  5082 I Finsky  : [2] Flushing in-memory image cache
03-04 11:16:28.442   855   931 V WindowManagerShell: onTransitionReady (#20) android.os.BinderProxy@3818deb: {id=20 t=OPEN f=0x0 trk=0 r=[0@Point(0, 0)] c=[
03-04 11:16:28.442   855   931 V WindowManagerShell:         {m=OPEN f=NONE leash=Surface(name=Task=12)/@0x86d4b42 sb=Rect(0, 0 - 1080, 2400) eb=Rect(0, 0 - 1080, 2400) epz=Point(1080, 2400) d=0 taskParent=-1},
03-04 11:16:28.442   855   931 V WindowManagerShell:         {m=TO_BACK f=SHOW_WALLPAPER leash=Surface(name=Task=1)/@0xa835753 sb=Rect(0, 0 - 1080, 2400) eb=Rect(0, 0 - 1080, 2400) epz=Point(1080, 2400) d=0 taskParent=-1},
03-04 11:16:28.442   855   931 V WindowManagerShell:         {m=TO_BACK f=IS_WALLPAPER leash=Surface(name=WallpaperWindowToken{ff6dea2 showWhenLocked=false})/@0xbb9a890 sb=Rect(0, 0 - 1080, 2400) eb=Rect(0, 0 - 1080, 2400) epz=Point(1080, 2400) d=0}
03-04 11:16:28.442   855   931 V WindowManagerShell:     ]}
03-04 11:16:28.442   855   931 V WindowManagerShell: Playing animation for (#20) android.os.BinderProxy@3818deb@0
03-04 11:16:28.442   855   931 V ShellRecents: RecentsTransitionHandler.startAnimation: no controller found
03-04 11:16:28.442   855   931 V WindowManagerShell: Transition doesn't have explicit remote, search filters for match for {id=20 t=OPEN f=0x0 trk=0 r=[0@Point(0, 0)] c=[{m=OPEN f=NONE leash=Surface(name=Task=12)/@0x86d4b42 sb=Rect(0, 0 - 1080, 2400) eb=Rect(0, 0 - 1080, 2400) epz=Point(1080, 2400) d=0 taskParent=-1},{m=TO_BACK f=SHOW_WALLPAPER leash=Surface(name=Task=1)/@0xa835753 sb=Rect(0, 0 - 1080, 2400) eb=Rect(0, 0 - 1080, 2400) epz=Point(1080, 2400) d=0 taskParent=-1},{m=TO_BACK f=IS_WALLPAPER leash=Surface(name=WallpaperWindowToken{ff6dea2 showWhenLocked=false})/@0xbb9a890 sb=Rect(0, 0 - 1080, 2400) eb=Rect(0, 0 - 1080, 2400) epz=Point(1080, 2400) d=0}]}
03-04 11:16:28.442   855   931 V WindowManagerShell:  Checking filter Pair{{types=[] flags=0x0] notFlags=0x0 checks=[{atype=undefined independent=true modes=[CLOSE,TO_BACK] flags=IN_TASK_WITH_EMBEDDED_ACTIVITY mustBeTask=false order=ANY topActivity=null launchCookie=null taskFragmentToken=android.os.BinderProxy@a3a6c09 windowingMode=undefined}]} RemoteTransition { remoteTransition = android.window.IRemoteTransition$Stub$Proxy@fc0ee0e, appThread = android.app.IApplicationThread$Stub$Proxy@a81d02f, debugName = overlayBackTransition }}
03-04 11:16:28.442   855   931 V WindowManagerShell:  Checking filter Pair{{types=[] flags=0x0] notFlags=0x0 checks=[{atype=dream independent=true modes=[OPEN,TO_FRONT] flags=NONE mustBeTask=false order=ANY topActivity=null launchCookie=null windowingMode=undefined},{atype=home independent=true modes=[CLOSE,TO_BACK] flags=NONE mustBeTask=false order=ANY topActivity=null launchCookie=null windowingMode=undefined}]} RemoteTransition { remoteTransition = android.window.IRemoteTransition$Stub$Proxy@a0e263c, appThread = android.app.IApplicationThread$Stub$Proxy@614bfc5, debugName = LauncherToDream }}
03-04 11:16:28.443   855   931 V WindowManagerShell:  Checking filter Pair{{types=[] flags=0x0] notFlags=0x100 checks=[{atype=home independent=true modes=[OPEN,TO_FRONT] flags=NONE mustBeTask=false order=TOP topActivity=ComponentInfo{com.google.android.apps.nexuslauncher/com.google.android.apps.nexuslauncher.NexusLauncherActivity} launchCookie=null windowingMode=undefined},{atype=standard independent=true modes=[CLOSE,TO_BACK] flags=NONE mustBeTask=false order=ANY topActivity=null launchCookie=null windowingMode=undefined},{NOT atype=undefined independent=true modes=[] flags=NONE mustBeTask=true order=ANY topActivity=null launchCookie=null customAnim=true windowingMode=undefined}]} RemoteTransition { remoteTransition = android.window.IRemoteTransition$Stub$Proxy@a1dd1a, appThread = android.app.IApplicationThread$Stub$Proxy@265404b, debugName = QuickstepLaunchHome }}
03-04 11:16:28.443   855   931 V WindowManagerShell:  Delegate animation for (#20) to null
03-04 11:16:28.443   855   931 V WindowManagerShell: start default transition animation, info = {id=20 t=OPEN f=0x0 trk=0 r=[0@Point(0, 0)] c=[{m=OPEN f=NONE leash=Surface(name=Task=12)/@0x86d4b42 sb=Rect(0, 0 - 1080, 2400) eb=Rect(0, 0 - 1080, 2400) epz=Point(1080, 2400) d=0 taskParent=-1},{m=TO_BACK f=SHOW_WALLPAPER leash=Surface(name=Task=1)/@0xa835753 sb=Rect(0, 0 - 1080, 2400) eb=Rect(0, 0 - 1080, 2400) epz=Point(1080, 2400) d=0 taskParent=-1},{m=TO_BACK f=IS_WALLPAPER leash=Surface(name=WallpaperWindowToken{ff6dea2 showWhenLocked=false})/@0xbb9a890 sb=Rect(0, 0 - 1080, 2400) eb=Rect(0, 0 - 1080, 2400) epz=Point(1080, 2400) d=0}]}
03-04 11:16:28.443   855   931 V WindowManagerShell: loadAnimation: anim=android.view.animation.AnimationSet@d88d98e animAttr=0x13 type=OPEN isEntrance=false
03-04 11:16:28.444  5082  5082 I Finsky  : [2] aiaq - Received: android.intent.action.PACKAGE_ADDED, [YDlOVLM_7X6OTQPgU7kkIZw-s1RMDzFcfeLIuFUH9Hc]
03-04 11:16:28.446   617   645 V WindowManager: Sent Transition (#20) createdAt=03-04 11:16:28.019 via request=TransitionRequestInfo { type = OPEN, triggerTask = TaskInfo{userId=0 taskId=12 effectiveUid=10218 displayId=0 isRunning=true baseIntent=Intent { act=android.intent.action.MAIN cat=[android.intent.category.LAUNCHER] flg=0x30000000 cmp=com.avrai.app/.MainActivity } baseActivity=ComponentInfo{com.avrai.app/com.avrai.app.MainActivity} topActivity=ComponentInfo{com.avrai.app/com.avrai.app.MainActivity} origActivity=null realActivity=ComponentInfo{com.avrai.app/com.avrai.app.MainActivity} numActivities=1 lastActiveTime=936658 supportsMultiWindow=true resizeMode=1 isResizeable=true minWidth=-1 minHeight=-1 defaultMinSize=220 token=WCT{RemoteToken{36b2bd Task{4533b3e #12 type=standard A=10218:com.avrai.app}}} topActivityType=1 pictureInPictureParams=null shouldDockBigOverlays=false launchIntoPipHostTaskId=-1 lastParentTaskIdBeforePip=-1 displayCutoutSafeInsets=Rect(0, 0 - 0, 0) topActivityInfo=ActivityInfo{cede0b2 com.avrai.app.MainActivity} launchCookies=[] positionInParent=Point(0, 0) parentTaskId=-1 isFocused=false isVisible=false isVisibleRequested=false isTopActivityNoDisplay=false isSleeping=false locusId=null displayAreaFeatureId=1 isTopActivityTransparent=false isActivityStackTransparent=false lastNonFullscreenBounds=Rect(284, 660 - 796, 1740) capturedLink=null capturedLinkTimestamp=0 requestedVisibleTypes=-9 topActivityRequestOpenInBrowserEducationTimestamp=0 appCompatTaskInfo=AppCompatTaskInfo { topActivityInSizeCompat=false eligibleForLetterboxEducation= false isLetterboxEducationEnabled= true isLetterboxDoubleTapEnabled= false eligibleForUserAspectRatioButton= false topActivityBoundsLetterboxed= false isFromLetterboxDoubleTap= false topActivityLetterboxVerticalPosition= -1 topActivityLetterboxHorizontalPosition= -1 topActivityLetterboxWidth=-1 topActivityLetterboxHeight=-1 topActivityAppBounds=Rect(0, 0 - 1080, 2400) isUserFullscreenOverrideEnabled=false isSystemFullscreenOverrideEnabled=false hasMinAspectRatioOverride=false topActivityLetterboxBounds=null cameraCompatTaskInfo=CameraCompatTaskInfo { freeformCameraCompatMode=inactive}} topActivityMainWindowFrame=null}, pipChange = null, remoteTransition = null, displayChange = null, flags = 0, debugId = 20 }
03-04 11:16:28.446   617   645 V WindowManager:     startWCT=WindowContainerTransaction { changes= {} hops= [] errorCallbackToken=null taskFragmentOrganizer=null }
03-04 11:16:28.446   617   645 V WindowManager:     info={id=20 t=OPEN f=0x0 trk=0 r=[0@Point(0, 0)] c=[
03-04 11:16:28.446   617   645 V WindowManager:         {WCT{RemoteToken{36b2bd Task{4533b3e #12 type=standard A=10218:com.avrai.app}}} m=OPEN f=NONE leash=Surface(name=Task=12)/@0x4531c67 sb=Rect(0, 0 - 1080, 2400) eb=Rect(0, 0 - 1080, 2400) epz=Point(1080, 2400) d=0 taskParent=-1},
03-04 11:16:28.446   617   645 V WindowManager:         {WCT{RemoteToken{138b29f Task{42087fb #1 type=home}}} m=TO_BACK f=SHOW_WALLPAPER leash=Surface(name=Task=1)/@0xc042506 sb=Rect(0, 0 - 1080, 2400) eb=Rect(0, 0 - 1080, 2400) epz=Point(1080, 2400) d=0 taskParent=-1},
03-04 11:16:28.446   617   645 V WindowManager:         {m=TO_BACK f=IS_WALLPAPER leash=Surface(name=WallpaperWindowToken{ff6dea2 showWhenLocked=false})/@0xd6cc3e1 sb=Rect(0, 0 - 1080, 2400) eb=Rect(0, 0 - 1080, 2400) epz=Point(1080, 2400) d=0}
03-04 11:16:28.446   617   645 V WindowManager:     ]}
03-04 11:16:28.491   855   931 V WindowManagerShell: loadAnimation: anim=android.view.animation.AnimationSet@bb8bdbc animAttr=0x12 type=OPEN isEntrance=true
03-04 11:16:28.491   617   648 V GrammaticalInflectionUtils: AttributionSource: android.content.AttributionSource@a30fba75 does not have READ_SYSTEM_GRAMMATICAL_GENDER permission.
03-04 11:16:28.502   617   809 D ShortcutService: received package broadcast intent: Intent { act=android.intent.action.PACKAGE_CHANGED dat=package: flg=0x5000010 (has extras) }
03-04 11:16:28.502   617   809 D ShortcutService: changing package: com.avrai.app userId=0
03-04 11:16:28.520   617   648 W ProcessStats: Tracking association SourceState{140a01e com.android.vending:background/10146 Receivr #6446} whose proc state 10 is better than process ProcessState{e8180ff com.android.vending/10146 pkg=com.android.vending (sub)} proc state 14 (0 skipped)
03-04 11:16:28.524   855   931 V WindowManagerShell:  animated by com.android.wm.shell.transition.DefaultTransitionHandler@66556c0
03-04 11:16:28.545   617   655 W ActivityManager: Slow operation: 54ms so far, now at startProcess: asking zygote to start proc
03-04 11:16:28.560   617   812 D BackgroundInstallControlService: Package event received: 0
03-04 11:16:28.588  5082  5082 I Finsky  : [2] SCH: Received scheduling request: Id: 12-1, Constraints: [{ L: 15000, D: 86400000, C: CHARGING_NONE, I: IDLE_NONE, N: NET_ANY, B: BATTERY_ANY }]
03-04 11:16:28.608   411   411 D Zygote  : Forked child process 7095
03-04 11:16:28.616  5082  5082 I Finsky  : [2] DTU: Received onPackageAdded, replacing: false
03-04 11:16:28.619   617   655 W ActivityManager: Slow operation: 128ms so far, now at startProcess: returned from zygote!
03-04 11:16:28.681  4331  4331 I Finsky:background: [2] aiag - Received: android.intent.action.PACKAGE_CHANGED, [YDlOVLM_7X6OTQPgU7kkIZw-s1RMDzFcfeLIuFUH9Hc]
03-04 11:16:28.696   988   988 W VvmPkgInstalledRcvr: carrierVvmPkgAdded: carrier vvm packages doesn't contain com.avrai.app
03-04 11:16:28.743   988   988 D CarrierSvcBindHelper: onPackageModified: com.avrai.app
03-04 11:16:28.743   988   988 D CarrierSvcBindHelper: No carrier app for: 0
03-04 11:16:28.747  4331  4418 I Finsky:background: [54] RECEIVER_PACKAGE_MONITOR_BACKGROUND#logWorkEndAndFinishGoAsync: SUCCESS
03-04 11:16:28.757   617  2951 I Role    : com.google.android.gms not qualified for android.app.role.SYSTEM_DEPENDENCY_INSTALLER due to missing RequiredComponent{mIntentFilterData=IntentFilterData{mAction='android.content.pm.action.INSTALL_DEPENDENCY', mCategories='[]', mDataScheme='null', mDataType='null'}, mMinTargetSdkVersion=1, mFlags='0', mPermission='android.permission.BIND_DEPENDENCY_INSTALLER', mQueryFlags=0, mMetaData=[]}
03-04 11:16:28.772  5082  5122 I Finsky  : [55] AIM: AppInfoManager-Perf > OnDeviceAppInfo > cacheHitCount=0, cacheMissCount=1. Missed  in cache (limit 10) : [com.avrai.app]
03-04 11:16:28.779  5082  5082 I Finsky  : [2] Clearing split related stale data.
03-04 11:16:28.794   617  2951 E RoleControllerServiceImpl: Default/fallback role holder package doesn't qualify for the role, package: com.google.android.gms, role: android.app.role.SYSTEM_DEPENDENCY_INSTALLER
03-04 11:16:28.807  5082  5122 I Finsky  : [55] AIM: Got app ownership map. App counts: . Unique apps: 0
03-04 11:16:28.810   617   714 I RoleService: Granting default roles...
03-04 11:16:28.811  5082  5122 E Finsky  : [55] [Counters] attempted to use a non-positive increment for: 4752
03-04 11:16:28.812  5082  5122 E Finsky  : [55] [Counters] attempted to use a non-positive increment for: 4753
03-04 11:16:28.829  5082  5082 I Finsky  : [2] Do not start WearSupportService due to Wear service optimization
03-04 11:16:28.830   855   931 V WindowManagerShell: Transition animation finished (aborted=false), notifying core (#20) android.os.BinderProxy@3818deb@0
03-04 11:16:28.836  4331  7092 I Finsky:background: [146] Wrote row to frosting DB: 316
03-04 11:16:28.859   999   999 D VRI[NexusLauncherActivity]: visibilityChanged oldVisibility=true newVisibility=false
03-04 11:16:28.862   617   645 V WindowManager: Finish Transition (#20): created at 03-04 11:16:28.019 collect-started=0.026ms request-sent=82.198ms started=106.132ms ready=338.159ms sent=398.653ms commit=96.047ms finished=839.172ms
03-04 11:16:28.868   999   999 D NexusLauncherModelDelegate: notifySmartspaceEvent: SmartspaceTargetEvent{mSmartspaceTarget=null, mSmartspaceActionId='null', mEventType=7}
03-04 11:16:28.874  4331  7092 I Finsky:background: [146] Wrote row to frosting DB: 317
03-04 11:16:28.911   855   931 V WindowManagerShell: Track 0 became idle
03-04 11:16:28.911   855   931 V WindowManagerShell: All active transition animations finished
03-04 11:16:28.934   988   988 E SmsApplication: com.google.android.apps.messaging lost android:read_cell_broadcasts:  (fixing)
03-04 11:16:28.943   617  1963 W AppOpService: Ignored setUidMode call for runtime permission app op: uid = 10145, code = READ_CELL_BROADCASTS, mode = allow, callingUid = 1001, oldMode = allow
03-04 11:16:28.956  4331  7092 I Finsky:background: [146] Wrote row to frosting DB: 318
03-04 11:16:28.962  5082  5122 I Finsky  : [55] AIM: AppInfoManager-Perf > ItemModel > CacheSize=0, cacheHitCount=0, cacheMissCount=1, total appsWithNoServerDataCount=0. Missed  in cache (limit 10) : [com.avrai.app]
03-04 11:16:28.988  5082  5082 I Finsky  : [2] aiaq - Received: android.intent.action.PACKAGE_CHANGED, [YDlOVLM_7X6OTQPgU7kkIZw-s1RMDzFcfeLIuFUH9Hc]
03-04 11:16:28.990  5082  5122 I Finsky  : [55] AIM: AppInfoManager-Perf > ItemModel > ItemStore Called 1 apps cacheOptions = USE_CACHE
03-04 11:16:28.999   617   698 W AppOpService: Ignored setUidMode call for runtime permission app op: uid = 1001, code = READ_SMS, mode = allow, callingUid = 1001, oldMode = allow
03-04 11:16:29.000   617  1733 W AppOpService: Ignored setUidMode call for runtime permission app op: uid = 1001, code = RECEIVE_SMS, mode = allow, callingUid = 1001, oldMode = allow
03-04 11:16:29.000   617  1733 W AppOpService: Ignored setUidMode call for runtime permission app op: uid = 1001, code = RECEIVE_WAP_PUSH, mode = allow, callingUid = 1001, oldMode = allow
03-04 11:16:29.000   617  1733 W AppOpService: Ignored setUidMode call for runtime permission app op: uid = 1001, code = SEND_SMS, mode = allow, callingUid = 1001, oldMode = allow
03-04 11:16:29.000   617   846 W AppOpService: Ignored setUidMode call for runtime permission app op: uid = 1001, code = READ_CELL_BROADCASTS, mode = allow, callingUid = 1001, oldMode = allow
03-04 11:16:29.005  5082  5122 I Finsky  : [55] AIM: ItemModel fetch - unauth(1), auth()
03-04 11:16:29.018  5082  5105 I Finsky  : [41] SCH: Received scheduling request: Id: 37-16, Constraints: [{ L: 0, D: 0, C: CHARGING_NONE, I: IDLE_NONE, N: NET_NONE, B: BATTERY_ANY }]
03-04 11:16:29.025  5082  5106 I Finsky  : [42] RECEIVER_PACKAGE_MONITOR#logWorkEndAndFinishGoAsync: SUCCESS
03-04 11:16:29.027   988  1116 D ImsResolver: maybeAddedImsService, packageName: com.avrai.app
03-04 11:16:29.027   988  1116 V ImsResolver: searchForImsServices: package=com.avrai.app, users=[UserHandle{0}]
03-04 11:16:29.032   988  1116 V ImsResolver: searchForImsServices: package=com.avrai.app, users=[UserHandle{0}]
03-04 11:16:29.066   988   988 D SatelliteController: packageStateChanged: package:com.avrai.app DefaultSmsPackageName:com.google.android.apps.messaging
03-04 11:16:29.066   988   988 V SatelliteController: Neither SMS or SatelliteGateway package
03-04 11:16:29.071   617   907 D ActivityManager: sync unfroze 4928 com.google.android.gms for 6
03-04 11:16:29.088  7095  7095 I com.avrai.app: Late-enabling -Xcheck:jni
03-04 11:16:29.092   617   617 W Looper  : Slow dispatch took 362ms main app=system_server main=true group=FOREGROUND h=com.android.server.notification.NotificationManagerService$WorkerHandler c=com.android.server.notification.NotificationManagerService$CancelNotificationRunnable@73e6ed m=0
03-04 11:16:29.092   617   617 W Looper  : Slow delivery took 360ms main app=system_server main=true group=FOREGROUND h=com.android.server.notification.NotificationManagerService$WorkerHandler c=com.android.server.notification.NotificationManagerService$CancelNotificationRunnable@a03b922 m=0
03-04 11:16:29.119   617   655 W ActivityManager: Slow operation: 628ms so far, now at startProcess: done updating battery stats
03-04 11:16:29.119   617   655 W ActivityManager: Slow operation: 628ms so far, now at startProcess: building log message
03-04 11:16:29.119   617   655 I ActivityManager: Start proc 7095:com.avrai.app/u0a218 for next-top-activity {com.avrai.app/com.avrai.app.MainActivity}
03-04 11:16:29.119   617   655 W ActivityManager: Slow operation: 628ms so far, now at startProcess: starting to update pids map
03-04 11:16:29.119   617   655 I ActivityManager: ProcessObserver broadcast disabled
03-04 11:16:29.119   617   655 W ActivityManager: Slow operation: 628ms so far, now at startProcess: done updating pids map
03-04 11:16:29.150  4331  4419 I Finsky:background: [55] RECEIVER_ENGAGE_PACKAGE_CHANGED#logWorkEndAndFinishGoAsync: SKIPPED_PRECONDITIONS_UNMET
03-04 11:16:29.166   988   988 E SmsApplication: com.google.android.apps.messaging lost android:read_cell_broadcasts:  (fixing)
03-04 11:16:29.166   617  1738 W AppOpService: Ignored setUidMode call for runtime permission app op: uid = 10145, code = READ_CELL_BROADCASTS, mode = allow, callingUid = 1001, oldMode = allow
03-04 11:16:29.195   617   617 W Looper  : Drained
03-04 11:16:29.215  5082  5141 I Finsky  : [68] AIM: AppInfoManager-Perf > OnDeviceAppInfo > cacheHitCount=0, cacheMissCount=1. Missed  in cache (limit 10) : [com.avrai.app]
03-04 11:16:29.215  5082  5141 I Finsky  : [68] ItemStore: Not cached: com.avrai.app
03-04 11:16:29.215  5082  5141 I Finsky  : [68] AIM: Got app ownership map. App counts: . Unique apps: 0
03-04 11:16:29.215  5082  5141 E Finsky  : [68] [Counters] attempted to use a non-positive increment for: 4752
03-04 11:16:29.231  7095  7095 I com.avrai.app: Using CollectorTypeCMC GC.
03-04 11:16:29.248  5082  5115 E Finsky  : [51] [Counters] attempted to use a non-positive increment for: 4753
03-04 11:16:29.267   484   501 I adbd    : jdwp connection from 7095
03-04 11:16:29.268  1425  1425 I fiis    : (REDACTED) O received %s
03-04 11:16:29.264   484   484 W adbd    : type=1400 audit(0.0:113): avc:  denied  { getattr } for  path="/sys/fs/cgroup/apps/uid_10218/pid_7095/cgroup.freeze" dev="cgroup2" ino=8879 scontext=u:r:adbd:s0 tcontext=u:object_r:cgroup_v2:s0 tclass=file permissive=0
03-04 11:16:29.355  5082  5110 I Finsky  : [46] WM::SCH: Logging work initialize for 12-1
03-04 11:16:29.360  7095  7095 D nativeloader: Load libframework-connectivity-tiramisu-jni.so using APEX ns com_android_tethering for caller /apex/com.android.tethering/javalib/framework-connectivity-t.jar: ok
03-04 11:16:29.397  5082  5088 W android.vending: Missing inline cache for java.lang.Object nkm.apply(java.lang.Object)
03-04 11:16:29.412   617  1057 D ActivityManager: sync unfroze 4005 com.google.android.googlequicksearchbox:search for 6
03-04 11:16:29.422   617   812 D BackgroundInstallControlService: Package event received: 0
03-04 11:16:29.427  4331  7092 I Finsky:background: [146] Wrote row to frosting DB: 319
03-04 11:16:29.448  5082  5088 W android.vending: Missing inline cache for java.lang.Object nkm.apply(java.lang.Object)
03-04 11:16:29.449  5082  5088 W android.vending: Missing inline cache for java.lang.Object nkm.apply(java.lang.Object)
03-04 11:16:29.473   617  1961 V SafetySourceDataValidat: Package: com.android.vending has expected signature
03-04 11:16:29.473   617  1961 V SafetySourceDataValidat: Package: com.android.vending has expected signature
03-04 11:16:29.473  5082  5088 W android.vending: Missing inline cache for java.lang.Object nkm.apply(java.lang.Object)
03-04 11:16:29.474  5082  5088 W android.vending: Missing inline cache for java.lang.Object nkm.apply(java.lang.Object)
03-04 11:16:29.474  5082  5088 W android.vending: Missing inline cache for java.lang.Object nkm.apply(java.lang.Object)
03-04 11:16:29.474  5082  5088 W android.vending: Missing inline cache for java.lang.Object nkm.apply(java.lang.Object)
03-04 11:16:29.479  5082  5110 I Finsky  : [46] WM::SCH: Logging work initialize for 37-16
03-04 11:16:29.489  5082  5122 I Finsky  : [55] AIM: AppInfoManager-Perf > ItemModel > CacheSize=0, cacheHitCount=0, cacheMissCount=1, total appsWithNoServerDataCount=0. Missed  in cache (limit 10) : [com.avrai.app]
03-04 11:16:29.513  4949  7126 I Fitness : (REDACTED) OnPackageChangedOperation got intent: %s
03-04 11:16:29.514  5082  5141 I Finsky  : [68] SCH: Scheduling phonesky job Id: 12-1, CT: 1772644588588, Constraints: [{ L: 15000, D: 86400000, C: CHARGING_NONE, I: IDLE_NONE, N: NET_ANY, B: BATTERY_ANY }]
03-04 11:16:29.541  5082  5141 I Finsky  : [68] SCH: Scheduling 1 system job(s)
03-04 11:16:29.542  5082  5141 I Finsky  : [68] SCH: Scheduling system job Id: 9358, L: 14047, D: 42849958, C: false, I: false, N: 1
03-04 11:16:29.569   617  1057 W ActivityManager: Slow operation: 57ms so far, now at attachApplicationLocked: immediately after bindApplication
03-04 11:16:29.569   617  1057 W ActivityManager: Slow operation: 57ms so far, now at attachApplicationLocked: after updateLruProcessLocked
03-04 11:16:29.573   617  1057 W ActivityManager: Slow operation: 62ms so far, now at attachApplicationLocked: after updateOomAdjLocked
03-04 11:16:29.581  5082  5122 I Finsky  : [55] AIM: AppInfoManager-Perf > ItemModel > ItemStore Called 1 apps cacheOptions = USE_CACHE
03-04 11:16:29.581  5082  5122 I Finsky  : [55] AIM: ItemModel fetch - unauth(1), auth()
03-04 11:16:29.581  5082  5122 I Finsky  : [55] ItemStore: Not cached: com.avrai.app
03-04 11:16:29.588   617   812 D BackgroundInstallControlService: Package event received: 0
03-04 11:16:29.649  5082  5146 I Finsky  : [72] SCH: Scheduling phonesky job Id: 37-16, CT: 1772644589018, Constraints: [{ L: 0, D: 0, C: CHARGING_NONE, I: IDLE_NONE, N: NET_NONE, B: BATTERY_ANY }, { L: 0, D: 0, C: CHARGING_NONE, I: IDLE_NONE, N: NET_NONE, B: BATTERY_ANY }]
03-04 11:16:29.658   617   812 D BackgroundInstallControlService: Package event received: 0
03-04 11:16:29.664  5082  5110 I Finsky  : [46] [ContentSync] finished, scheduled=true
03-04 11:16:29.689  5082  5115 I Finsky  : [51] SCH: Scheduling 1 system job(s)
03-04 11:16:29.689  5082  5115 I Finsky  : [51] SCH: Scheduling expedited system job 9352
03-04 11:16:29.713  4331  4331 I Finsky:background: [2] Memory trim requested to level 40
03-04 11:16:29.719   617  2951 E RoleControllerServiceImpl: Default/fallback role holder package doesn't qualify for the role, package: com.google.android.gms, role: android.app.role.WALLET
03-04 11:16:29.781  7095  7095 D ApplicationLoaders: Returning zygote-cached class loader: /system_ext/framework/androidx.window.extensions.jar
03-04 11:16:29.781  7095  7095 D ApplicationLoaders: Returning zygote-cached class loader: /system_ext/framework/androidx.window.sidecar.jar
03-04 11:16:29.782  5082  5082 I Finsky  : [2] Memory trim requested to level 40
03-04 11:16:29.782  5082  5082 I Finsky  : [2] Flushing in-memory image cache
03-04 11:16:29.859   617  1738 W AppOpService: Ignored setUidMode call for runtime permission app op: uid = 1001, code = READ_SMS, mode = allow, callingUid = 1001, oldMode = allow
03-04 11:16:29.865   617  1745 W AppOpService: Ignored setUidMode call for runtime permission app op: uid = 1001, code = RECEIVE_SMS, mode = allow, callingUid = 1001, oldMode = allow
03-04 11:16:29.865   617  1733 W AppOpService: Ignored setUidMode call for runtime permission app op: uid = 1001, code = RECEIVE_WAP_PUSH, mode = allow, callingUid = 1001, oldMode = allow
03-04 11:16:29.865   617  1733 W AppOpService: Ignored setUidMode call for runtime permission app op: uid = 1001, code = SEND_SMS, mode = allow, callingUid = 1001, oldMode = allow
03-04 11:16:29.865   617  1733 W AppOpService: Ignored setUidMode call for runtime permission app op: uid = 1001, code = READ_CELL_BROADCASTS, mode = allow, callingUid = 1001, oldMode = allow
03-04 11:16:29.865   988   988 D SatelliteAccessController: Current default SMS app:ComponentInfo{com.google.android.apps.messaging/com.google.android.apps.messaging.shared.receiver.SmsDeliverReceiver}
03-04 11:16:29.865   988   988 D SatelliteController: getSelectedSatelliteSubId: subId=-1
03-04 11:16:29.866   988   988 D SatelliteAccessController: supportedMsgApps:com.google.android.apps.messaging
03-04 11:16:29.897  4928  4928 D BoundBrokerSvc: onUnbind: Intent { act=com.google.android.gms.common.BIND_SHARED_PREFS xflg=0x4 pkg=com.google.android.gms }
03-04 11:16:29.932  5082  5122 E Finsky  : [55] ItemStore: getItems RPC failed for item com.avrai.app
03-04 11:16:29.932  5082  5141 E Finsky  : [68] ItemStore: getItems RPC failed for item com.avrai.app
03-04 11:16:29.956  4949  7127 I Fitness : (REDACTED) FitCleanupIntentOperation received Intent %s
03-04 11:16:29.981  5082  5082 I Finsky  : [2] SCH: job service start with id 9352.
03-04 11:16:30.064   617  2951 I system_server: AssetManager2(0xb400007c8c6d77f8) locale list changing from [] to [en-US]
03-04 11:16:30.094   617  2951 W SignedPackage: Cannot get ApplicationInfo for package: com.google.android.devicelockcontroller
03-04 11:16:30.099  5082  7094 I Finsky  : [249] SCH: Satisfied jobs for 9352 are: 37-16
03-04 11:16:30.105  5082  7132 I Finsky  : [260] SCH: Job 37-16 starting
03-04 11:16:30.108  5082  5082 I Finsky  : [2] WM::SCH: Logging work start for 37-16
03-04 11:16:30.122  5082  5082 I Finsky  : [2] Received an install/uninstall event for package com.avrai.app
03-04 11:16:30.128  5082  5082 I Finsky  : [2] SCH: jobFinished: 37-16. TimeElapsed: 21ms.
03-04 11:16:30.128  5082  5082 I Finsky  : [2] WM::SCH: Logging work end for 37-16
03-04 11:16:30.135  5082  5115 I Finsky  : [51] Not an active Cubes user. Ignoring package install/uninstall event.
03-04 11:16:30.220  4928  7137 I Auth    : (REDACTED) [SupervisedAccountIntentOperation] onHandleIntent: %s
03-04 11:16:30.240  4949  7126 I ProximityAuth: [RecentAppsMediator] Package added: (user=UserHandle{0}) com.avrai.app
03-04 11:16:30.244  4928  7137 I Blockstore: (REDACTED) [DataStoreImpl] Clearing Blockstore Data for package %s
03-04 11:16:30.244  4928  7137 I Blockstore: [DataStoreImpl] Keyless data not found or its IsLastInstallationData = false. [CONTEXT service_id=258 ]
03-04 11:16:30.256  4928  4928 D BoundBrokerSvc: onBind: Intent { act=com.google.android.gms.common.BIND_SHARED_PREFS xflg=0x4 pkg=com.google.android.gms }
03-04 11:16:30.256  4928  4928 D BoundBrokerSvc: Loading bound service for intent: Intent { act=com.google.android.gms.common.BIND_SHARED_PREFS xflg=0x4 pkg=com.google.android.gms }
03-04 11:16:30.284  4949  7127 W GCM     : Unexpected forwarded intent: Intent { act=android.intent.action.PACKAGE_ADDED dat=package: flg=0x4000010 pkg=com.google.android.gms cmp=com.google.android.gms/.chimera.PersistentIntentOperationService (has extras) }
03-04 11:16:30.295  4928  7137 I Dck     : (REDACTED) disableDckSupport: %s
03-04 11:16:30.302  4928  7137 E Dck     : Could not get ProviderInfo when resolving the content provider authority. [CONTEXT service_id=289 ]
03-04 11:16:30.302  4928  7137 E Dck     : Samsung Content Provider failed app verification [CONTEXT service_id=289 ]
03-04 11:16:30.329  4949  7139 W NetworkScheduler: Unexpected forwarded intent: Intent { act=android.intent.action.PACKAGE_ADDED dat=package: flg=0x4000010 pkg=com.google.android.gms cmp=com.google.android.gms/.chimera.PersistentIntentOperationService (has extras) }
03-04 11:16:30.330  4949  7148 I Fitness : (REDACTED) OnPackageChangedOperation got intent: %s
03-04 11:16:30.362  4928  7136 I NearbyDiscovery: (REDACTED) processGrantSlicePermission: %s
03-04 11:16:30.368  4928  7137 W Dck     : [WirelessCapabilitiesFeatures] wccSysProp: 0 [CONTEXT service_id=289 ]
03-04 11:16:30.368  4928  7137 I Dck     : [WirelessCapabilitiesFeatures] wccMendel: 3 [CONTEXT service_id=289 ]
03-04 11:16:30.368  4928  7137 I Dck     : [WirelessCapabilitiesFeatures] deviceWccOverride: false [CONTEXT service_id=289 ]
03-04 11:16:30.368  4928  7137 I Dck     : [WirelessCapabilitiesFeatures] replaceSupportedWccWithWccOverride: true [CONTEXT service_id=289 ]
03-04 11:16:30.368  4928  7137 I Dck     : [WirelessCapabilitiesFeatures] wccOverride: not set [CONTEXT service_id=289 ]
03-04 11:16:30.375  4928  7137 I Dck     : (REDACTED) [WirelessCapabilitiesFeatures] returned wcc: %s
03-04 11:16:30.393  4928  7137 I Dck     : Dck module condition - hasWccSupport: false [CONTEXT service_id=289 ]
03-04 11:16:30.393  4928  7137 I Dck     : Dck module condition - downloadAllowed: false [CONTEXT service_id=289 ]
03-04 11:16:30.393  4928  7137 W Dck     : Dck module not eligible for asynchronous downloading [CONTEXT service_id=289 ]
03-04 11:16:30.430  4949  7139 I Fitness : (REDACTED) FitCleanupIntentOperation received Intent %s
03-04 11:16:30.430   617  2951 W SignedPackage: Package doesn't have required signing certificate: com.google.android.retaildemo
03-04 11:16:30.431   617  2951 E RoleControllerServiceImpl: Default/fallback role holder package doesn't qualify for the role, package: com.google.android.gms.supervision, role: android.app.role.SYSTEM_SUPERVISION
03-04 11:16:30.451  4928  6413 I gle.android.gms: AssetManager2(0xb400007c8c68aef8) locale list changing from [] to [en-US]
03-04 11:16:30.470   617  2951 W SignedPackage: Package doesn't have required signing certificate: com.google.android.apps.work.clouddpc
