03-04 11:18:30.824   923   988 V WindowManagerShell:  Checking filter Pair{{types=[] flags=0x0] notFlags=0x0 checks=[{atype=undefined independent=true modes=[CLOSE,TO_BACK] flags=IN_TASK_WITH_EMBEDDED_ACTIVITY mustBeTask=false order=ANY topActivity=null launchCookie=null taskFragmentToken=android.os.BinderProxy@930dff windowingMode=undefined}]} RemoteTransition { remoteTransition = android.window.IRemoteTransition$Stub$Proxy@f1ad7cc, appThread = android.app.IApplicationThread$Stub$Proxy@ff63a15, debugName = overlayBackTransition }}
03-04 11:18:30.829   923   988 V WindowManagerShell:  Checking filter Pair{{types=[] flags=0x0] notFlags=0x0 checks=[{atype=dream independent=true modes=[OPEN,TO_FRONT] flags=NONE mustBeTask=false order=ANY topActivity=null launchCookie=null windowingMode=undefined},{atype=home independent=true modes=[CLOSE,TO_BACK] flags=NONE mustBeTask=false order=ANY topActivity=null launchCookie=null windowingMode=undefined}]} RemoteTransition { remoteTransition = android.window.IRemoteTransition$Stub$Proxy@2c7512a, appThread = android.app.IApplicationThread$Stub$Proxy@a148b1b, debugName = LauncherToDream }}
03-04 11:18:30.829   923   988 V WindowManagerShell:  Checking filter Pair{{types=[] flags=0x0] notFlags=0x100 checks=[{atype=home independent=true modes=[OPEN,TO_FRONT] flags=NONE mustBeTask=false order=TOP topActivity=ComponentInfo{com.google.android.apps.nexuslauncher/com.google.android.apps.nexuslauncher.NexusLauncherActivity} launchCookie=null windowingMode=undefined},{atype=standard independent=true modes=[CLOSE,TO_BACK] flags=NONE mustBeTask=false order=ANY topActivity=null launchCookie=null windowingMode=undefined},{NOT atype=undefined independent=true modes=[] flags=NONE mustBeTask=true order=ANY topActivity=null launchCookie=null customAnim=true windowingMode=undefined}]} RemoteTransition { remoteTransition = android.window.IRemoteTransition$Stub$Proxy@f03a4b8, appThread = android.app.IApplicationThread$Stub$Proxy@f0d6291, debugName = QuickstepLaunchHome }}
03-04 11:18:30.829   923   988 D RemoteTransitionHandler: Found filterPair{{types=[] flags=0x0] notFlags=0x100 checks=[{atype=home independent=true modes=[OPEN,TO_FRONT] flags=NONE mustBeTask=false order=TOP topActivity=ComponentInfo{com.google.android.apps.nexuslauncher/com.google.android.apps.nexuslauncher.NexusLauncherActivity} launchCookie=null windowingMode=undefined},{atype=standard independent=true modes=[CLOSE,TO_BACK] flags=NONE mustBeTask=false order=ANY topActivity=null launchCookie=null windowingMode=undefined},{NOT atype=undefined independent=true modes=[] flags=NONE mustBeTask=true order=ANY topActivity=null launchCookie=null customAnim=true windowingMode=undefined}]} RemoteTransition { remoteTransition = android.window.IRemoteTransition$Stub$Proxy@f03a4b8, appThread = android.app.IApplicationThread$Stub$Proxy@f0d6291, debugName = QuickstepLaunchHome }}
03-04 11:18:30.829   923   988 V WindowManagerShell:  Delegate animation for (#19) to RemoteTransition { remoteTransition = android.window.IRemoteTransition$Stub$Proxy@f03a4b8, appThread = android.app.IApplicationThread$Stub$Proxy@f0d6291, debugName = QuickstepLaunchHome }
03-04 11:18:30.830   524   524 I adbd    : Remote process closed the socket (on MSG_PEEK)
03-04 11:18:30.833   673   721 I libprocessgroup: Removed cgroup /sys/fs/cgroup/apps/uid_10217/pid_5238
03-04 11:18:30.835   457   457 I Zygote  : Process 5238 exited due to signal 9 (Killed)
03-04 11:18:30.843   673   710 V WindowManager: Sent Transition (#19) createdAt=03-04 11:18:30.694 via request=TransitionRequestInfo { type = CLOSE, triggerTask = TaskInfo{userId=0 taskId=11 effectiveUid=10217 displayId=0 isRunning=false baseIntent=Intent { act=android.intent.action.MAIN cat=[android.intent.category.LAUNCHER] flg=0x30000000 cmp=com.avrai.app/.MainActivity } baseActivity=null topActivity=null origActivity=null realActivity=ComponentInfo{com.avrai.app/com.avrai.app.MainActivity} numActivities=0 lastActiveTime=960075 supportsMultiWindow=true resizeMode=1 isResizeable=true minWidth=-1 minHeight=-1 defaultMinSize=220 token=WCT{RemoteToken{b599519 Task{36c828f #11 type=standard A=10217:com.avrai.app}}} topActivityType=1 pictureInPictureParams=null shouldDockBigOverlays=false launchIntoPipHostTaskId=-1 lastParentTaskIdBeforePip=-1 displayCutoutSafeInsets=Rect(0, 0 - 0, 0) topActivityInfo=null launchCookies=[] positionInParent=Point(0, 0) parentTaskId=-1 isFocused=true isVisible=true isVisibleRequested=true isTopActivityNoDisplay=false isSleeping=false locusId=null displayAreaFeatureId=1 isTopActivityTransparent=false isActivityStackTransparent=true lastNonFullscreenBounds=Rect(284, 660 - 796, 1740) capturedLink=null capturedLinkTimestamp=0 requestedVisibleTypes=-9 topActivityRequestOpenInBrowserEducationTimestamp=0 appCompatTaskInfo=AppCompatTaskInfo { topActivityInSizeCompat=false eligibleForLetterboxEducation= false isLetterboxEducationEnabled= false isLetterboxDoubleTapEnabled= false eligibleForUserAspectRatioButton= false topActivityBoundsLetterboxed= false isFromLetterboxDoubleTap= false topActivityLetterboxVerticalPosition= -1 topActivityLetterboxHorizontalPosition= -1 topActivityLetterboxWidth=-1 topActivityLetterboxHeight=-1 topActivityAppBounds=Rect(0, 0 - 0, 0) isUserFullscreenOverrideEnabled=false isSystemFullscreenOverrideEnabled=false hasMinAspectRatioOverride=false topActivityLetterboxBounds=null cameraCompatTaskInfo=CameraCompatTaskInfo { freeformCameraCompatMode=undefined}} topActivityMainWindowFrame=null}, pipChange = null, remoteTransition = null, displayChange = null, flags = 0, debugId = 19 }
03-04 11:18:30.843   673   710 V WindowManager:     startWCT=WindowContainerTransaction { changes= {} hops= [] errorCallbackToken=null taskFragmentOrganizer=null }
03-04 11:18:30.847   673   710 V WindowManager:     info={id=19 t=CLOSE f=0x0 trk=0 r=[0@Point(0, 0)] c=[
03-04 11:18:30.847   673   710 V WindowManager:         {WCT{RemoteToken{39638d Task{bfd79b0 #1 type=home}}} m=TO_FRONT f=SHOW_WALLPAPER|MOVE_TO_TOP leash=Surface(name=Task=1)/@0x567a56d sb=Rect(0, 0 - 1080, 2400) eb=Rect(0, 0 - 1080, 2400) epz=Point(1080, 2400) d=0 taskParent=-1},
03-04 11:18:30.847   673   710 V WindowManager:         {WCT{RemoteToken{b599519 Task{36c828f #11 type=standard A=10217:com.avrai.app}}} m=CLOSE f=NONE leash=Surface(name=Task=11)/@0x3308639 sb=Rect(0, 0 - 1080, 2400) eb=Rect(0, 0 - 1080, 2400) epz=Point(1080, 2400) d=0 taskParent=-1},
03-04 11:18:30.847   673   710 V WindowManager:         {m=TO_FRONT f=IS_WALLPAPER leash=Surface(name=WallpaperWindowToken{191073a showWhenLocked=false})/@0x4fbf984 sb=Rect(0, 0 - 1080, 2400) eb=Rect(0, 0 - 1080, 2400) epz=Point(1080, 2400) d=0}
03-04 11:18:30.847   673   710 V WindowManager:     ]}
03-04 11:18:30.851  1076  1076 D StateManager: createAtomicAnimation - fromState: Background, toState: Normal, partial trace:
03-04 11:18:30.851  1076  1076 D StateManager: 	at com.android.quickstep.util.ScalingWorkspaceRevealAnim.<init>(go/retraceme ee19ec8c009da7af1d458e7d1683a6f5bf3b93b44f6674aa108e1a3e78584fe0:39)
03-04 11:18:30.851  1076  1076 D StateManager: 	at com.android.launcher3.QuickstepTransitionManager.createWallpaperOpenAnimations(go/retraceme ee19ec8c009da7af1d458e7d1683a6f5bf3b93b44f6674aa108e1a3e78584fe0:168)
03-04 11:18:30.851  1076  1076 D StateManager: 	at com.android.launcher3.QuickstepTransitionManager$WallpaperOpenLauncherAnimationRunner.onAnimationStart(go/retraceme ee19ec8c009da7af1d458e7d1683a6f5bf3b93b44f6674aa108e1a3e78584fe0:17)
03-04 11:18:30.852  1076  1076 D b/311077782: LauncherAnimationRunner.setAnimation
03-04 11:18:30.852  1076  1118 I s.nexuslauncher: AssetManager2(0xb4000075e9d5d838) locale list changing from [] to [en-US]
03-04 11:18:30.854   673  1949 I WindowManager: WIN DEATH: Window{dd47582 u0 com.avrai.app/com.avrai.app.MainActivity}
03-04 11:18:30.855   673  1844 I ImeTracker: com.avrai.app:2856e195: onRequestHide at ORIGIN_SERVER reason HIDE_REMOVE_CLIENT fromUser false
03-04 11:18:30.856   673  1844 I ImeTracker: com.avrai.app:2856e195: onCancelled at PHASE_SERVER_SHOULD_HIDE
03-04 11:18:30.858   673   719 I WindowManager:   Force removing ActivityRecord{163639274 u0 com.avrai.app/.MainActivity t11 f} isExiting}
03-04 11:18:30.859   673   719 W WindowManager: removeAppToken: Attempted to remove non-existing token: Token{e95591c ActivityRecord{163639274 u0 com.avrai.app/.MainActivity t11 f} isExiting}}
03-04 11:18:30.861   923   988 V WindowManagerShell:  animated by com.android.wm.shell.transition.RemoteTransitionHandler@ff06416
03-04 11:18:30.862   673   719 W ProcessStats: Tracking association SourceState{5e057ec system/1000 ImpBg #3138} whose proc state 6 is better than process ProcessState{2732dfa com.google.android.apps.photos/10169 pkg=com.google.android.apps.photos} proc state 15 (0 skipped)
03-04 11:18:30.872  1076  1118 W HWUI    : Image decoding logging dropped!
03-04 11:18:30.873   673   799 I ImeTracker: com.google.android.apps.nexuslauncher:4d9b9ca4: onRequestHide at ORIGIN_SERVER reason HIDE_UNSPECIFIED_WINDOW fromUser false
03-04 11:18:30.874  1076  1076 D InsetsController: hide(ime(), fromIme=false)
03-04 11:18:30.874   673  1846 V ActivityManager: Got obituary of 5238:com.avrai.app
03-04 11:18:30.874  1076  1076 I ImeTracker: com.google.android.apps.nexuslauncher:4d9b9ca4: onCancelled at PHASE_CLIENT_ALREADY_HIDDEN
03-04 11:18:30.878  1385  1385 I GoogleInputMethodService: GoogleInputMethodService.onFinishInput():2043 
03-04 11:18:30.880   673   713 W ActivityManager: setHasOverlayUi called on unknown pid: 5238
03-04 11:18:30.881  1385  1385 I Module  : DeviceLockedStatusModuleProvider$Module.updateDeviceLockedStatus():100 repeatCheckTimes = 0, locked = false
03-04 11:18:30.882  1385  1385 I GoogleInputMethodService: GoogleInputMethodService.onStartInput():1293 onStartInput(EditorInfo{EditorInfo{packageName=com.google.android.apps.nexuslauncher, inputType=0, inputTypeString=NULL, enableLearning=false, autoCorrection=false, autoComplete=false, imeOptions=0, privateImeOptions=null, actionName=UNSPECIFIED, actionLabel=null, initialSelStart=-1, initialSelEnd=-1, initialCapsMode=0, label=null, fieldId=0, fieldName=null, extras=null, hintText=null, hintLocales=[]}}, false)
03-04 11:18:30.883   673  1249 I ImeTracker: system_server:e5570504: onRequestHide at ORIGIN_SERVER reason IME_REQUESTED_CHANGED_LISTENER fromUser false
03-04 11:18:30.883  1385  1385 I Module  : DeviceLockedStatusModuleProvider$Module.updateDeviceLockedStatus():100 repeatCheckTimes = 1, locked = false
03-04 11:18:30.883  1385  1385 I EmojiCompatManager: EmojiCompatManager.getEmojiCompatIfLoaded():343 EmojiCompat.init() was never called.
03-04 11:18:30.883  1385  1385 I EmojiCompatManager: java.lang.IllegalStateException: EmojiCompat is not initialized. Please call EmojiCompat.init() first
03-04 11:18:30.883  1385  1385 I EmojiCompatManager: 	at asx.p(PG:6)
03-04 11:18:30.883  1385  1385 I EmojiCompatManager: 	at axb.b(PG:13)
03-04 11:18:30.883  1385  1385 I EmojiCompatManager: 	at jnr.b(PG:2)
03-04 11:18:30.883  1385  1385 I EmojiCompatManager: 	at jnr.c(PG:4)
03-04 11:18:30.883  1385  1385 I EmojiCompatManager: 	at jnr.f(PG:3)
03-04 11:18:30.883  1385  1385 I EmojiCompatManager: 	at jnx.c(PG:3)
03-04 11:18:30.883  1385  1385 I EmojiCompatManager: 	at kif.cz(PG:47)
03-04 11:18:30.883  1385  1385 I EmojiCompatManager: 	at lhl.run(PG:1025)
03-04 11:18:30.883  1385  1385 I EmojiCompatManager: 	at jaf.execute(PG:12)
03-04 11:18:30.883  1385  1385 I EmojiCompatManager: 	at nco.v(PG:13)
03-04 11:18:30.883  1385  1385 I EmojiCompatManager: 	at lhn.m(PG:96)
03-04 11:18:30.883  1385  1385 I EmojiCompatManager: 	at lhn.k(PG:25)
03-04 11:18:30.883  1385  1385 I EmojiCompatManager: 	at kgn.onStartInput(PG:250)
03-04 11:18:30.883  1385  1385 I EmojiCompatManager: 	at android.inputmethodservice.InputMethodService.doStartInput(InputMethodService.java:3521)
03-04 11:18:30.883  1385  1385 I EmojiCompatManager: 	at android.inputmethodservice.InputMethodService$InputMethodImpl.startInput(InputMethodService.java:879)
03-04 11:18:30.883  1385  1385 I EmojiCompatManager: 	at android.inputmethodservice.InputMethodService$InputMethodImpl.dispatchStartInput(InputMethodService.java:908)
03-04 11:18:30.883  1385  1385 I EmojiCompatManager: 	at android.inputmethodservice.IInputMethodWrapper.executeMessage(IInputMethodWrapper.java:201)
03-04 11:18:30.883  1385  1385 I EmojiCompatManager: 	at com.android.internal.os.HandlerCaller$MyHandler.handleMessage(HandlerCaller.java:44)
03-04 11:18:30.883  1385  1385 I EmojiCompatManager: 	at android.os.Handler.dispatchMessage(Handler.java:110)
03-04 11:18:30.883  1385  1385 I EmojiCompatManager: 	at android.os.Looper.loopOnce(Looper.java:248)
03-04 11:18:30.883  1385  1385 I EmojiCompatManager: 	at android.os.Looper.loop(Looper.java:338)
03-04 11:18:30.883  1385  1385 I EmojiCompatManager: 	at android.app.ActivityThread.main(ActivityThread.java:9067)
03-04 11:18:30.883  1385  1385 I EmojiCompatManager: 	at java.lang.reflect.Method.invoke(Native Method)
03-04 11:18:30.883  1385  1385 I EmojiCompatManager: 	at com.android.internal.os.RuntimeInit$MethodAndArgsCaller.run(RuntimeInit.java:593)
03-04 11:18:30.883  1385  1385 I EmojiCompatManager: 	at com.android.internal.os.ZygoteInit.main(ZygoteInit.java:932)
03-04 11:18:30.884   673  1249 W PackageConfigPersister: App-specific configuration not found for packageName: com.google.android.apps.nexuslauncher and userId: 0
03-04 11:18:30.885   673   713 I ImeTracker: system_server:e5570504: onCancelled at PHASE_SERVER_SHOULD_HIDE
03-04 11:18:30.896   520   520 I BpBinder: onLastStrongRef automatically unlinking death recipients: 
03-04 11:18:30.919  1473  1660 I AiAiEcho: Predicting[0]:  [CONTEXT sampling_count=5 ]
03-04 11:18:30.919  1473  1660 I AiAiEcho: EchoTargets: 
03-04 11:18:30.919  1473  1660 I AiAiEcho: Filtered by AiAi flag check: 
03-04 11:18:30.919  1473  1660 I AiAiEcho: [CONTEXT ratelimit_period="10 SECONDS" ]
03-04 11:18:30.923  1473  1660 I AiAiEcho: #remoteViewsTwiddler: feature disabled.
03-04 11:18:30.927   245   258 I keystore2: system/security/keystore2/src/maintenance.rs:607 - clearNamespace(r#APP, nspace=10217)
03-04 11:18:30.943  1473  1660 I AiAiEcho: #postPredictionTargets: Sending updates to UISurface home with targets# 0 (types=[])
03-04 11:18:30.952  1587  1587 I axea    : (REDACTED) Starting %s background task %s.
03-04 11:18:30.964  1076  1076 D SsBaseTemplateCard: No text view can be set up
03-04 11:18:30.964  1076  1076 D SsBaseTemplateCard: Passed-in item info is null
03-04 11:18:30.964  1076  1076 D SsBaseTemplateCard: Passed-in item info is null
03-04 11:18:30.964  1076  1076 D SsBaseTemplateCard: Passed-in item info is null
03-04 11:18:30.964  1076  1076 I SsBaseTemplateCard: Secondary card pane is null
03-04 11:18:30.996   673   878 D BackgroundInstallControlService: Package event received: 2
03-04 11:18:30.996   673   878 D BackgroundInstallControlService: handlePackageRemove: removing com.avrai.app from 0
03-04 11:18:31.003   673  1555 E TaskPersister: File error accessing recents directory (directory doesn't exist?).
03-04 11:18:31.021   673   744 I ActivityManager: Force stopping com.avrai.app appid=10217 user=0: pkg removed
03-04 11:18:31.021   673   744 I WindowManager:   Force removing ActivityRecord{163639274 u0 com.avrai.app/.MainActivity t11 f} isExiting}
03-04 11:18:31.021   673   744 W WindowManager: removeAppToken: Attempted to remove non-existing token: Token{e95591c ActivityRecord{163639274 u0 com.avrai.app/.MainActivity t11 f} isExiting}}
03-04 11:18:31.024   673   744 W IPCThreadState: Sending oneway calls to frozen process.
03-04 11:18:31.024   673   744 W IPCThreadState: Sending oneway calls to frozen process.
03-04 11:18:31.025   673   744 W IPCThreadState: Sending oneway calls to frozen process.
03-04 11:18:31.025   673   744 W IPCThreadState: Sending oneway calls to frozen process.
03-04 11:18:31.025   673   744 W IPCThreadState: Sending oneway calls to frozen process.
03-04 11:18:31.025   673   744 W IPCThreadState: Sending oneway calls to frozen process.
03-04 11:18:31.025   673   744 W IPCThreadState: Sending oneway calls to frozen process.
03-04 11:18:31.025   673   744 W IPCThreadState: Sending oneway calls to frozen process.
03-04 11:18:31.025   673   744 W IPCThreadState: Sending oneway calls to frozen process.
03-04 11:18:31.025   673   744 W IPCThreadState: Sending oneway calls to frozen process.
03-04 11:18:31.025   673   744 W IPCThreadState: Sending oneway calls to frozen process.
03-04 11:18:31.025   673   744 W IPCThreadState: Sending oneway calls to frozen process.
03-04 11:18:31.025   673   744 W IPCThreadState: Sending oneway calls to frozen process.
03-04 11:18:31.025   673   744 W IPCThreadState: Sending oneway calls to frozen process.
03-04 11:18:31.025   673   744 W IPCThreadState: Sending oneway calls to frozen process.
03-04 11:18:31.025   673   744 W IPCThreadState: Sending oneway calls to frozen process.
03-04 11:18:31.025   673   744 W IPCThreadState: Sending oneway calls to frozen process.
03-04 11:18:31.025   673   744 W IPCThreadState: Sending oneway calls to frozen process.
03-04 11:18:31.025   673   744 W IPCThreadState: Sending oneway calls to frozen process.
03-04 11:18:31.025   673   744 W IPCThreadState: Sending oneway calls to frozen process.
03-04 11:18:31.025   673   744 W IPCThreadState: Sending oneway calls to frozen process.
03-04 11:18:31.025   673   744 W IPCThreadState: Sending oneway calls to frozen process.
03-04 11:18:31.025   673   744 W IPCThreadState: Sending oneway calls to frozen process.
03-04 11:18:31.026   673   744 W IPCThreadState: Sending oneway calls to frozen process.
03-04 11:18:31.026   673   744 W IPCThreadState: Sending oneway calls to frozen process.
03-04 11:18:31.026   673   744 W IPCThreadState: Sending oneway calls to frozen process.
03-04 11:18:31.026   673   744 W IPCThreadState: Sending oneway calls to frozen process.
03-04 11:18:31.026   673   744 W IPCThreadState: Sending oneway calls to frozen process.
03-04 11:18:31.026   673   744 W IPCThreadState: Sending oneway calls to frozen process.
03-04 11:18:31.026   673   744 W IPCThreadState: Sending oneway calls to frozen process.
03-04 11:18:31.026   673   744 W IPCThreadState: Sending oneway calls to frozen process.
03-04 11:18:31.026   673   744 W IPCThreadState: Sending oneway calls to frozen process.
03-04 11:18:31.026   673   744 W IPCThreadState: Sending oneway calls to frozen process.
03-04 11:18:31.026   673   744 W IPCThreadState: Sending oneway calls to frozen process.
03-04 11:18:31.026   673   744 W IPCThreadState: Sending oneway calls to frozen process.
03-04 11:18:31.026   673   744 W IPCThreadState: Sending oneway calls to frozen process.
03-04 11:18:31.031   673   804 V StorageManagerService: Package com.avrai.app does not have legacy storage
03-04 11:18:31.034   673  1555 E TaskPersister: File error accessing recents directory (directory doesn't exist?).
03-04 11:18:31.036   673   718 I CredentialManager: updateProvidersWhenPackageRemoved
03-04 11:18:31.045  1587  2051 W aefw    : Account id is not cached
03-04 11:18:31.048  1587  5383 I avxj    : Using pair HTTP connection
03-04 11:18:31.065  1587  5386 I acup    : [Upload] Connected
03-04 11:18:31.066   673   803 V AccessibilityManagerService: onUserStateChangedLocked for userId: 0, forceUpdate: false
03-04 11:18:31.075  1060  1260 I SatelliteAppTracker: onPackageRemoved : com.avrai.app
03-04 11:18:31.078  1060  1060 D CarrierSvcBindHelper: onPackageRemoved: com.avrai.app
03-04 11:18:31.086   673   803 W MagnificationConnectionManager: requestConnection duplicated request: connect=false, mConnectionState=DISCONNECTED
03-04 11:18:31.087  1587  5386 I avxj    : Using pair HTTP connection
03-04 11:18:31.089  1587  1587 E rya     : onError
03-04 11:18:31.089  1587  1587 E rya     : ahif: errorCode: 65561, engine: 2
03-04 11:18:31.089  1587  1587 E rya     : 	at avxl.a(PG:23)
03-04 11:18:31.089  1587  1587 E rya     : 	at acul.hp(PG:13)
03-04 11:18:31.089  1587  1587 E rya     : 	at gifa.e(PG:9)
03-04 11:18:31.089  1587  1587 E rya     : 	at aino.d(PG:156)
03-04 11:18:31.089  1587  1587 E rya     : 	at aino.iJ(PG:26)
03-04 11:18:31.089  1587  1587 E rya     : 	at acum.c(PG:104)
03-04 11:18:31.089  1587  1587 E rya     : 	at acun.run(PG:1)
03-04 11:18:31.089  1587  1587 E rya     : 	at java.util.concurrent.Executors$RunnableAdapter.call(Executors.java:524)
03-04 11:18:31.089  1587  1587 E rya     : 	at java.util.concurrent.FutureTask.run(FutureTask.java:317)
03-04 11:18:31.089  1587  1587 E rya     : 	at ahte.run(PG:37)
03-04 11:18:31.089  1587  1587 E rya     : 	at ahuc.run(PG:3)
03-04 11:18:31.089  1587  1587 E rya     : 	at ahuc.run(PG:3)
03-04 11:18:31.089  1587  1587 E rya     : 	at java.util.concurrent.ThreadPoolExecutor.runWorker(ThreadPoolExecutor.java:1156)
03-04 11:18:31.089  1587  1587 E rya     : 	at java.util.concurrent.ThreadPoolExecutor$Worker.run(ThreadPoolExecutor.java:651)
03-04 11:18:31.089  1587  1587 E rya     : 	at java.lang.Thread.run(Thread.java:1119)
03-04 11:18:31.089  1587  1587 E rya     : 	at ahst.run(PG:44)
03-04 11:18:31.089  1587  1587 E rya     : Caused by: ahih: errorCode: 65586, engine: 2
03-04 11:18:31.089  1587  1587 E rya     : 	at acul.hp(PG:6)
03-04 11:18:31.089  1587  1587 E rya     : 	... 14 more
03-04 11:18:31.089  1587  1587 E rya     : Caused by: ahid: errorCode: 401, engine: 2
03-04 11:18:31.089  1587  1587 E rya     : 	at rxx.b(PG:30)
03-04 11:18:31.089  1587  1587 E rya     : 	at acvi.hx(PG:11)
03-04 11:18:31.089  1587  1587 E rya     : 	at aino.d(PG:131)
03-04 11:18:31.089  1587  1587 E rya     : 	... 12 more
03-04 11:18:31.090   923   923 D ControlsListingControllerImpl: ServiceConfig reloaded, count: 0
03-04 11:18:31.091  1060  1060 D CarrierSvcBindHelper: No carrier app for: 0
03-04 11:18:31.091  1587  5388 I acup    : [Upload] Connected
03-04 11:18:31.092   673   673 W IPCThreadState: Sending oneway calls to frozen process.
03-04 11:18:31.092   673   673 W IPCThreadState: Sending oneway calls to frozen process.
03-04 11:18:31.092   673   673 W IPCThreadState: Sending oneway calls to frozen process.
03-04 11:18:31.093   673   719 D ActivityManager: sync unfroze 3923 com.google.android.documentsui for 3
03-04 11:18:31.094   673   673 W IPCThreadState: Sending oneway calls to frozen process.
03-04 11:18:31.095  1587  1587 W rln     : Failed to sync device settings.
03-04 11:18:31.095  1587  1587 I rln     : Retrying to sync device settings.
03-04 11:18:31.099  1587  1587 W JobInfo : Job 'com.google.android.googlequicksearchbox/com.google.android.apps.gsa.tasks.BackgroundTasksJobService#-353' has a deadline with functional constraints and an extremely short time window of 0 ms (delay=960000, deadline=960000). The functional constraints are not likely to be satisfied when the job runs.
03-04 11:18:31.101   673  1846 W JobInfo : Job 'com.google.android.googlequicksearchbox/com.google.android.apps.gsa.tasks.BackgroundTasksJobService#-353' has a deadline with functional constraints and an extremely short time window of 0 ms (delay=960000, deadline=960000). The functional constraints are not likely to be satisfied when the job runs.
03-04 11:18:31.104  1060  1060 E SmsApplication: com.google.android.apps.messaging lost android:read_cell_broadcasts:  (fixing)
03-04 11:18:31.104   673  1962 W AppOpService: Ignored setUidMode call for runtime permission app op: uid = 10145, code = READ_CELL_BROADCASTS, mode = allow, callingUid = 1001, oldMode = allow
03-04 11:18:31.107   673  1846 W JobInfo : Job 'com.google.android.googlequicksearchbox/com.google.android.apps.gsa.tasks.BackgroundTasksJobService#-353' has a deadline with functional constraints and an extremely short time window of 0 ms (delay=960000, deadline=960000). The functional constraints are not likely to be satisfied when the job runs.
03-04 11:18:31.112   673   713 I system_server: AssetManager2(0xb4000075e9d8eed8) locale list changing from [] to [en-US]
03-04 11:18:31.117   673   774 I RollbackManager: broadcast=ACTION_PACKAGE_FULLY_REMOVED pkg=com.avrai.app
03-04 11:18:31.119   673   827 W WifiService: Couldn't get PackageInfo for package:com.avrai.app
03-04 11:18:31.119   673   827 D WifiService: Remove settings for package:com.avrai.app
03-04 11:18:31.119   673   827 D WifiConfigManager: Remove all networks for app ApplicationInfo{1fb017b com.avrai.app}
03-04 11:18:31.119   673   827 I PasspointManager: No app ops listener found for com.avrai.app
03-04 11:18:31.137   673   839 E AppOps  : attributionTag VCN not declared in manifest of android
03-04 11:18:31.139   673  1249 W AppOpService: Ignored setUidMode call for runtime permission app op: uid = 1001, code = READ_SMS, mode = allow, callingUid = 1001, oldMode = allow
03-04 11:18:31.145  2671  2671 I Finsky  : [2] Memory trim requested to level 40
03-04 11:18:31.145   673   827 W WifiService: Couldn't get PackageInfo for package:com.avrai.app
03-04 11:18:31.146   673   827 D WifiService: Remove settings for package:com.avrai.app
03-04 11:18:31.146   673   827 D WifiConfigManager: Remove all networks for app ApplicationInfo{207a1e5 com.avrai.app}
03-04 11:18:31.146   673   827 I PasspointManager: No app ops listener found for com.avrai.app
03-04 11:18:31.147   673  1957 W AppOpService: Ignored setUidMode call for runtime permission app op: uid = 1001, code = RECEIVE_SMS, mode = allow, callingUid = 1001, oldMode = allow
03-04 11:18:31.147  2671  2671 I Finsky  : [2] Flushing in-memory image cache
03-04 11:18:31.148   673   875 D ShortcutService: received package broadcast intent: Intent { act=android.intent.action.PACKAGE_REMOVED dat=package: flg=0x4000010 (has extras) }
03-04 11:18:31.148   673   875 D ShortcutService: removing package: com.avrai.app userId=0
03-04 11:18:31.156   673  1957 W AppOpService: Ignored setUidMode call for runtime permission app op: uid = 1001, code = RECEIVE_WAP_PUSH, mode = allow, callingUid = 1001, oldMode = allow
03-04 11:18:31.165   673  1249 W AppOpService: Ignored setUidMode call for runtime permission app op: uid = 1001, code = SEND_SMS, mode = allow, callingUid = 1001, oldMode = allow
03-04 11:18:31.167   673   719 D ActivityManager: sync unfroze 2671 com.android.vending for 3
03-04 11:18:31.174   673  1846 W AppOpService: Ignored setUidMode call for runtime permission app op: uid = 1001, code = READ_CELL_BROADCASTS, mode = allow, callingUid = 1001, oldMode = allow
03-04 11:18:31.189   673  1962 W JobScheduler: Job didn't exist in JobStore: 1b29a34 #u0a149/-353 com.google.android.googlequicksearchbox/com.google.android.apps.gsa.tasks.BackgroundTasksJobService
03-04 11:18:31.192   673   673 D ActivityManager: sync unfroze 3903 com.android.keychain for 10
03-04 11:18:31.197   673   673 D ActivityManager: sync unfroze 2441 com.android.dynsystem:dynsystem for 10
03-04 11:18:31.199   673   673 D ActivityManager: sync unfroze 2424 com.android.dynsystem for 10
03-04 11:18:31.231   673   673 I Telecom : CarModeTracker: Package com.avrai.app is not tracked.: SSH.oR@AKQ
03-04 11:18:31.232   673   719 D ActivityManager: sync unfroze 2831 com.android.vending:background for 3
03-04 11:18:31.234   673   673 I Telecom : InCallController: updateCarModeForConnections: car mode apps: : SSH.oR@AKQ
03-04 11:18:31.235   673   673 I Telecom : InCallController: update carmode current:UserHandle{0} parent:null: SSH.oR@AKQ
03-04 11:18:31.237   673   783 I RoleService: Granting default roles...
03-04 11:18:31.244  2671  2671 I Finsky  : [2] Memory trim requested to level 40
03-04 11:18:31.244  2671  2671 I Finsky  : [2] Flushing in-memory image cache
03-04 11:18:31.244  2671  2671 I Finsky  : [2] Memory trim requested to level 40
03-04 11:18:31.244  2671  2671 I Finsky  : [2] Flushing in-memory image cache
03-04 11:18:31.255  2831  2831 I Finsky:background: [2] Memory trim requested to level 40
03-04 11:18:31.281   673   718 D LauncherAppsService: onPackageRemoved: triggering onPackageRemoved for user=UserHandle{0}, packageName=com.avrai.app
03-04 11:18:31.281   673   718 D LauncherAppsService: onPackageRemoved: triggering onPackageRemoved for user=UserHandle{0}, packageName=com.avrai.app
03-04 11:18:31.281   673   718 D LauncherAppsService: onPackageRemoved: Skipping - appId not allowed for user=UserHandle{0}, packageName=com.avrai.app
03-04 11:18:31.281   673   718 D LauncherAppsService: onPackageRemoved: triggering onPackageRemoved for user=UserHandle{0}, packageName=com.avrai.app
03-04 11:18:31.283  1076  1118 D LauncherAppsCallbackImpl: onPackageRemoved triggered for packageName=com.avrai.app, user=UserHandle{0}
03-04 11:18:31.283  1076  1118 D PackageUpdatedTask: Package updated: mOp=REMOVE packages=[com.avrai.app], user=UserHandle{0}
03-04 11:18:31.290  2831  2831 I Finsky:background: [2] Memory trim requested to level 40
03-04 11:18:31.290  2831  2831 I Finsky:background: [2] Memory trim requested to level 40
03-04 11:18:31.292   673  1961 D ActivityManager: sync unfroze 1638 com.google.android.gms for 6
03-04 11:18:31.297   673   673 D AppSearchAppsIndexerManagerS: userid in package receiver: 10217
03-04 11:18:31.299   673  3765 W SignedPackage: Package doesn't have required signing certificate: com.google.android.retaildemo
03-04 11:18:31.300   673   878 D BackgroundInstallControlService: Package event received: 0
03-04 11:18:31.300   673  3765 E RoleControllerServiceImpl: Default/fallback role holder package doesn't qualify for the role, package: com.google.android.gms.supervision, role: android.app.role.SYSTEM_SUPERVISION
03-04 11:18:31.300   673   878 D BackgroundInstallControlService: Package event received: 0
03-04 11:18:31.305  2831  2831 I Finsky:background: [2] aiag - Received: android.intent.action.PACKAGE_REMOVED, [YDlOVLM_7X6OTQPgU7kkIZw-s1RMDzFcfeLIuFUH9Hc]
03-04 11:18:31.306  2831  2831 I Finsky:background: [2] Package no longer installed: com.avrai.app
03-04 11:18:31.309   673   878 D BackgroundInstallControlService: Package event received: 0
03-04 11:18:31.326  2831  5402 I Finsky:background: [128] Frosting DB delete succeeded: true
03-04 11:18:31.332  2831  2831 I Finsky:background: [2] Package no longer installed: com.avrai.app
03-04 11:18:31.336  2671  2671 I Finsky  : [2] aiaq - Received: android.intent.action.PACKAGE_REMOVED, [YDlOVLM_7X6OTQPgU7kkIZw-s1RMDzFcfeLIuFUH9Hc]
03-04 11:18:31.339  1453  1453 W MediaProvider: WorkProfileOwnerApps cache is empty
03-04 11:18:31.340  2831  5402 I Finsky:background: [128] Frosting DB delete succeeded: false
03-04 11:18:31.342   673   673 I ConditionProviders: Disallowing condition provider com.avrai.app (userSet: true)
03-04 11:18:31.343   673   673 V ConditionProviders: enabling condition provider for 0: ComponentInfo{com.google.android.apps.wellbeing/com.google.android.apps.wellbeing.azr.impl.AzrConditionProviderService}
03-04 11:18:31.343   673   673 V ConditionProviders: Not registering ComponentInfo{com.google.android.apps.wellbeing/com.google.android.apps.wellbeing.azr.impl.AzrConditionProviderService} is already bound
03-04 11:18:31.344  1453  1453 D PickerSyncLockManager: Trying to acquire lock com.android.providers.media.photopicker.sync.CloseableReentrantLock@9b451b7[Unlocked]. Lock Name = CLOUD_PROVIDER_LOCK. Threads that may be waiting to acquire this lock = []
03-04 11:18:31.349  1453  1453 D CloseableReentrantLock: Successfully acquired lock com.android.providers.media.photopicker.sync.CloseableReentrantLock@9b451b7[Locked by thread main]. Lock Name = CLOUD_PROVIDER_LOCK. Threads that may be waiting to acquire this lock = []
03-04 11:18:31.349  1453  1453 D CloseableReentrantLock: Successfully released lock com.android.providers.media.photopicker.sync.CloseableReentrantLock@9b451b7[Unlocked]. Lock Name = CLOUD_PROVIDER_LOCK. Threads that may be waiting to acquire this lock = []
03-04 11:18:31.353   673  3765 W SignedPackage: Package doesn't have required signing certificate: com.google.android.apps.work.clouddpc
03-04 11:18:31.394   673  1012 W JobInfo : Job 'com.google.android.providers.media.module/com.android.providers.media.MediaService#-300' has a deadline with no functional constraints. The deadline won't improve job execution latency. Consider removing the deadline.
03-04 11:18:31.394  2831  2831 I Finsky:background: [2] aiag - Received: android.intent.action.PACKAGE_FULLY_REMOVED, [YDlOVLM_7X6OTQPgU7kkIZw-s1RMDzFcfeLIuFUH9Hc]
03-04 11:18:31.395  2831  2831 I Finsky:background: [2] Package no longer installed: com.avrai.app
03-04 11:18:31.395  2831  2831 I Finsky:background: [2] aiag - Deduping intent android.intent.action.PACKAGE_FULLY_REMOVED
03-04 11:18:31.398  2831  2928 I Finsky:background: [54] RECEIVER_PACKAGE_MONITOR_BACKGROUND#logWorkEndAndFinishGoAsync: SUCCESS
03-04 11:18:31.400  2831  5402 I Finsky:background: [128] Frosting DB delete succeeded: false
03-04 11:18:31.445  1076  1118 D PackageUpdatedTask: REMOVE: removing package=com.avrai.app
03-04 11:18:31.446  1076  1118 D PackageUpdatedTask: OP_REMOVE: removing packages=[com.avrai.app]
03-04 11:18:31.446  1076  1118 D ModelWriter: removing items from db . Reason: [removed because the corresponding package or component is removed. mOp=3 removedPackages=[com.avrai.app] removedComponents=[]]
03-04 11:18:31.450  1473  1473 I AiAiEcho: AppFetcherImplV2 onPackageRemoved com.avrai.app.
03-04 11:18:31.452   673  3765 I Role    : com.google.android.gms not qualified for android.app.role.SYSTEM_DEPENDENCY_INSTALLER due to missing RequiredComponent{mIntentFilterData=IntentFilterData{mAction='android.content.pm.action.INSTALL_DEPENDENCY', mCategories='[]', mDataScheme='null', mDataType='null'}, mMinTargetSdkVersion=1, mFlags='0', mPermission='android.permission.BIND_DEPENDENCY_INSTALLER', mQueryFlags=0, mMetaData=[]}
03-04 11:18:31.452   673  3765 E RoleControllerServiceImpl: Default/fallback role holder package doesn't qualify for the role, package: com.google.android.gms, role: android.app.role.SYSTEM_DEPENDENCY_INSTALLER
03-04 11:18:31.456  1218  5406 I ProximityAuth: [RecentAppsMediator] Package removed: (user=UserHandle{0}) com.avrai.app
03-04 11:18:31.468  1076  1076 D AllAppsStore: setApps: apps.length=19
03-04 11:18:31.468  1076  1076 D AllAppsStore: notifyUpdate: notifying listeners
03-04 11:18:31.468  1076  1076 D ActivityAllAppsContainerView: onAppsUpdated; number of apps: 19
03-04 11:18:31.468  1076  1076 D ActivityAllAppsContainerView: rebindAdapters: force: false
03-04 11:18:31.468  1076  1076 D ActivityAllAppsContainerView: rebindAdapters: Not needed.
03-04 11:18:31.468  1076  1076 D StatsLog: LAUNCHER_ALLAPPS_COUNT
03-04 11:18:31.469  1076  1076 D AlphabeticalAppsList: Clearing FastScrollerSections.
03-04 11:18:31.469  1076  1076 D AlphabeticalAppsList: Adding apps with sections. HasPrivateApps: false
03-04 11:18:31.469  1076  1076 D AlphabeticalAppsList: addAppsWithSections: adding sectionName: C with appInfoTitle: Calendar
03-04 11:18:31.469  1076  1076 D AlphabeticalAppsList: addAppsWithSections: adding sectionName: D with appInfoTitle: Drive
03-04 11:18:31.469  1076  1076 D AlphabeticalAppsList: addAppsWithSections: adding sectionName: F with appInfoTitle: Files
03-04 11:18:31.469  1076  1076 D AlphabeticalAppsList: addAppsWithSections: adding sectionName: G with appInfoTitle: Gmail
03-04 11:18:31.469  1076  1076 D AlphabeticalAppsList: addAppsWithSections: adding sectionName: M with appInfoTitle: Maps
03-04 11:18:31.469  1076  1076 D AlphabeticalAppsList: addAppsWithSections: adding sectionName: P with appInfoTitle: Phone
03-04 11:18:31.469  1076  1076 D AlphabeticalAppsList: addAppsWithSections: adding sectionName: S with appInfoTitle: Safety
03-04 11:18:31.469  1076  1076 D AlphabeticalAppsList: addAppsWithSections: adding sectionName: T with appInfoTitle: TMoble
03-04 11:18:31.469  1076  1076 D AlphabeticalAppsList: addAppsWithSections: adding sectionName: Y with appInfoTitle: YouTube
03-04 11:18:31.469  1076  1076 D AlphabeticalAppsList: Adding FastScrollSection duplicate to scroll to the bottom.
03-04 11:18:31.469  1076  1076 D AlphabeticalAppsList: Clearing FastScrollerSections.
03-04 11:18:31.469  1076  1076 D AlphabeticalAppsList: Adding apps with sections. HasPrivateApps: false
03-04 11:18:31.469  1076  1076 D AlphabeticalAppsList: addAppsWithSections: adding sectionName: C with appInfoTitle: Calendar
03-04 11:18:31.469  1076  1076 D AlphabeticalAppsList: addAppsWithSections: adding sectionName: D with appInfoTitle: Drive
03-04 11:18:31.469  1076  1076 D AlphabeticalAppsList: addAppsWithSections: adding sectionName: F with appInfoTitle: Files
03-04 11:18:31.469  1076  1076 D AlphabeticalAppsList: addAppsWithSections: adding sectionName: G with appInfoTitle: Gmail
03-04 11:18:31.469  1076  1076 D AlphabeticalAppsList: addAppsWithSections: adding sectionName: M with appInfoTitle: Maps
03-04 11:18:31.469  1076  1076 D AlphabeticalAppsList: addAppsWithSections: adding sectionName: P with appInfoTitle: Phone
03-04 11:18:31.469  1076  1076 D AlphabeticalAppsList: addAppsWithSections: adding sectionName: S with appInfoTitle: Safety
03-04 11:18:31.469  1076  1076 D AlphabeticalAppsList: addAppsWithSections: adding sectionName: T with appInfoTitle: TMoble
03-04 11:18:31.469  1076  1076 D AlphabeticalAppsList: addAppsWithSections: adding sectionName: Y with appInfoTitle: YouTube
03-04 11:18:31.469  1076  1076 D AlphabeticalAppsList: Adding FastScrollSection duplicate to scroll to the bottom.
03-04 11:18:31.487  1076  1076 D b/387844520: getOutlineOffsetX: measured width = 173, mNormalizedIconSize = 159, last updated width = 173
03-04 11:18:31.501  2441  2463 W ystem:dynsystem: Reducing the number of considered missed Gc histogram windows from 103 to 100
03-04 11:18:31.504  1076  1076 D b/387844520: getOutlineOffsetX: measured width = 0, mNormalizedIconSize = 159, last updated width = 0
03-04 11:18:31.504  1076  1076 D Launcher.Workspace: addInScreenFromBind: hotseat inflation with x = 3 and y = 0
03-04 11:18:31.504  1076  1076 D CellLayout: Adding view to ShortcutsAndWidgetsContainer: com.android.launcher3.uioverrides.PredictedAppIcon{3a309d6 VFED..C.. ......ID 0,0-0,0}
03-04 11:18:31.511  1076  1076 D b/387844520: calling updateRingPath from onSizeChanged
03-04 11:18:31.515  1076  1076 D b/387844520: getOutlineOffsetX: measured width = 173, mNormalizedIconSize = 159, last updated width = 173
03-04 11:18:31.524  1076  1076 D b/387844520: getOutlineOffsetX: measured width = 173, mNormalizedIconSize = 159, last updated width = 173
03-04 11:18:31.527   673  3765 E RoleControllerServiceImpl: Default/fallback role holder package doesn't qualify for the role, package: com.google.android.gms, role: android.app.role.WALLET
03-04 11:18:31.539  2671  5419 I Finsky  : [257] Asset module storage cleared for package com.avrai.app.
03-04 11:18:31.542   673  3765 W SignedPackage: Cannot get ApplicationInfo for package: com.google.android.devicelockcontroller
03-04 11:18:31.552  2831  2908 I Finsky:background: [48] IQ:PSL: skipping onPackageRemoved(replacing=false) for untracked package=com.avrai.app
03-04 11:18:31.563  2671  2671 I Finsky  : [2] Do not start WearSupportService due to Wear service optimization
03-04 11:18:31.564  2671  2671 I Finsky  : [2] Clearing split related stale data.
03-04 11:18:31.565   673   719 D ActivityManager: sync unfroze 1329 com.google.android.permissioncontroller for 3
03-04 11:18:31.590  1218  5406 E PhSharedDirectoryWriter: Failed to delete the CE shared dir for Android package: com.avrai.app. [CONTEXT service_id=51 ]
03-04 11:18:31.590  1218  5406 E PhSharedDirectoryWriter: java.lang.IllegalStateException: Failed to delete directory
03-04 11:18:31.590  1218  5406 E PhSharedDirectoryWriter: 	at gurs.r(:com.google.android.gms@260834035@26.08.34 (260400-876566425):10)
03-04 11:18:31.590  1218  5406 E PhSharedDirectoryWriter: 	at eumx.a(:com.google.android.gms@260834035@26.08.34 (260400-876566425):87)
03-04 11:18:31.590  1218  5406 E PhSharedDirectoryWriter: 	at com.google.android.gms.phenotype.notification.PackagesChangedIntentOperation.onHandleIntent(:com.google.android.gms@260834035@26.08.34 (260400-876566425):105)
03-04 11:18:31.590  1218  5406 E PhSharedDirectoryWriter: 	at com.google.android.chimera.IntentOperation.onHandleIntent(:com.google.android.gms@260834035@26.08.34 (260400-876566425):1)
03-04 11:18:31.590  1218  5406 E PhSharedDirectoryWriter: 	at baxa.onHandleIntent(:com.google.android.gms@260834035@26.08.34 (260400-876566425):84)
03-04 11:18:31.590  1218  5406 E PhSharedDirectoryWriter: 	at zwn.run(:com.google.android.gms@260834035@26.08.34 (260400-876566425):64)
03-04 11:18:31.590  1218  5406 E PhSharedDirectoryWriter: 	at zwm.run(:com.google.android.gms@260834035@26.08.34 (260400-876566425):132)
03-04 11:18:31.590  1218  5406 E PhSharedDirectoryWriter: 	at gsnm.run(:com.google.android.gms@260834035@26.08.34 (260400-876566425):19)
03-04 11:18:31.590  1218  5406 E PhSharedDirectoryWriter: 	at java.util.concurrent.ThreadPoolExecutor.runWorker(ThreadPoolExecutor.java:1156)
03-04 11:18:31.590  1218  5406 E PhSharedDirectoryWriter: 	at java.util.concurrent.ThreadPoolExecutor$Worker.run(ThreadPoolExecutor.java:651)
03-04 11:18:31.590  1218  5406 E PhSharedDirectoryWriter: 	at java.lang.Thread.run(Thread.java:1119)
03-04 11:18:31.592  1218  5406 E PhSharedDirectoryWriter: Failed to delete the DE shared dir for Android package: com.avrai.app. [CONTEXT service_id=51 ]
03-04 11:18:31.592  1218  5406 E PhSharedDirectoryWriter: java.lang.IllegalStateException: Failed to delete directory
03-04 11:18:31.592  1218  5406 E PhSharedDirectoryWriter: 	at gurs.r(:com.google.android.gms@260834035@26.08.34 (260400-876566425):10)
03-04 11:18:31.592  1218  5406 E PhSharedDirectoryWriter: 	at eumx.a(:com.google.android.gms@260834035@26.08.34 (260400-876566425):136)
03-04 11:18:31.592  1218  5406 E PhSharedDirectoryWriter: 	at com.google.android.gms.phenotype.notification.PackagesChangedIntentOperation.onHandleIntent(:com.google.android.gms@260834035@26.08.34 (260400-876566425):105)
03-04 11:18:31.592  1218  5406 E PhSharedDirectoryWriter: 	at com.google.android.chimera.IntentOperation.onHandleIntent(:com.google.android.gms@260834035@26.08.34 (260400-876566425):1)
03-04 11:18:31.592  1218  5406 E PhSharedDirectoryWriter: 	at baxa.onHandleIntent(:com.google.android.gms@260834035@26.08.34 (260400-876566425):84)
03-04 11:18:31.592  1218  5406 E PhSharedDirectoryWriter: 	at zwn.run(:com.google.android.gms@260834035@26.08.34 (260400-876566425):64)
03-04 11:18:31.592  1218  5406 E PhSharedDirectoryWriter: 	at zwm.run(:com.google.android.gms@260834035@26.08.34 (260400-876566425):132)
03-04 11:18:31.592  1218  5406 E PhSharedDirectoryWriter: 	at gsnm.run(:com.google.android.gms@260834035@26.08.34 (260400-876566425):19)
03-04 11:18:31.592  1218  5406 E PhSharedDirectoryWriter: 	at java.util.concurrent.ThreadPoolExecutor.runWorker(ThreadPoolExecutor.java:1156)
03-04 11:18:31.592  1218  5406 E PhSharedDirectoryWriter: 	at java.util.concurrent.ThreadPoolExecutor$Worker.run(ThreadPoolExecutor.java:651)
03-04 11:18:31.592  1218  5406 E PhSharedDirectoryWriter: 	at java.lang.Thread.run(Thread.java:1119)
03-04 11:18:31.605  1638  1638 D BoundBrokerSvc: onUnbind: Intent { act=com.google.android.gms.common.BIND_SHARED_PREFS xflg=0x4 pkg=com.google.android.gms }
03-04 11:18:31.657  1638  5429 I gle.android.gms: AssetManager2(0xb4000075e9cfb458) locale list changing from [] to [en-US]
03-04 11:18:31.674  1638  1638 D BoundBrokerSvc: onBind: Intent { act=com.google.android.gms.common.BIND_SHARED_PREFS xflg=0x4 pkg=com.google.android.gms }
03-04 11:18:31.675  1638  1638 D BoundBrokerSvc: Loading bound service for intent: Intent { act=com.google.android.gms.common.BIND_SHARED_PREFS xflg=0x4 pkg=com.google.android.gms }
03-04 11:18:31.679  2671  5409 I Finsky  : [256] SCH: Received scheduling request: Id: 12-1, Constraints: [{ L: 15000, D: 86400000, C: CHARGING_NONE, I: IDLE_NONE, N: NET_ANY, B: BATTERY_ANY }]
03-04 11:18:31.691  2831  2836 W ding:background: Suspending all threads took: 13.741ms
03-04 11:18:31.703  1218  5406 I Fitness : (REDACTED) FitCleanupIntentOperation received Intent %s
03-04 11:18:31.720  1453  1780 I MediaProvider: Begin Intent { act=android.intent.action.PACKAGE_FULLY_REMOVED dat=package: flg=0x5000010 cmp=com.google.android.providers.media.module/com.android.providers.media.MediaService (has extras) }
03-04 11:18:31.720  2831  2902 W ding:background: Weak pointer dereference blocked for 13 milliseconds.
03-04 11:18:31.750  1473  1660 I AiAiEcho: [pnb-agg] Reload pnb aggregation on events deleted
03-04 11:18:31.750  1473  1660 I AiAiEcho: [pnb-agg] pnb aggregation disabled.
03-04 11:18:31.753   673   878 D BackgroundInstallControlService: Package event received: 0
03-04 11:18:31.762   673  1952 W ParceledListSlice: Element #26 is 20848 bytes.
03-04 11:18:31.763   673  1952 W ParceledListSlice: Element #27 is 20884 bytes.
03-04 11:18:31.766   673  1963 W ParceledListSlice: Element #28 is 20724 bytes.
03-04 11:18:31.767  1076  1076 D b/387844520: getOutlineOffsetX: measured width = 173, mNormalizedIconSize = 159, last updated width = 173
03-04 11:18:31.769   673  1963 W ParceledListSlice: Element #29 is 20812 bytes.
03-04 11:18:31.769   673  1963 W ParceledListSlice: Element #30 is 20748 bytes.
03-04 11:18:31.815   923   930 W System  : A resource failed to call release. 
03-04 11:18:31.815   923   930 W System  : A resource failed to call release. 
03-04 11:18:31.815   923   930 W System  : A resource failed to call release. 
03-04 11:18:31.815   923   930 W System  : A resource failed to call release. 
03-04 11:18:31.816   923   930 W System  : A resource failed to call release. 
03-04 11:18:31.816   923   930 W System  : A resource failed to call release. 
03-04 11:18:31.816   923   930 W System  : A resource failed to call release. 
03-04 11:18:31.826  1453  1780 D MediaProvider: Deleted 0 Android/media items belonging to com.avrai.app on /data/user/0/com.google.android.providers.media.module/databases/external.db
03-04 11:18:31.851  1473  1854 I ogle.android.as: AssetManager2(0xb4000075e9d1f358) locale list changing from [] to [en-US]
03-04 11:18:31.861  1076  1076 D ScalingWorkspaceRevealAnim: alpha of workspace at the end of animation: 1.0
03-04 11:18:31.864   923   988 V WindowManagerShell: Transition animation finished (aborted=false), notifying core (#19) android.os.BinderProxy@c631899@0
03-04 11:18:31.872   673   710 V WindowManager: Finish Transition (#19): created at 03-04 11:18:30.694 collect-started=0.11ms request-sent=0.239ms started=13.451ms ready=100.623ms sent=107.868ms commit=58.566ms finished=1176.635ms
03-04 11:18:31.874  1638  5435 I Blockstore: (REDACTED) [DataStoreImpl] Clearing all the restore credential for %s packages
03-04 11:18:31.874  1638  5435 W Blockstore: [DataStoreImpl] Does not contain gms package key space. [CONTEXT service_id=258 ]
03-04 11:18:31.874  1638  5435 I Blockstore: (REDACTED) [PackageIntentOperation] Deleted restore credential for package %s is successful: %s
03-04 11:18:31.881   673  1958 E IPCThreadState: Binder transaction failure. id: 278132, BR_*: 29189, error: -22 (Invalid argument)
03-04 11:18:31.881   673  1958 W ActivityManager: pid 673 system sent binder code 7 with flags 1 to frozen apps and got error -32
03-04 11:18:31.881  2831  2928 I Finsky:background: [54] RECEIVER_ENGAGE_PACKAGE_CHANGED#logWorkEndAndFinishGoAsync: SUCCESS
03-04 11:18:31.890   673  1958 W WindowManager: Exception thrown during dispatchAppVisibility Window{dd47582 u0 com.avrai.app/com.avrai.app.MainActivity EXITING}
03-04 11:18:31.890   673  1958 W WindowManager: android.os.DeadObjectException
03-04 11:18:31.890   673  1958 W WindowManager: 	at android.os.BinderProxy.transactNative(Native Method)
03-04 11:18:31.890   673  1958 W WindowManager: 	at android.os.BinderProxy.transact(BinderProxy.java:592)
03-04 11:18:31.890   673  1958 W WindowManager: 	at android.view.IWindow$Stub$Proxy.dispatchAppVisibility(IWindow.java:557)
03-04 11:18:31.890   673  1958 W WindowManager: 	at com.android.server.wm.WindowState.sendAppVisibilityToClients(WindowState.java:3151)
03-04 11:18:31.890   673  1958 W WindowManager: 	at com.android.server.wm.WindowContainer.sendAppVisibilityToClients(WindowContainer.java:1311)
03-04 11:18:31.890   673  1958 W WindowManager: 	at com.android.server.wm.WindowToken.setClientVisible(WindowToken.java:389)
03-04 11:18:31.890   673  1958 W WindowManager: 	at com.android.server.wm.ActivityRecord.setClientVisible(ActivityRecord.java:6650)
03-04 11:18:31.890   673  1958 W WindowManager: 	at com.android.server.wm.ActivityRecord.commitVisibility(ActivityRecord.java:5561)
03-04 11:18:31.890   673  1958 W WindowManager: 	at com.android.server.wm.Transition.finishTransition(Transition.java:1391)
03-04 11:18:31.890   673  1958 W WindowManager: 	at com.android.server.wm.TransitionController.finishTransition(TransitionController.java:1029)
03-04 11:18:31.890   673  1958 W WindowManager: 	at com.android.server.wm.WindowOrganizerController.finishTransition(WindowOrganizerController.java:496)
03-04 11:18:31.890   673  1958 W WindowManager: 	at android.window.IWindowOrganizerController$Stub.onTransact(IWindowOrganizerController.java:261)
03-04 11:18:31.890   673  1958 W WindowManager: 	at com.android.server.wm.WindowOrganizerController.onTransact(WindowOrganizerController.java:223)
03-04 11:18:31.890   673  1958 W WindowManager: 	at android.os.Binder.execTransactInternal(Binder.java:1421)
03-04 11:18:31.890   673  1958 W WindowManager: 	at android.os.Binder.execTransact(Binder.java:1365)
03-04 11:18:31.890   673  1958 W Process : Unable to open /proc/5238/status
03-04 11:18:31.909  1473  1854 I ogle.android.as: AssetManager2(0xb4000075e9d04a58) locale list changing from [] to [en-US]
03-04 11:18:31.917   923   988 V WindowManagerShell: Track 0 became idle
