03-04 11:17:03.678  4949  7302 E PhSharedDirectoryWriter: 	at com.google.android.gms.phenotype.notification.PackagesChangedIntentOperation.onHandleIntent(:com.google.android.gms@260834035@26.08.34 (260400-876566425):105)
03-04 11:17:03.678  4949  7302 E PhSharedDirectoryWriter: 	at com.google.android.chimera.IntentOperation.onHandleIntent(:com.google.android.gms@260834035@26.08.34 (260400-876566425):1)
03-04 11:17:03.678  4949  7302 E PhSharedDirectoryWriter: 	at baxa.onHandleIntent(:com.google.android.gms@260834035@26.08.34 (260400-876566425):84)
03-04 11:17:03.678  4949  7302 E PhSharedDirectoryWriter: 	at zwn.run(:com.google.android.gms@260834035@26.08.34 (260400-876566425):64)
03-04 11:17:03.678  4949  7302 E PhSharedDirectoryWriter: 	at zwm.run(:com.google.android.gms@260834035@26.08.34 (260400-876566425):132)
03-04 11:17:03.678  4949  7302 E PhSharedDirectoryWriter: 	at gsnm.run(:com.google.android.gms@260834035@26.08.34 (260400-876566425):19)
03-04 11:17:03.678  4949  7302 E PhSharedDirectoryWriter: 	at java.util.concurrent.ThreadPoolExecutor.runWorker(ThreadPoolExecutor.java:1156)
03-04 11:17:03.678  4949  7302 E PhSharedDirectoryWriter: 	at java.util.concurrent.ThreadPoolExecutor$Worker.run(ThreadPoolExecutor.java:651)
03-04 11:17:03.678  4949  7302 E PhSharedDirectoryWriter: 	at java.lang.Thread.run(Thread.java:1119)
03-04 11:17:03.678  5082  5082 I Finsky  : [2] Memory trim requested to level 40
03-04 11:17:03.678  5082  5082 I Finsky  : [2] Flushing in-memory image cache
03-04 11:17:03.682  4949  7302 E PhSharedDirectoryWriter: Failed to delete the DE shared dir for Android package: com.avrai.app. [CONTEXT service_id=51 ]
03-04 11:17:03.682  4949  7302 E PhSharedDirectoryWriter: java.lang.IllegalStateException: Failed to delete directory
03-04 11:17:03.682  4949  7302 E PhSharedDirectoryWriter: 	at gurs.r(:com.google.android.gms@260834035@26.08.34 (260400-876566425):10)
03-04 11:17:03.682  4949  7302 E PhSharedDirectoryWriter: 	at eumx.a(:com.google.android.gms@260834035@26.08.34 (260400-876566425):136)
03-04 11:17:03.682  4949  7302 E PhSharedDirectoryWriter: 	at com.google.android.gms.phenotype.notification.PackagesChangedIntentOperation.onHandleIntent(:com.google.android.gms@260834035@26.08.34 (260400-876566425):105)
03-04 11:17:03.682  4949  7302 E PhSharedDirectoryWriter: 	at com.google.android.chimera.IntentOperation.onHandleIntent(:com.google.android.gms@260834035@26.08.34 (260400-876566425):1)
03-04 11:17:03.682  4949  7302 E PhSharedDirectoryWriter: 	at baxa.onHandleIntent(:com.google.android.gms@260834035@26.08.34 (260400-876566425):84)
03-04 11:17:03.682  4949  7302 E PhSharedDirectoryWriter: 	at zwn.run(:com.google.android.gms@260834035@26.08.34 (260400-876566425):64)
03-04 11:17:03.682  4949  7302 E PhSharedDirectoryWriter: 	at zwm.run(:com.google.android.gms@260834035@26.08.34 (260400-876566425):132)
03-04 11:17:03.682  4949  7302 E PhSharedDirectoryWriter: 	at gsnm.run(:com.google.android.gms@260834035@26.08.34 (260400-876566425):19)
03-04 11:17:03.682  4949  7302 E PhSharedDirectoryWriter: 	at java.util.concurrent.ThreadPoolExecutor.runWorker(ThreadPoolExecutor.java:1156)
03-04 11:17:03.682  4949  7302 E PhSharedDirectoryWriter: 	at java.util.concurrent.ThreadPoolExecutor$Worker.run(ThreadPoolExecutor.java:651)
03-04 11:17:03.682  4949  7302 E PhSharedDirectoryWriter: 	at java.lang.Thread.run(Thread.java:1119)
03-04 11:17:03.718  1292  1292 D PersistedStoragePackageUninstalledReceiver: Received android.intent.action.PACKAGE_FULLY_REMOVED for com.avrai.app for u0
03-04 11:17:03.730  4949  7297 I Fitness : (REDACTED) FitCleanupIntentOperation received Intent %s
03-04 11:17:03.798   617   653 I CredentialManager: updateProvidersWhenPackageRemoved
03-04 11:17:03.820  1392  1920 I FuseDaemon: Successfully deleted rows in leveldb for owner_id:  and ownerPackageIdentifier: com.avrai.app::0
03-04 11:17:03.823  1392  1920 D MediaGrants: Removed 0 media_grants for 0 user for [com.avrai.app]. Reason: Package orphaned
03-04 11:17:03.892   617  1647 D ActivityManager: sync unfroze 4005 com.google.android.googlequicksearchbox:search for 6
03-04 11:17:03.893   617   812 D BackgroundInstallControlService: Package event received: 0
03-04 11:17:03.901  1392  1920 I MediaProvider: End Intent { act=android.intent.action.PACKAGE_FULLY_REMOVED dat=package: flg=0x5000010 cmp=com.google.android.providers.media.module/com.android.providers.media.MediaService (has extras) }
03-04 11:17:03.914   617  2951 E RoleControllerServiceImpl: Default/fallback role holder package doesn't qualify for the role, package: com.google.android.gms, role: android.app.role.WALLET
03-04 11:17:03.933  4928  5040 I Icing   : IndexChimeraService.getServiceInterface callingPackage=com.google.android.gms componentName=AppsCorpus serviceId=36
03-04 11:17:03.940  4928  4928 D BoundBrokerSvc: onBind: Intent { act=com.google.android.gms.feedback.internal.IFeedbackService dat=chimera-action:/... xflg=0x4 cmp=com.google.android.gms/.chimera.GmsBoundBrokerService }
03-04 11:17:03.941  4928  4928 D BoundBrokerSvc: Loading bound service for intent: Intent { act=com.google.android.gms.feedback.internal.IFeedbackService dat=chimera-action:/... xflg=0x4 cmp=com.google.android.gms/.chimera.GmsBoundBrokerService }
03-04 11:17:03.986   855   868 D RingtonePlayer: playAsync(uri=content://settings/system/notification_sound, user=UserHandle{0})
03-04 11:17:03.991   617   617 D FlashNotifController: requestStartFlashNotification
03-04 11:17:03.992   617   617 I FlashNotifController: startFlashNotification: type=1, tag=android
03-04 11:17:03.992   617   617 D FlashNotifController: Flash notification is disabled
03-04 11:17:03.996   855   868 D RingtonePlayer: play uri=content://settings/system/notification_sound
03-04 11:17:04.000   617   812 D BackgroundInstallControlService: Package event received: 0
03-04 11:17:04.006   617   617 W NotificationHistory: Attempted to add notif for locked/gone/disabled user 0
03-04 11:17:04.008   617   617 W Looper  : Slow dispatch took 128ms main app=system_server main=true group=FOREGROUND h=com.android.server.notification.NotificationManagerService$WorkerHandler c=com.android.server.notification.NotificationManagerService$PostNotificationRunnable@56e1c71 m=0
03-04 11:17:04.020   999   999 I NotificationListener: received notification posted event - android#UserHandle{0},category=-1
03-04 11:17:04.031   855  7315 D RingtonePlayer: RemoveFirst
03-04 11:17:04.031   855  7315 D RingtonePlayer: PLAY
03-04 11:17:04.031   855  7315 D RingtonePlayer: startSound()
03-04 11:17:04.032   617   812 D BackgroundInstallControlService: Package event received: 0
03-04 11:17:04.043  1408  1893 W AiAiEcho: LyftNotificationParser Ridesharing ETA not enabled
03-04 11:17:04.044  1408  1893 I AiAiEcho: SmartspaceNotificationPredictor no parser can handle this notification or notification is invalid
03-04 11:17:04.048   855  7316 D RingtonePlayer: in run: new looper Looper (Thread-3, tid 83) {a212914}
03-04 11:17:04.114   855  7316 D AudioSystem: onNewServiceWithAdapter: media.audio_flinger service obtained 0xb400007d5c6640f0
03-04 11:17:04.135   855  7316 D AudioSystem: getService: checking for service media.audio_flinger: 0xb400007d9c6ccc50
03-04 11:17:04.202   855   855 I ndroid.systemui: AssetManager2(0xb400007c8c67dd98) locale list changing from [] to [en-US]
03-04 11:17:04.219   855   855 I ndroid.systemui: AssetManager2(0xb400007c8c67f9b8) locale list changing from [] to [en-US]
03-04 11:17:04.268   553  2919 D NuPlayerDriver: NuPlayerDriver(0xb40000746878c290) created, clientPid(855)
03-04 11:17:04.293   190   190 I hwservicemanager: getTransport: Cannot find entry android.hardware.media.omx@1.0::IOmx/default in either framework or device VINTF manifest.
03-04 11:17:04.296   553  2919 D MediaPlayerService: OMX service is not available
03-04 11:17:04.303  4928  6413 I Icing   : Usage reports ok 0, Failed Usage reports 0, indexed 0, rejected 0
03-04 11:17:04.367   553  2919 D AudioSystem: onNewService: media.audio_policy service obtained 0xb40000763878b170
03-04 11:17:04.368   617  2951 I system_server: AssetManager2(0xb400007c8c6d9738) locale list changing from [] to [en-US]
03-04 11:17:04.368   553  2919 D AudioSystem: getService: checking for service media.audio_policy: 0xb40000763878b170
03-04 11:17:04.373   553  7322 D GenericSource: FileSource remote
03-04 11:17:04.404   617  2951 W SignedPackage: Cannot get ApplicationInfo for package: com.google.android.devicelockcontroller
03-04 11:17:04.410   855  7316 D RingtonePlayer: requesting AudioFocus
03-04 11:17:04.423   617  1647 I MediaFocusControl: requestAudioFocus() from uid/pid 10185/855 AA=USAGE_NOTIFICATION/CONTENT_TYPE_SONIFICATION clientId=android.media.AudioManager@cbacbb0 callingPack=com.android.systemui req=3 flags=0x0 sdk=36
03-04 11:17:04.425   617  1647 I AS.FadeOutManager: unfadeOutUid() uid:10185
03-04 11:17:04.427   855  7316 D RingtonePlayer: notification will be delayed by 500ms
03-04 11:17:04.432  4928  5040 I Icing   : IndexChimeraService.getServiceInterface callingPackage=com.google.android.gms componentName=null serviceId=30
03-04 11:17:04.443   617   731 I system_server: AssetManager2(0xb400007c8c6d77f8) locale list changing from [] to [en-US]
03-04 11:17:04.452   617   712 D ActivityManager: freezing 2647 com.google.android.configupdater
03-04 11:17:04.464   617   763 D InetDiagMessage: Destroyed 0 sockets, proto=IPPROTO_TCP, family=AF_INET, states=14
03-04 11:17:04.464   617   763 D InetDiagMessage: Destroyed 0 sockets, proto=IPPROTO_TCP, family=AF_INET6, states=14
03-04 11:17:04.464   617   763 D InetDiagMessage: Destroyed live tcp sockets for uids={10132} in 1ms
03-04 11:17:04.470   617   653 D LauncherAppsService: onPackageRemoved: triggering onPackageRemoved for user=UserHandle{0}, packageName=com.avrai.app
03-04 11:17:04.500   999  1031 D LauncherAppsCallbackImpl: onPackageRemoved triggered for packageName=com.avrai.app, user=UserHandle{0}
03-04 11:17:04.500   617   653 D LauncherAppsService: onPackageRemoved: triggering onPackageRemoved for user=UserHandle{0}, packageName=com.avrai.app
03-04 11:17:04.500   617   653 D LauncherAppsService: onPackageRemoved: triggering onPackageRemoved for user=UserHandle{0}, packageName=com.avrai.app
03-04 11:17:04.501   999  1031 D PackageUpdatedTask: Package updated: mOp=REMOVE packages=[com.avrai.app], user=UserHandle{0}
03-04 11:17:04.533  1408  1408 I AiAiEcho: AppFetcherImplV2 onPackageRemoved com.avrai.app.
03-04 11:17:04.563   999  1031 D PackageUpdatedTask: REMOVE: removing package=com.avrai.app
03-04 11:17:04.563   999   999 D AllAppsStore: setApps: apps.length=19
03-04 11:17:04.563   999   999 D AllAppsStore: notifyUpdate: notifying listeners
03-04 11:17:04.563   999   999 D ActivityAllAppsContainerView: onAppsUpdated; number of apps: 19
03-04 11:17:04.563   999   999 D ActivityAllAppsContainerView: rebindAdapters: force: false
03-04 11:17:04.563   999   999 D ActivityAllAppsContainerView: rebindAdapters: Not needed.
03-04 11:17:04.563   999   999 D StatsLog: LAUNCHER_ALLAPPS_COUNT
03-04 11:17:04.563   999   999 D AlphabeticalAppsList: Clearing FastScrollerSections.
03-04 11:17:04.564   999   999 D AlphabeticalAppsList: Adding apps with sections. HasPrivateApps: false
03-04 11:17:04.564   999   999 D AlphabeticalAppsList: addAppsWithSections: adding sectionName: C with appInfoTitle: Calendar
03-04 11:17:04.564   999   999 D AlphabeticalAppsList: addAppsWithSections: adding sectionName: D with appInfoTitle: Drive
03-04 11:17:04.564   999   999 D AlphabeticalAppsList: addAppsWithSections: adding sectionName: F with appInfoTitle: Files
03-04 11:17:04.564   999   999 D AlphabeticalAppsList: addAppsWithSections: adding sectionName: G with appInfoTitle: Gmail
03-04 11:17:04.564   999   999 D AlphabeticalAppsList: addAppsWithSections: adding sectionName: M with appInfoTitle: Maps
03-04 11:17:04.564   999   999 D AlphabeticalAppsList: addAppsWithSections: adding sectionName: P with appInfoTitle: Phone
03-04 11:17:04.564   999   999 D AlphabeticalAppsList: addAppsWithSections: adding sectionName: S with appInfoTitle: Safety
03-04 11:17:04.564   999   999 D AlphabeticalAppsList: addAppsWithSections: adding sectionName: T with appInfoTitle: TMoble
03-04 11:17:04.564   999   999 D AlphabeticalAppsList: addAppsWithSections: adding sectionName: Y with appInfoTitle: YouTube
03-04 11:17:04.564   999   999 D AlphabeticalAppsList: Adding FastScrollSection duplicate to scroll to the bottom.
03-04 11:17:04.564   999   999 D AlphabeticalAppsList: Clearing FastScrollerSections.
03-04 11:17:04.564   999   999 D AlphabeticalAppsList: Adding apps with sections. HasPrivateApps: false
03-04 11:17:04.564   999   999 D AlphabeticalAppsList: addAppsWithSections: adding sectionName: C with appInfoTitle: Calendar
03-04 11:17:04.564   999   999 D AlphabeticalAppsList: addAppsWithSections: adding sectionName: D with appInfoTitle: Drive
03-04 11:17:04.564   999   999 D AlphabeticalAppsList: addAppsWithSections: adding sectionName: F with appInfoTitle: Files
03-04 11:17:04.564   999   999 D AlphabeticalAppsList: addAppsWithSections: adding sectionName: G with appInfoTitle: Gmail
03-04 11:17:04.564   999   999 D AlphabeticalAppsList: addAppsWithSections: adding sectionName: M with appInfoTitle: Maps
03-04 11:17:04.564   999   999 D AlphabeticalAppsList: addAppsWithSections: adding sectionName: P with appInfoTitle: Phone
03-04 11:17:04.564   999   999 D AlphabeticalAppsList: addAppsWithSections: adding sectionName: S with appInfoTitle: Safety
03-04 11:17:04.564   999   999 D AlphabeticalAppsList: addAppsWithSections: adding sectionName: T with appInfoTitle: TMoble
03-04 11:17:04.564   999   999 D AlphabeticalAppsList: addAppsWithSections: adding sectionName: Y with appInfoTitle: YouTube
03-04 11:17:04.564   999   999 D AlphabeticalAppsList: Adding FastScrollSection duplicate to scroll to the bottom.
03-04 11:17:04.564   999  1031 D PackageUpdatedTask: OP_REMOVE: removing packages=[com.avrai.app]
03-04 11:17:04.564   999  1031 D ModelWriter: removing items from db . Reason: [removed because the corresponding package or component is removed. mOp=3 removedPackages=[com.avrai.app] removedComponents=[]]
03-04 11:17:04.570  4928  6413 I Icing   : Usage reports ok 0, Failed Usage reports 0, indexed 0, rejected 0
03-04 11:17:04.570  4928  6413 I Icing   : Indexing com.google.android.gms-apps from com.google.android.gms
03-04 11:17:04.574   999   999 D b/387844520: getOutlineOffsetX: measured width = 173, mNormalizedIconSize = 159, last updated width = 173
03-04 11:17:04.578   999   999 D b/387844520: getOutlineOffsetX: measured width = 0, mNormalizedIconSize = 159, last updated width = 0
03-04 11:17:04.579   999   999 D Launcher.Workspace: addInScreenFromBind: hotseat inflation with x = 3 and y = 0
03-04 11:17:04.579   999   999 D CellLayout: Adding view to ShortcutsAndWidgetsContainer: com.android.launcher3.uioverrides.PredictedAppIcon{23869 VFED..C.. ......ID 0,0-0,0}
03-04 11:17:04.581   617   812 D BackgroundInstallControlService: Package event received: 0
03-04 11:17:04.581   617   812 D BackgroundInstallControlService: Package event received: 0
03-04 11:17:04.584   999   999 D b/387844520: calling updateRingPath from onSizeChanged
03-04 11:17:04.587   999   999 D b/387844520: getOutlineOffsetX: measured width = 173, mNormalizedIconSize = 159, last updated width = 173
03-04 11:17:04.596   999   999 D b/387844520: getOutlineOffsetX: measured width = 173, mNormalizedIconSize = 159, last updated width = 173
03-04 11:17:04.652  1408  1842 I ogle.android.as: AssetManager2(0xb400007c8c63aa98) locale list changing from [] to [en-US]
03-04 11:17:04.663   999   999 D b/387844520: getOutlineOffsetX: measured width = 173, mNormalizedIconSize = 159, last updated width = 173
03-04 11:17:04.675   617  1647 W ParceledListSlice: Element #26 is 20848 bytes.
03-04 11:17:04.677   617  1647 W ParceledListSlice: Element #27 is 20884 bytes.
03-04 11:17:04.680   617  1647 W ParceledListSlice: Element #28 is 20724 bytes.
03-04 11:17:04.680   617  1647 W ParceledListSlice: Element #29 is 20812 bytes.
03-04 11:17:04.680   617  1647 W ParceledListSlice: Element #30 is 20748 bytes.
03-04 11:17:04.748  1408  1673 I AiAiEcho: [pnb-agg] Reload pnb aggregation on events deleted
03-04 11:17:04.752  1408  1673 I AiAiEcho: [pnb-agg] pnb aggregation disabled.
03-04 11:17:04.763  1408  1842 I ogle.android.as: AssetManager2(0xb400007c8c65bdd8) locale list changing from [] to [en-US]
03-04 11:17:04.785  1408  1842 I ogle.android.as: AssetManager2(0xb400007c8c65e358) locale list changing from [] to [en-US]
03-04 11:17:04.811  1408  1842 I ogle.android.as: AssetManager2(0xb400007c8c65cd78) locale list changing from [] to [en-US]
03-04 11:17:04.814   617   731 V AccessibilityManagerService: onUserStateChangedLocked for userId: 0, forceUpdate: false
03-04 11:17:04.825  1408  1842 I ogle.android.as: AssetManager2(0xb400007c8c65c738) locale list changing from [] to [en-US]
03-04 11:17:04.861   617   731 W MagnificationConnectionManager: requestConnection duplicated request: connect=false, mConnectionState=DISCONNECTED
03-04 11:17:04.862   617   617 W IPCThreadState: Sending oneway calls to frozen process.
03-04 11:17:04.862   617   617 W IPCThreadState: Sending oneway calls to frozen process.
03-04 11:17:04.862   617   617 W IPCThreadState: Sending oneway calls to frozen process.
03-04 11:17:04.864  1408  1842 I ogle.android.as: AssetManager2(0xb400007c8c65e038) locale list changing from [] to [en-US]
03-04 11:17:04.878  1408  1842 I ogle.android.as: AssetManager2(0xb400007c8c65b158) locale list changing from [] to [en-US]
03-04 11:17:04.902  1408  1842 I ogle.android.as: AssetManager2(0xb400007c8c65bab8) locale list changing from [] to [en-US]
03-04 11:17:04.907  1408  1842 I ogle.android.as: AssetManager2(0xb400007c8c658278) locale list changing from [] to [en-US]
03-04 11:17:04.921  4928  6413 I Icing   : Indexing done com.google.android.gms-apps
03-04 11:17:04.931  1408  1842 I ogle.android.as: AssetManager2(0xb400007c8c662818) locale list changing from [] to [en-US]
03-04 11:17:04.933   553  7319 I GenericSource: start
03-04 11:17:04.937   855  7316 D RingtonePlayer: player.start piid:79
03-04 11:17:04.943   553  7329 D CCodec  : allocate(c2.android.vorbis.decoder)
03-04 11:17:04.944   553  7329 I CCodec  : setting up 'default' as default (vendor) store
03-04 11:17:04.970   855  1264 D BufferPoolAccessor2.0: bufferpool2 0xb400007cec655e48 : 0(0 size) total buffers - 0(0 size) used buffers - 2/7 (recycle/alloc) - 5/36 (fetch/transfer)
03-04 11:17:04.971   855  1264 D BufferPoolAccessor2.0: Destruction - bufferpool2 0xb400007cec655e48 cached: 0/0M, 0/0% in use; allocs: 7, 29% recycled; transfers: 36, 86% unfetched
03-04 11:17:04.972   855  1264 D BufferPoolAccessor2.0: bufferpool2 0xb400007cec65a3a8 : 0(0 size) total buffers - 0(0 size) used buffers - 1/7 (recycle/alloc) - 6/38 (fetch/transfer)
03-04 11:17:04.972   855  1264 D BufferPoolAccessor2.0: Destruction - bufferpool2 0xb400007cec65a3a8 cached: 0/0M, 0/0% in use; allocs: 7, 14% recycled; transfers: 38, 84% unfetched
03-04 11:17:04.972   855  1264 D BufferPoolAccessor2.0: bufferpool2 0xb400007cec658348 : 0(0 size) total buffers - 0(0 size) used buffers - 2/7 (recycle/alloc) - 5/18 (fetch/transfer)
03-04 11:17:04.972   855  1264 D BufferPoolAccessor2.0: Destruction - bufferpool2 0xb400007cec658348 cached: 0/0M, 0/0% in use; allocs: 7, 29% recycled; transfers: 18, 72% unfetched
03-04 11:17:04.973   553  7329 I CCodec  : Created component [c2.android.vorbis.decoder] for [c2.android.vorbis.decoder]
03-04 11:17:04.973   553  7329 D CCodecConfig: read media type: audio/vorbis
03-04 11:17:04.974   617   880 D BufferPoolAccessor2.0: bufferpool2 0xb400007cec6d6618 : 0(0 size) total buffers - 0(0 size) used buffers - 1/7 (recycle/alloc) - 6/18 (fetch/transfer)
03-04 11:17:04.974   617   880 D BufferPoolAccessor2.0: Destruction - bufferpool2 0xb400007cec6d6618 cached: 0/0M, 0/0% in use; allocs: 7, 14% recycled; transfers: 18, 67% unfetched
03-04 11:17:04.974   617   880 D BufferPoolAccessor2.0: bufferpool2 0xb400007cec6d5398 : 0(0 size) total buffers - 0(0 size) used buffers - 2/7 (recycle/alloc) - 5/24 (fetch/transfer)
03-04 11:17:04.974   617   880 D BufferPoolAccessor2.0: Destruction - bufferpool2 0xb400007cec6d5398 cached: 0/0M, 0/0% in use; allocs: 7, 29% recycled; transfers: 24, 79% unfetched
03-04 11:17:04.975   553  7329 D ReflectedParamUpdater: extent() != 1 for single value type: algo.buffers.max-count.values
03-04 11:17:04.975   553  7329 D ReflectedParamUpdater: extent() != 1 for single value type: output.subscribed-indices.values
03-04 11:17:04.975   553  7329 D ReflectedParamUpdater: extent() != 1 for single value type: input.buffers.allocator-ids.values
03-04 11:17:04.975   553  7329 D ReflectedParamUpdater: extent() != 1 for single value type: output.buffers.allocator-ids.values
03-04 11:17:04.975   553  7329 D ReflectedParamUpdater: extent() != 1 for single value type: algo.buffers.allocator-ids.values
03-04 11:17:04.975   553  7329 D ReflectedParamUpdater: extent() != 1 for single value type: output.buffers.pool-ids.values
03-04 11:17:04.975   553  7329 D ReflectedParamUpdater: extent() != 1 for single value type: algo.buffers.pool-ids.values
03-04 11:17:04.978   553  7329 I CCodecConfig: query failed after returning 8 values (BAD_INDEX)
03-04 11:17:04.978   553  7329 D CCodecConfig: c2 config diff is Dict {
03-04 11:17:04.978   553  7329 D CCodecConfig:   c2::u32 coded.bitrate.value = 64000
03-04 11:17:04.978   553  7329 D CCodecConfig:   c2::u32 input.buffers.max-size.value = 32768
03-04 11:17:04.978   553  7329 D CCodecConfig:   c2::u32 input.delay.value = 0
03-04 11:17:04.978   553  7329 D CCodecConfig:   string input.media-type.value = "audio/vorbis"
03-04 11:17:04.978   553  7329 D CCodecConfig:   c2::u32 output.large-frame.max-size = 0
03-04 11:17:04.978   553  7329 D CCodecConfig:   c2::u32 output.large-frame.threshold-size = 0
03-04 11:17:04.978   553  7329 D CCodecConfig:   string output.media-type.value = "audio/raw"
03-04 11:17:04.978   553  7329 D CCodecConfig:   c2::u32 raw.channel-count.value = 1
03-04 11:17:04.978   553  7329 D CCodecConfig:   c2::u32 raw.sample-rate.value = 48000
03-04 11:17:04.978   553  7329 D CCodecConfig: }
03-04 11:17:04.979   553  7328 W ServiceManagerCppClient: Failed to get isDeclared for media_quality: Status(-1, EX_SECURITY): 'SELinux denied for service.'
03-04 11:17:04.979   553  7328 E MediaCodec: Media Quality Service not found.
03-04 11:17:04.979   553  7329 D CCodec  : [c2.android.vorbis.decoder] buffers are bound to CCodec for this session
03-04 11:17:04.979   553  7329 D CCodecConfig: no c2 equivalents for durationUs
03-04 11:17:04.980   553  7329 D CCodecConfig: no c2 equivalents for csd-1
03-04 11:17:04.980   553  7329 D CCodecConfig: no c2 equivalents for flags
03-04 11:17:04.980   553  7329 D CCodecConfig: c2 config diff is   c2::u32 coded.bitrate.value = 70000
03-04 11:17:04.981   553  7329 W Codec2Client: query -- param skipped: index = 1107298332.
03-04 11:17:04.981   553  7329 D CCodec  : encoding statistics level = 0
03-04 11:17:04.981   553  7329 D CCodec  : setup formats input: AMessage(what = 0x00000000) = {
03-04 11:17:04.981   553  7329 D CCodec  :   int32_t bitrate = 70000
03-04 11:17:04.981   553  7329 D CCodec  :   int32_t channel-count = 1
03-04 11:17:04.981   553  7329 D CCodec  :   int32_t max-input-size = 32768
03-04 11:17:04.981   553  7329 D CCodec  :   string mime = "audio/vorbis"
03-04 11:17:04.981   553  7329 D CCodec  :   int32_t sample-rate = 48000
03-04 11:17:04.981   553  7329 D CCodec  : }
03-04 11:17:04.981   553  7329 D CCodec  : setup formats output: AMessage(what = 0x00000000) = {
03-04 11:17:04.981   553  7329 D CCodec  :   int32_t buffer-batch-max-output-size = 0
03-04 11:17:04.981   553  7329 D CCodec  :   int32_t buffer-batch-threshold-output-size = 0
03-04 11:17:04.981   553  7329 D CCodec  :   int32_t channel-count = 1
03-04 11:17:04.981   553  7329 D CCodec  :   string mime = "audio/raw"
03-04 11:17:04.981   553  7329 D CCodec  :   int32_t sample-rate = 48000
03-04 11:17:04.981   553  7329 D CCodec  :   int32_t channel-mask = 1
03-04 11:17:04.981   553  7329 D CCodec  :   int32_t android._config-pcm-encoding = 2
03-04 11:17:04.981   553  7329 D CCodec  : }
03-04 11:17:04.981   553  7329 I CCodecConfig: query failed after returning 8 values (BAD_INDEX)
03-04 11:17:04.981   553  7329 E mediaserver: Failed to query component interface for required system resources: 6
03-04 11:17:04.981   553  7329 I MediaCodec: MediaCodec will operate in async mode
03-04 11:17:04.981   553  7328 D MediaCodec: keep callback message for reclaim
03-04 11:17:04.981   617   880 D BufferPoolAccessor2.0: bufferpool2 0xb400007cec6e2858 : 0(0 size) total buffers - 0(0 size) used buffers - 1/7 (recycle/alloc) - 6/26 (fetch/transfer)
03-04 11:17:04.981   553  7329 W Codec2Client: query -- param skipped: index = 1342179345.
03-04 11:17:04.981   553  7329 W Codec2Client: query -- param skipped: index = 2415921170.
03-04 11:17:04.982   553  7329 D C2Store : Using DMABUF Heaps
03-04 11:17:04.982   617   880 D BufferPoolAccessor2.0: Destruction - bufferpool2 0xb400007cec6e2858 cached: 0/0M, 0/0% in use; allocs: 7, 14% recycled; transfers: 26, 77% unfetched
03-04 11:17:04.982   553  7329 D CCodecBufferChannel: [c2.android.vorbis.decoder#299] Created input block pool with allocatorID 16 => poolID 17 - OK (0)
03-04 11:17:04.983   553  7329 I CCodecBufferChannel: [c2.android.vorbis.decoder#299] Created output block pool with allocatorID 16 => poolID 36 - OK
03-04 11:17:04.983   553  7329 D CCodecBufferChannel: [c2.android.vorbis.decoder#299] Configured output block pool ids 36 => OK
03-04 11:17:04.984   561   614 E Codec2-ComponentInterface: We have a failed config
03-04 11:17:04.984   553  7329 I DMABUFHEAPS: Using DMA-BUF heap named: system
03-04 11:17:04.986   561  7333 D SimpleC2Component: Using output block pool with poolID 36 => got 36 - 0
03-04 11:17:04.987   617   879 D BufferPoolAccessor2.0: bufferpool2 0xb400007cec6dc738 : 0(0 size) total buffers - 0(0 size) used buffers - 2/7 (recycle/alloc) - 5/24 (fetch/transfer)
03-04 11:17:04.987   617   879 D BufferPoolAccessor2.0: Destruction - bufferpool2 0xb400007cec6dc738 cached: 0/0M, 0/0% in use; allocs: 7, 29% recycled; transfers: 24, 79% unfetched
03-04 11:17:04.988   617   879 D BufferPoolAccessor2.0: bufferpool2 0xb400007cec6e05a8 : 0(0 size) total buffers - 0(0 size) used buffers - 1/7 (recycle/alloc) - 6/34 (fetch/transfer)
03-04 11:17:04.988   617   879 D BufferPoolAccessor2.0: Destruction - bufferpool2 0xb400007cec6e05a8 cached: 0/0M, 0/0% in use; allocs: 7, 14% recycled; transfers: 34, 82% unfetched
03-04 11:17:04.988   617   878 D BufferPoolAccessor2.0: bufferpool2 0xb400007cec6de2f8 : 0(0 size) total buffers - 0(0 size) used buffers - 1/7 (recycle/alloc) - 6/34 (fetch/transfer)
03-04 11:17:04.988   617   878 D BufferPoolAccessor2.0: Destruction - bufferpool2 0xb400007cec6de2f8 cached: 0/0M, 0/0% in use; allocs: 7, 14% recycled; transfers: 34, 82% unfetched
03-04 11:17:04.999   553  7327 D AudioSystem: onNewServiceWithAdapter: media.audio_flinger service obtained 0xb4000074e87b40d0
03-04 11:17:04.999   553  7327 D AudioSystem: getService: checking for service media.audio_flinger: 0xb400007638798c80
03-04 11:17:05.008   473  4235 D AudioFlinger: Client defaulted notificationFrames to 12512 for frameCount 25024
03-04 11:17:05.009   473  4235 I AF::PthrPatchRecord: creating track with enforcement level 0
03-04 11:17:05.034   617   639 E AppOps  : attributionTag  not declared in manifest of com.android.systemui
03-04 11:17:05.045   617  1578 E AppOps  : attributionTag  not declared in manifest of com.android.systemui
03-04 11:17:05.065   419  7337 W libprocessgroup: A JoinCgroup action in the SystemMemoryProcess profile is used for controller memory in the cgroup v2 hierarchy and will be ignored
03-04 11:17:05.074   553  2880 D MediaPlayerService: onAudioDeviceUpdate deviceIds: 2
03-04 11:17:05.091   855  7316 D AudioSystem: onNewService: media.audio_policy service obtained 0xb400007d9c685b70
03-04 11:17:05.103   855  7316 D AudioSystem: getService: checking for service media.audio_policy: 0xb400007d9c685b70
03-04 11:17:05.107   855   855 D MediaRouter: onRestoreRoute() : route=RouteInfo{ name=Phone, description=null, status=null, category=RouteCategory{ name=System types=ROUTE_TYPE_LIVE_AUDIO ROUTE_TYPE_LIVE_VIDEO  groupable=false }, supportedTypes=ROUTE_TYPE_LIVE_AUDIO ROUTE_TYPE_LIVE_VIDEO , presentationDisplay=null }
03-04 11:17:05.109   855   855 V MediaRouter: Selecting route: RouteInfo{ name=Phone, description=null, status=null, category=RouteCategory{ name=System types=ROUTE_TYPE_LIVE_AUDIO ROUTE_TYPE_LIVE_VIDEO  groupable=false }, supportedTypes=ROUTE_TYPE_LIVE_AUDIO ROUTE_TYPE_LIVE_VIDEO , presentationDisplay=null }
03-04 11:17:05.117  1408  1842 I ogle.android.as: AssetManager2(0xb400007c8c63ccf8) locale list changing from [] to [en-US]
03-04 11:17:05.147   419  7337 E android.hardware.audio@7.1-impl.ranchu: pcmOpen:181 pcm_prepare failed for nChannels=2 sampleRateHz=48000 period_count=4 period_size=544 isOut=1 with cannot prepare channel: I/O error (-1)
03-04 11:17:05.147   419  7337 E android.hardware.audio@7.1-impl.ranchu: pcmOpen:184 failure: nullptr
03-04 11:17:05.147   419  7337 E android.hardware.audio@7.1-impl.ranchu: create:245 failure: nullptr
03-04 11:17:05.148   419  7337 D android.hardware.audio@7.1-impl.ranchu: ~TinyalsaSink: joining consumeThread
03-04 11:17:05.148   419  7337 W android.hardware.audio@7.1-impl.ranchu: create:392 failed to create alsa sink for 'AUDIO_DEVICE_OUT_SPEAKER'; creating NullSink instead.
03-04 11:17:05.175  1408  1842 I ogle.android.as: AssetManager2(0xb400007c8c653db8) locale list changing from [] to [en-US]
03-04 11:17:05.181  1408  1842 I AiAiEcho: EchoSearch: WidgetFetcherImpl is initialized with [34] widgets [reason=package removed for userId: 0]
03-04 11:17:05.534   617  1492 E TaskPersister: File error accessing recents directory (directory doesn't exist?).
03-04 11:17:05.687   617   634 I system_server: Background concurrent mark compact GC freed 24MB AllocSpace bytes, 46(1316KB) LOS objects, 43% free, 31MB/55MB, paused 3.423ms,13.651ms total 3.955s
03-04 11:17:05.720   855   863 W System  : A resource failed to call release. 
03-04 11:17:05.720   855   863 W System  : A resource failed to call release. 
03-04 11:17:05.720   855   863 W System  : A resource failed to call release. 
03-04 11:17:05.720   855   863 W System  : A resource failed to call release. 
03-04 11:17:05.720   855   863 W System  : A resource failed to call release. 
03-04 11:17:05.720   855   863 W System  : A resource failed to call release. 
03-04 11:17:05.720   855   863 W System  : A resource failed to call release. 
03-04 11:17:05.722   855  1205 D LocalImageResolver: Couldn't use ImageDecoder for drawable, falling back to non-resized load.
03-04 11:17:05.776   855  1205 D LocalImageResolver: Couldn't use ImageDecoder for drawable, falling back to non-resized load.
03-04 11:17:05.813  5385  5408 I .apps.wellbeing: AssetManager2(0xb400007c8c644098) locale list changing from [] to [en-US]
03-04 11:17:05.834  5385  5408 I .apps.wellbeing: AssetManager2(0xb400007c8c6491d8) locale list changing from [] to [en-US]
03-04 11:17:05.862  5385  5408 I .apps.wellbeing: AssetManager2(0xb400007c8c63ef58) locale list changing from [] to [en-US]
03-04 11:17:05.868  5385  5408 I .apps.wellbeing: AssetManager2(0xb400007c8c649e58) locale list changing from [] to [en-US]
03-04 11:17:05.874   855   855 D TileServices: Couldn't find tile for ComponentInfo{com.google.android.apps.wellbeing/com.google.android.apps.wellbeing.focusmode.quicksettings.FocusModeTileService}(0)
03-04 11:17:05.875  5385  5408 I .apps.wellbeing: AssetManager2(0xb400007c8c652e18) locale list changing from [] to [en-US]
03-04 11:17:05.879  5385  5408 I .apps.wellbeing: AssetManager2(0xb400007c8c650258) locale list changing from [] to [en-US]
03-04 11:17:05.893  5385  5408 I .apps.wellbeing: AssetManager2(0xb400007c8c64f5d8) locale list changing from [] to [en-US]
03-04 11:17:05.899  5385  5408 I .apps.wellbeing: AssetManager2(0xb400007c8c64ec78) locale list changing from [] to [en-US]
03-04 11:17:05.904  5385  5408 I .apps.wellbeing: AssetManager2(0xb400007c8c63c398) locale list changing from [] to [en-US]
03-04 11:17:05.909  5385  5408 I .apps.wellbeing: AssetManager2(0xb400007c8c643418) locale list changing from [] to [en-US]
03-04 11:17:05.946  5385  5408 I .apps.wellbeing: AssetManager2(0xb400007c8c64a498) locale list changing from [] to [en-US]
03-04 11:17:05.962  5385  5408 I .apps.wellbeing: AssetManager2(0xb400007c8c6417f8) locale list changing from [] to [en-US]
03-04 11:17:05.978  5385  5408 I .apps.wellbeing: AssetManager2(0xb400007c8c63f8b8) locale list changing from [] to [en-US]
03-04 11:17:05.980  5385  5408 I .apps.wellbeing: AssetManager2(0xb400007c8c640858) locale list changing from [] to [en-US]
03-04 11:17:06.035  5385  5408 I .apps.wellbeing: AssetManager2(0xb400007c8c653458) locale list changing from [] to [en-US]
03-04 11:17:06.047  5385  5408 I .apps.wellbeing: AssetManager2(0xb400007c8c637258) locale list changing from [] to [en-US]
03-04 11:17:06.075  5385  5408 I .apps.wellbeing: AssetManager2(0xb400007c8c64cd38) locale list changing from [] to [en-US]
03-04 11:17:06.090  5385  5408 I .apps.wellbeing: AssetManager2(0xb400007c8c640538) locale list changing from [] to [en-US]
03-04 11:17:06.093  5385  5408 I .apps.wellbeing: AssetManager2(0xb400007c8c64dcd8) locale list changing from [] to [en-US]
03-04 11:17:06.095  5385  5408 I .apps.wellbeing: AssetManager2(0xb400007c8c63c6b8) locale list changing from [] to [en-US]
03-04 11:17:06.107  5385  5408 I .apps.wellbeing: AssetManager2(0xb400007c8c644d18) locale list changing from [] to [en-US]
03-04 11:17:06.109  5385  5408 I .apps.wellbeing: AssetManager2(0xb400007c8c647bf8) locale list changing from [] to [en-US]
03-04 11:17:06.111  5385  5408 I .apps.wellbeing: AssetManager2(0xb400007c8c647f18) locale list changing from [] to [en-US]
03-04 11:17:06.190  5385  5408 I .apps.wellbeing: AssetManager2(0xb400007c8c640e98) locale list changing from [] to [en-US]
03-04 11:17:06.193  5385  5408 I .apps.wellbeing: AssetManager2(0xb400007c8c640b78) locale list changing from [] to [en-US]
03-04 11:17:06.195  5385  5408 I .apps.wellbeing: AssetManager2(0xb400007c8c63c078) locale list changing from [] to [en-US]
03-04 11:17:06.196  5385  5408 I .apps.wellbeing: AssetManager2(0xb400007c8c642ab8) locale list changing from [] to [en-US]
03-04 11:17:06.198  5385  5408 I .apps.wellbeing: AssetManager2(0xb400007c8c643a58) locale list changing from [] to [en-US]
03-04 11:17:06.199  5385  5408 I .apps.wellbeing: AssetManager2(0xb400007c8c648eb8) locale list changing from [] to [en-US]
03-04 11:17:06.202  5385  5408 I .apps.wellbeing: AssetManager2(0xb400007c8c646618) locale list changing from [] to [en-US]
03-04 11:17:06.210  5385  5408 I .apps.wellbeing: AssetManager2(0xb400007c8c64b118) locale list changing from [] to [en-US]
03-04 11:17:06.220  5385  5408 I .apps.wellbeing: AssetManager2(0xb400007c8c643738) locale list changing from [] to [en-US]
03-04 11:17:06.234  5385  5408 I .apps.wellbeing: AssetManager2(0xb400007c8c64adf8) locale list changing from [] to [en-US]
03-04 11:17:06.248  5385  5408 I .apps.wellbeing: AssetManager2(0xb400007c8c645358) locale list changing from [] to [en-US]
03-04 11:17:06.250  5385  5408 I .apps.wellbeing: AssetManager2(0xb400007c8c643738) locale list changing from [] to [en-US]
03-04 11:17:06.270  5385  5408 I .apps.wellbeing: AssetManager2(0xb400007c8c64b118) locale list changing from [] to [en-US]
03-04 11:17:06.277  5385  5408 I .apps.wellbeing: AssetManager2(0xb400007c8c63c078) locale list changing from [] to [en-US]
03-04 11:17:06.294  5385  5408 I .apps.wellbeing: AssetManager2(0xb400007c8c640b78) locale list changing from [] to [en-US]
03-04 11:17:06.298  5385  5408 I .apps.wellbeing: AssetManager2(0xb400007c8c640e98) locale list changing from [] to [en-US]
03-04 11:17:06.300  5385  5408 I .apps.wellbeing: AssetManager2(0xb400007c8c63d978) locale list changing from [] to [en-US]
03-04 11:17:06.302  5385  5408 I .apps.wellbeing: AssetManager2(0xb400007c8c647f18) locale list changing from [] to [en-US]
03-04 11:17:06.305  5385  5408 I .apps.wellbeing: AssetManager2(0xb400007c8c647bf8) locale list changing from [] to [en-US]
03-04 11:17:06.309  5385  5408 I .apps.wellbeing: AssetManager2(0xb400007c8c644d18) locale list changing from [] to [en-US]
03-04 11:17:06.310  5385  5408 I .apps.wellbeing: AssetManager2(0xb400007c8c63d338) locale list changing from [] to [en-US]
03-04 11:17:06.314  5385  5408 I .apps.wellbeing: AssetManager2(0xb400007c8c63c6b8) locale list changing from [] to [en-US]
03-04 11:17:06.316  5385  5408 I .apps.wellbeing: AssetManager2(0xb400007c8c640538) locale list changing from [] to [en-US]
03-04 11:17:06.320  5385  5408 I .apps.wellbeing: AssetManager2(0xb400007c8c642dd8) locale list changing from [] to [en-US]
03-04 11:17:06.323  5385  5408 I .apps.wellbeing: AssetManager2(0xb400007c8c64cd38) locale list changing from [] to [en-US]
03-04 11:17:06.326  5385  5408 I .apps.wellbeing: AssetManager2(0xb400007c8c641e38) locale list changing from [] to [en-US]
03-04 11:17:06.328  5385  5408 I .apps.wellbeing: AssetManager2(0xb400007c8c637258) locale list changing from [] to [en-US]
03-04 11:17:06.329  5385  5408 I .apps.wellbeing: AssetManager2(0xb400007c8c63f8b8) locale list changing from [] to [en-US]
03-04 11:17:06.330  5385  5408 I .apps.wellbeing: AssetManager2(0xb400007c8c643418) locale list changing from [] to [en-US]
03-04 11:17:06.331  5385  5408 I .apps.wellbeing: AssetManager2(0xb400007c8c64ec78) locale list changing from [] to [en-US]
03-04 11:17:06.333  5385  5408 I .apps.wellbeing: AssetManager2(0xb400007c8c6414d8) locale list changing from [] to [en-US]
03-04 11:17:06.334  5385  5408 I .apps.wellbeing: AssetManager2(0xb400007c8c650258) locale list changing from [] to [en-US]
03-04 11:17:06.335  5385  5408 I .apps.wellbeing: AssetManager2(0xb400007c8c652e18) locale list changing from [] to [en-US]
03-04 11:17:06.338  5385  5408 I .apps.wellbeing: AssetManager2(0xb400007c8c649e58) locale list changing from [] to [en-US]
03-04 11:17:06.341  5385  5408 I .apps.wellbeing: AssetManager2(0xb400007c8c63ef58) locale list changing from [] to [en-US]
03-04 11:17:06.343  5385  5408 I .apps.wellbeing: AssetManager2(0xb400007c8c6462f8) locale list changing from [] to [en-US]
03-04 11:17:06.348  5385  5408 I .apps.wellbeing: AssetManager2(0xb400007c8c62ef18) locale list changing from [] to [en-US]
03-04 11:17:06.350  5385  5408 I .apps.wellbeing: AssetManager2(0xb400007c8c65bab8) locale list changing from [] to [en-US]
03-04 11:17:06.351  5385  5408 I .apps.wellbeing: AssetManager2(0xb400007c8c645cb8) locale list changing from [] to [en-US]
03-04 11:17:06.354  5385  5408 I .apps.wellbeing: AssetManager2(0xb400007c8c64a178) locale list changing from [] to [en-US]
03-04 11:17:06.357  5385  5408 I .apps.wellbeing: AssetManager2(0xb400007c8c6494f8) locale list changing from [] to [en-US]
03-04 11:17:06.359  5385  5408 I .apps.wellbeing: AssetManager2(0xb400007c8c655398) locale list changing from [] to [en-US]
03-04 11:17:06.360  5385  5408 I .apps.wellbeing: AssetManager2(0xb400007c8c646938) locale list changing from [] to [en-US]
03-04 11:17:06.361  5385  5408 I .apps.wellbeing: AssetManager2(0xb400007c8c656fb8) locale list changing from [] to [en-US]
03-04 11:17:06.362  5385  5408 I .apps.wellbeing: AssetManager2(0xb400007c8c6559d8) locale list changing from [] to [en-US]
03-04 11:17:06.363  5385  5408 I .apps.wellbeing: AssetManager2(0xb400007c8c645038) locale list changing from [] to [en-US]
03-04 11:17:06.364  5385  5408 I .apps.wellbeing: AssetManager2(0xb400007c8c64ba78) locale list changing from [] to [en-US]
03-04 11:17:06.365  5385  5408 I .apps.wellbeing: AssetManager2(0xb400007c8c64c6f8) locale list changing from [] to [en-US]
03-04 11:17:06.367  5385  5408 I .apps.wellbeing: AssetManager2(0xb400007c8c655078) locale list changing from [] to [en-US]
03-04 11:17:06.368  5385  5408 I .apps.wellbeing: AssetManager2(0xb400007c8c650578) locale list changing from [] to [en-US]
03-04 11:17:06.370  5385  5408 I .apps.wellbeing: AssetManager2(0xb400007c8c653138) locale list changing from [] to [en-US]
03-04 11:17:06.371  5385  5408 I .apps.wellbeing: AssetManager2(0xb400007c8c650898) locale list changing from [] to [en-US]
03-04 11:17:06.372  5385  5408 I .apps.wellbeing: AssetManager2(0xb400007c8c64f8f8) locale list changing from [] to [en-US]
03-04 11:17:06.373  5385  5408 I .apps.wellbeing: AssetManager2(0xb400007c8c650ed8) locale list changing from [] to [en-US]
03-04 11:17:06.375  5385  5408 I .apps.wellbeing: AssetManager2(0xb400007c8c64f2b8) locale list changing from [] to [en-US]
03-04 11:17:06.376  5385  5408 I .apps.wellbeing: AssetManager2(0xb400007c8c64d698) locale list changing from [] to [en-US]
03-04 11:17:06.377  5385  5408 I .apps.wellbeing: AssetManager2(0xb400007c8c6511f8) locale list changing from [] to [en-US]
03-04 11:17:06.379  5385  5408 I .apps.wellbeing: AssetManager2(0xb400007c8c651838) locale list changing from [] to [en-US]
03-04 11:17:06.380  5385  5408 I .apps.wellbeing: AssetManager2(0xb400007c8c64e638) locale list changing from [] to [en-US]
03-04 11:17:06.382  5385  5408 I .apps.wellbeing: AssetManager2(0xb400007c8c64dff8) locale list changing from [] to [en-US]
03-04 11:17:06.384  5385  5408 I .apps.wellbeing: AssetManager2(0xb400007c8c63d658) locale list changing from [] to [en-US]
03-04 11:17:06.386  5385  5408 I .apps.wellbeing: AssetManager2(0xb400007c8c652af8) locale list changing from [] to [en-US]
03-04 11:17:06.388  5385  5408 I .apps.wellbeing: AssetManager2(0xb400007c8c64c3d8) locale list changing from [] to [en-US]
03-04 11:17:06.389  5385  5408 I .apps.wellbeing: AssetManager2(0xb400007c8c64ff38) locale list changing from [] to [en-US]
03-04 11:17:06.391  5385  5408 I .apps.wellbeing: AssetManager2(0xb400007c8c64fc18) locale list changing from [] to [en-US]
03-04 11:17:06.394  5385  5408 I .apps.wellbeing: AssetManager2(0xb400007c8c64b438) locale list changing from [] to [en-US]
03-04 11:17:06.395  5385  5408 I .apps.wellbeing: AssetManager2(0xb400007c8c64d9b8) locale list changing from [] to [en-US]
03-04 11:17:06.398  5385  5408 I .apps.wellbeing: AssetManager2(0xb400007c8c64bd98) locale list changing from [] to [en-US]
03-04 11:17:06.400  5385  5408 I .apps.wellbeing: AssetManager2(0xb400007c8c6527d8) locale list changing from [] to [en-US]
03-04 11:17:06.401  5385  5408 I .apps.wellbeing: AssetManager2(0xb400007c8c652198) locale list changing from [] to [en-US]
03-04 11:17:06.403  5385  5408 I .apps.wellbeing: AssetManager2(0xb400007c8c64d058) locale list changing from [] to [en-US]
03-04 11:17:06.407  5385  5408 I .apps.wellbeing: AssetManager2(0xb400007c8c64aad8) locale list changing from [] to [en-US]
03-04 11:17:06.408  5385  5408 I .apps.wellbeing: AssetManager2(0xb400007c8c637578) locale list changing from [] to [en-US]
03-04 11:17:06.412  5385  5408 I .apps.wellbeing: AssetManager2(0xb400007c8c634378) locale list changing from [] to [en-US]
03-04 11:17:06.414  5385  5408 I .apps.wellbeing: AssetManager2(0xb400007c8c657f58) locale list changing from [] to [en-US]
03-04 11:17:06.418  5385  5408 I .apps.wellbeing: AssetManager2(0xb400007c8c63e5f8) locale list changing from [] to [en-US]
03-04 11:17:06.423  5385  5408 I .apps.wellbeing: AssetManager2(0xb400007c8c63c9d8) locale list changing from [] to [en-US]
03-04 11:17:06.426  5385  5408 I .apps.wellbeing: AssetManager2(0xb400007c8c63a778) locale list changing from [] to [en-US]
03-04 11:17:06.428  5385  5408 I .apps.wellbeing: AssetManager2(0xb400007c8c63ccf8) locale list changing from [] to [en-US]
03-04 11:17:06.431  5385  5408 I .apps.wellbeing: AssetManager2(0xb400007c8c633d38) locale list changing from [] to [en-US]
03-04 11:17:06.435  5385  5408 I .apps.wellbeing: AssetManager2(0xb400007c8c642158) locale list changing from [] to [en-US]
03-04 11:17:06.438  5385  5408 I .apps.wellbeing: AssetManager2(0xb400007c8c635c78) locale list changing from [] to [en-US]
03-04 11:17:06.441  5385  5408 I .apps.wellbeing: AssetManager2(0xb400007c8c63e918) locale list changing from [] to [en-US]
03-04 11:17:06.444  5385  5408 I .apps.wellbeing: AssetManager2(0xb400007c8c639af8) locale list changing from [] to [en-US]
03-04 11:17:06.447   553  7327 D AudioTrack: stop(15): called with 82980 frames delivered
03-04 11:17:06.448   617  1744 E AppOps  : attributionTag  not declared in manifest of com.android.systemui
03-04 11:17:06.448   617  1647 E AppOps  : attributionTag  not declared in manifest of com.android.systemui
03-04 11:17:06.449   553  7327 W libprocessgroup: A JoinCgroup action in the SystemMemoryProcess profile is used for controller memory in the cgroup v2 hierarchy and will be ignored
03-04 11:17:06.451  5385  5408 I .apps.wellbeing: AssetManager2(0xb400007c8c6349b8) locale list changing from [] to [en-US]
03-04 11:17:06.452  5385  5408 I .apps.wellbeing: AssetManager2(0xb400007c8c63aa98) locale list changing from [] to [en-US]
03-04 11:17:06.456  5385  5408 I .apps.wellbeing: AssetManager2(0xb400007c8c634cd8) locale list changing from [] to [en-US]
03-04 11:17:06.457  5385  5408 I .apps.wellbeing: AssetManager2(0xb400007c8c63b0d8) locale list changing from [] to [en-US]
03-04 11:17:06.459  5385  5408 I .apps.wellbeing: AssetManager2(0xb400007c8c634698) locale list changing from [] to [en-US]
03-04 11:17:06.462  5385  5408 I .apps.wellbeing: AssetManager2(0xb400007c8c63e2d8) locale list changing from [] to [en-US]
03-04 11:17:06.464  5385  5408 I .apps.wellbeing: AssetManager2(0xb400007c8c63ec38) locale list changing from [] to [en-US]
03-04 11:17:06.465  5385  5408 I .apps.wellbeing: AssetManager2(0xb400007c8c638518) locale list changing from [] to [en-US]
03-04 11:17:06.467  5385  5408 I .apps.wellbeing: AssetManager2(0xb400007c8c638838) locale list changing from [] to [en-US]
03-04 11:17:06.472  5385  5408 I .apps.wellbeing: AssetManager2(0xb400007c8c634ff8) locale list changing from [] to [en-US]
03-04 11:17:06.478  5385  5408 I .apps.wellbeing: AssetManager2(0xb400007c8c639198) locale list changing from [] to [en-US]
03-04 11:17:06.480  5385  5408 I .apps.wellbeing: AssetManager2(0xb400007c8c63f278) locale list changing from [] to [en-US]
03-04 11:17:06.482  5385  5408 I .apps.wellbeing: AssetManager2(0xb400007c8c63fbd8) locale list changing from [] to [en-US]
03-04 11:17:06.513  5385  5408 I .apps.wellbeing: AssetManager2(0xb400007c8c63dfb8) locale list changing from [] to [en-US]
03-04 11:17:06.516  5385  5408 I .apps.wellbeing: AssetManager2(0xb400007c8c6411b8) locale list changing from [] to [en-US]
03-04 11:17:06.658   617  1744 D WifiNl80211Manager: Scan result ready event
03-04 11:17:06.658   617  1744 D WifiNative: Scan result ready event
03-04 11:17:06.670  4949  5199 I WifiScanner: onFullResults
03-04 11:17:06.672  4949  5011 I WifiScanner: onFullResults
03-04 11:17:06.676   617   755 I HalDevMgr: bestIfaceCreationProposal is null, requestIface=STA, existingIface=[name=wlan0 type=STA]
03-04 11:17:06.902   855  7316 D RingtonePlayer: onCompletion() abandoning AudioFocus
03-04 11:17:06.905   617  1647 I MediaFocusControl: abandonAudioFocus() from uid/pid 10185/855 clientId=android.media.AudioManager@cbacbb0 callingPack=com.android.systemui
03-04 11:17:06.905   855  7316 D RingtonePlayer: onCompletion queue size=0
03-04 11:17:06.906   855  7316 D RingtonePlayer: in onCompletion quitting looper Looper (Thread-3, tid 83) {a212914}
03-04 11:17:06.906   855  7316 I NotificationPlayer: About to release MediaPlayer piid:79 due to onCompletion
03-04 11:17:06.907   855  7316 V MediaPlayer: resetDrmState:  mDrmInfo=null mDrmProvisioningThread=null mPrepareDrmInProgress=false mActiveDrmScheme=false
03-04 11:17:06.907   855  7316 V MediaPlayer: cleanDrmObj: mDrmObj=null mDrmSessionId=null
03-04 11:17:06.907   553  2919 D NuPlayerDriver: reset(0xb40000746878c290) at state 6
03-04 11:17:06.912   553  7329 I hw-BpHwBinder: onLastStrongRef automatically unlinking death recipients
03-04 11:17:06.912   561  1588 I hw-BpHwBinder: onLastStrongRef automatically unlinking death recipients
03-04 11:17:06.912   561  1588 I hw-BpHwBinder: onLastStrongRef automatically unlinking death recipients
03-04 11:17:06.914   553  7319 D NuPlayerDriver: notifyResetComplete(0xb40000746878c290)
03-04 11:17:06.915   561  7333 D BufferPoolAccessor2.0: Destruction - bufferpool2 0xb400007a06193ce8 cached: 0/0M, 0/0% in use; allocs: 0, 0% recycled; transfers: 0, 0% unfetched
03-04 11:17:06.916   553  2919 W AMessage: failed to post message as target looper for handler 0 is gone.
03-04 11:17:08.040   617   763 D InetDiagMessage: Destroyed 0 sockets, proto=IPPROTO_TCP, family=AF_INET, states=14
03-04 11:17:08.040   617   763 D InetDiagMessage: Destroyed 0 sockets, proto=IPPROTO_TCP, family=AF_INET6, states=14
03-04 11:17:08.040   617   763 D InetDiagMessage: Destroyed live tcp sockets for uids={10150} in 1ms
03-04 11:17:08.041   617   763 D InetDiagMessage: Destroyed 0 sockets, proto=IPPROTO_TCP, family=AF_INET, states=14
03-04 11:17:08.041   617   763 D InetDiagMessage: Destroyed 0 sockets, proto=IPPROTO_TCP, family=AF_INET6, states=14
03-04 11:17:08.041   617   763 D InetDiagMessage: Destroyed live tcp sockets for uids={20150} in 1ms
03-04 11:17:09.902   419  7337 D android.hardware.audio@7.1-impl.ranchu: threadLoop: entering standby, frames: 192576
03-04 11:17:09.976   855  1263 D BufferPoolAccessor2.0: evictor expired: 3, evicted: 0
03-04 11:17:09.977   617   873 D BufferPoolAccessor2.0: evictor expired: 2, evicted: 0
