03-04 11:16:48.119   673   712 D FileSystemUtils: Extra field length: 161,  Size before punching holes st_blocks: 468504, st_blksize: 4096, st_size: 240018761
03-04 11:16:48.119   673   712 D FileSystemUtils: Skipping punching apk as extra field length is less than block size
03-04 11:16:48.119   673   712 W NativeLibraryHelper: Failed to punch apk : /data/app/vmdl1805808309.tmp/base.apk at extra field
03-04 11:16:48.119   673   712 D FileSystemUtils: Total number of LOAD segments 4
03-04 11:16:48.119   673   712 D FileSystemUtils: Size before punching holes st_blocks: 468504, st_blksize: 4096, st_size: 240018761
03-04 11:16:48.119   673   712 D FileSystemUtils: Size after punching holes st_blocks: 468504, st_blksize: 4096, st_size: 240018761
03-04 11:16:48.119   673   712 D FileSystemUtils: Extra field length: 11820,  Size before punching holes st_blocks: 468504, st_blksize: 4096, st_size: 240018761
03-04 11:16:48.119   673   712 D FileSystemUtils: Extra field length: 11820 content near offset: 0000000000000000000000000000000000000000000000000000000000000000000000000000000000000000000000000000000000000000000000000000000000000000000000000000000000000000000000000000000000000000000000000000000000000000000000000000000000000000000000000000000000000000000000000000000000000000000000000000000000000000000000000000000000000000000000000000000000000000000000000000000000000000000000000000000000000000000000000000000000000000000000000000000000000000000000000000000000000000000000000000000000000000000000000000000000000000000000000000000000000000000000000000000000000000000000000000000000000000000000000000000000000000000000000000000000000000000000000000000000000000000000000000000000000000000000000000000000000000000000000000000000000000000000000000000000000000000000000000000000000000000000000000000000000000000000000000000000000000000000000000000000000000000000000000000000000000000000000000000000000000000000000000000000000000000000000000000000000000000000000000000000000000
03-04 11:16:48.119   673   712 D FileSystemUtils: Punching hole in file - start: 31072256 len:8192
03-04 11:16:48.119   673   712 D FileSystemUtils: punchHolesInApk:: Size after punching holes st_blocks: 468488, st_blksize: 4096, st_size: 240018761
03-04 11:16:48.119   673   751 W IPCThreadState: Sending oneway calls to frozen process.
03-04 11:16:48.123   673   751 D InstallDependencyHelper: No missing dependency for com.avrai.app
03-04 11:16:48.142   673   744 V Configuration: Updating configuration, locales updated from [] to [en_US]
03-04 11:16:48.142   673   744 I system_server: AssetManager2(0xb4000075e9d8df38) locale list changing from [] to [en-US]
03-04 11:16:48.283   673   745 W IPCThreadState: Sending oneway calls to frozen process.
03-04 11:16:48.284   673   745 W IPCThreadState: Sending oneway calls to frozen process.
03-04 11:16:48.285   673   745 W IPCThreadState: Sending oneway calls to frozen process.
03-04 11:16:48.285   673   745 W IPCThreadState: Sending oneway calls to frozen process.
03-04 11:16:48.285   673   745 W IPCThreadState: Sending oneway calls to frozen process.
03-04 11:16:48.285   673   745 W IPCThreadState: Sending oneway calls to frozen process.
03-04 11:16:48.285   673   745 W IPCThreadState: Sending oneway calls to frozen process.
03-04 11:16:48.286   673   745 W IPCThreadState: Sending oneway calls to frozen process.
03-04 11:16:48.286   673   745 W IPCThreadState: Sending oneway calls to frozen process.
03-04 11:16:48.286   673   745 W IPCThreadState: Sending oneway calls to frozen process.
03-04 11:16:48.286   673   745 W IPCThreadState: Sending oneway calls to frozen process.
03-04 11:16:48.286   673   745 W IPCThreadState: Sending oneway calls to frozen process.
03-04 11:16:48.286   673   745 W IPCThreadState: Sending oneway calls to frozen process.
03-04 11:16:48.286   673   745 W IPCThreadState: Sending oneway calls to frozen process.
03-04 11:16:48.286   673   745 W IPCThreadState: Sending oneway calls to frozen process.
03-04 11:16:48.286   673   745 W IPCThreadState: Sending oneway calls to frozen process.
03-04 11:16:48.286   673   745 W IPCThreadState: Sending oneway calls to frozen process.
03-04 11:16:48.286   673   745 W IPCThreadState: Sending oneway calls to frozen process.
03-04 11:16:48.286   673   745 W IPCThreadState: Sending oneway calls to frozen process.
03-04 11:16:48.286   673   745 W IPCThreadState: Sending oneway calls to frozen process.
03-04 11:16:48.286   673   745 W IPCThreadState: Sending oneway calls to frozen process.
03-04 11:16:48.286   673   745 W IPCThreadState: Sending oneway calls to frozen process.
03-04 11:16:48.287   673   745 W IPCThreadState: Sending oneway calls to frozen process.
03-04 11:16:48.287   673   745 W IPCThreadState: Sending oneway calls to frozen process.
03-04 11:16:48.287   673   745 W IPCThreadState: Sending oneway calls to frozen process.
03-04 11:16:48.287   673   745 W IPCThreadState: Sending oneway calls to frozen process.
03-04 11:16:48.287   673   745 W IPCThreadState: Sending oneway calls to frozen process.
03-04 11:16:48.287   673   745 W IPCThreadState: Sending oneway calls to frozen process.
03-04 11:16:48.287   673   745 W IPCThreadState: Sending oneway calls to frozen process.
03-04 11:16:48.287   673   745 W IPCThreadState: Sending oneway calls to frozen process.
03-04 11:16:48.287   673   745 W IPCThreadState: Sending oneway calls to frozen process.
03-04 11:16:48.287   673   745 W IPCThreadState: Sending oneway calls to frozen process.
03-04 11:16:48.287   673   745 W IPCThreadState: Sending oneway calls to frozen process.
03-04 11:16:48.287   673   745 W IPCThreadState: Sending oneway calls to frozen process.
03-04 11:16:48.287   673   745 W IPCThreadState: Sending oneway calls to frozen process.
03-04 11:16:48.287   673   745 W IPCThreadState: Sending oneway calls to frozen process.
03-04 11:16:48.287   673   745 W IPCThreadState: Sending oneway calls to frozen process.
03-04 11:16:48.287   673   745 W IPCThreadState: Sending oneway calls to frozen process.
03-04 11:16:48.287   673   745 W IPCThreadState: Sending oneway calls to frozen process.
03-04 11:16:48.322   673   744 D BackupManagerService: [UserID:0] restoreAtInstall pkg=com.avrai.app token=6 restoreSet=0
03-04 11:16:48.323   673   744 D BackupManagerService: [UserID:0] Finishing install immediately
03-04 11:16:48.330   673   744 I PackageManager: installation completed for package:com.avrai.app. Final code path: /data/app/~~BSCo6pb_9E96Fmfh4m5eHQ==/com.avrai.app-ofEuav_QO6z2z8CpGSCEKQ==
03-04 11:16:48.337   673   878 D BackgroundInstallControlService: Package event received: 1
03-04 11:16:48.338   673   744 D PackageInstallerSession: Marking session 1805808309 as applied
03-04 11:16:48.342   673   751 W IPCThreadState: Sending oneway calls to frozen process.
03-04 11:16:48.340   673   673 W binder:673_5: type=1400 audit(0.0:85): avc:  denied  { getopt } for  scontext=u:r:system_server:s0 tcontext=u:r:shell:s0 tclass=unix_stream_socket permissive=0
03-04 11:16:48.340   673   673 W binder:673_5: type=1400 audit(0.0:86): avc:  denied  { getopt } for  scontext=u:r:system_server:s0 tcontext=u:r:shell:s0 tclass=unix_stream_socket permissive=0
03-04 11:16:48.340   673   673 W binder:673_5: type=1400 audit(0.0:87): avc:  denied  { getopt } for  scontext=u:r:system_server:s0 tcontext=u:r:shell:s0 tclass=unix_stream_socket permissive=0
03-04 11:16:48.344   673   751 D InstallDependencyHelper: Session complete for 1805808309
03-04 11:16:48.358   923   923 D ControlsListingControllerImpl: ServiceConfig reloaded, count: 0
03-04 11:16:48.358  1076  1118 D SessionCommitReceiver: Removing unneeded PromiseIcon for package: com.avrai.app, install reason: 0, alreadyAddedPromiseIcon: false
03-04 11:16:48.359   673   839 E AppOps  : attributionTag VCN not declared in manifest of android
03-04 11:16:48.361   673   800 I system_server: AssetManager2(0xb4000075e9d99478) locale list changing from [] to [en-US]
03-04 11:16:48.361   673   712 E AtomicFile: Failed to rename /data/system/install_sessions.xml.new to /data/system/install_sessions.xml
03-04 11:16:48.367   673   713 I system_server: AssetManager2(0xb4000075e9d3ed98) locale list changing from [] to [en-US]
03-04 11:16:48.369   673   884 I SdkSandboxManager: No SDKs used. Skipping SDK data reconcilation for CallingInfo{mUid=10217, mPackageName='com.avrai.app, mAppProcessToken='null'}
03-04 11:16:48.370  1060  1260 I SatelliteAppTracker: onPackageAdded : com.avrai.app
03-04 11:16:48.371  1060  1060 D CarrierSvcBindHelper: onPackageAdded: com.avrai.app
03-04 11:16:48.374   673   875 D ShortcutService: received package broadcast intent: Intent { act=android.intent.action.PACKAGE_ADDED dat=package: flg=0x4000010 (has extras) }
03-04 11:16:48.377   673   875 D ShortcutService: adding package: com.avrai.app userId=0
03-04 11:16:48.385   673   673 D AppSearchAppsIndexerManagerS: userid in package receiver: 10217
03-04 11:16:48.389   673   673 D TransparencyService: Not an update. Skipping...
03-04 11:16:48.391   673   719 D ActivityManager: sync unfroze 1329 com.google.android.permissioncontroller for 3
03-04 11:16:48.392   673   719 D ActivityManager: sync unfroze 2906 com.google.android.packageinstaller for 3
03-04 11:16:48.397  1060  1060 D CarrierSvcBindHelper: No carrier app for: 0
03-04 11:16:48.398   673   673 D BackupManagerConstants: getFullBackupIntervalMilliseconds(...) returns 86400000
03-04 11:16:48.399   673   673 D BackupManagerConstants: getFullBackupRequiredNetworkType(...) returns 2
03-04 11:16:48.400   673   673 D BackupManagerConstants: getFullBackupRequireCharging(...) returns true
03-04 11:16:48.402   503  2028 D NativePermissionController: updatePackagesForUid, UidPackageState{uid: 10217, packageNames: [com.avrai.app]}
03-04 11:16:48.406   673   783 I RoleService: Granting default roles...
03-04 11:16:48.407  1329  1329 I SafetyLabelChangedBroadcastReceiver: received broadcast packageName: com.avrai.app, current user: UserHandle{0}, packageChangeEvent: NEW_INSTALL, intent user: UserHandle{0}
03-04 11:16:48.415   673   803 I system_server: AssetManager2(0xb4000075e9d91db8) locale list changing from [] to [en-US]
03-04 11:16:48.422   673   878 D BackgroundInstallControlService: Package event received: 0
03-04 11:16:48.423   673   878 D BackgroundInstallControlService: Package event received: 0
03-04 11:16:48.431  1060  1060 E SmsApplication: com.google.android.apps.messaging lost android:read_cell_broadcasts:  (fixing)
03-04 11:16:48.433   673   752 W AppOpService: Ignored setUidMode call for runtime permission app op: uid = 10145, code = READ_CELL_BROADCASTS, mode = allow, callingUid = 1001, oldMode = allow
03-04 11:16:48.440   673  1012 W AppOpService: Ignored setUidMode call for runtime permission app op: uid = 1001, code = READ_SMS, mode = allow, callingUid = 1001, oldMode = allow
03-04 11:16:48.442   673  1012 W AppOpService: Ignored setUidMode call for runtime permission app op: uid = 1001, code = RECEIVE_SMS, mode = allow, callingUid = 1001, oldMode = allow
03-04 11:16:48.442   673  1250 W AppOpService: Ignored setUidMode call for runtime permission app op: uid = 1001, code = RECEIVE_WAP_PUSH, mode = allow, callingUid = 1001, oldMode = allow
03-04 11:16:48.443   673  1012 W AppOpService: Ignored setUidMode call for runtime permission app op: uid = 1001, code = SEND_SMS, mode = allow, callingUid = 1001, oldMode = allow
03-04 11:16:48.443   673  1250 W AppOpService: Ignored setUidMode call for runtime permission app op: uid = 1001, code = READ_CELL_BROADCASTS, mode = allow, callingUid = 1001, oldMode = allow
03-04 11:16:48.443   673   800 I system_server: AssetManager2(0xb4000075e9d8c958) locale list changing from [] to [en-US]
03-04 11:16:48.446   673  1252 W ProcessStats: Tracking association SourceState{a412dde system/1000 ImpFg #3019} whose proc state 5 is better than process ProcessState{c7f66ce com.google.android.permissioncontroller/10195 pkg=com.google.android.permissioncontroller} proc state 14 (0 skipped)
03-04 11:16:48.449  1060  1257 D ImsResolver: maybeAddedImsService, packageName: com.avrai.app
03-04 11:16:48.449  1060  1257 V ImsResolver: searchForImsServices: package=com.avrai.app, users=[UserHandle{0}]
03-04 11:16:48.450  1060  1257 V ImsResolver: searchForImsServices: package=com.avrai.app, users=[UserHandle{0}]
03-04 11:16:48.451   673   718 D LauncherAppsService: onPackageAdded: triggering onPackageAdded for user=UserHandle{0}, packageName=com.avrai.app
03-04 11:16:48.451   673   718 D LauncherAppsService: onPackageAdded: triggering onPackageAdded for user=UserHandle{0}, packageName=com.avrai.app
03-04 11:16:48.451  1329  5120 I PermissionControllerServiceImpl: Updating user sensitive for uid 10217
03-04 11:16:48.451   673   718 D LauncherAppsService: onPackageAdded: Skipping - package filtered for user=UserHandle{0}, packageName=com.avrai.app
03-04 11:16:48.451   673   718 D LauncherAppsService: onPackageAdded: triggering onPackageAdded for user=UserHandle{0}, packageName=com.avrai.app
03-04 11:16:48.454  1076  1118 D LauncherAppsCallbackImpl: onPackageAdded triggered for packageName=com.avrai.app, user=UserHandle{0}
03-04 11:16:48.455  1076  1118 D PackageUpdatedTask: Package updated: mOp=ADD packages=[com.avrai.app], user=UserHandle{0}
03-04 11:16:48.455   673   718 W PackageManager: Failed registering loading progress callback. Package is fully loaded.
03-04 11:16:48.463  1076  1118 I s.nexuslauncher: AssetManager2(0xb4000075e9d35478) locale list changing from [] to [en-US]
03-04 11:16:48.467  1473  1473 I AiAiEcho: AppFetcherImplV2 updateApps package:[com.avrai.app], userId:[0], reason:[package is added.].
03-04 11:16:48.505   673  3765 W SignedPackage: Package doesn't have required signing certificate: com.google.android.retaildemo
03-04 11:16:48.505   673  3765 E RoleControllerServiceImpl: Default/fallback role holder package doesn't qualify for the role, package: com.google.android.gms.supervision, role: android.app.role.SYSTEM_SUPERVISION
03-04 11:16:48.509   923   923 D ControlsListingControllerImpl: ServiceConfig reloaded, count: 0
03-04 11:16:48.519  1060  1060 W VvmPkgInstalledRcvr: carrierVvmPkgAdded: carrier vvm packages doesn't contain com.avrai.app
03-04 11:16:48.521  1329  5120 I PermissionControllerServiceImpl: Updating user sensitive for uid 10217
03-04 11:16:48.522   673   875 D ShortcutService: received package broadcast intent: Intent { act=android.intent.action.PACKAGE_CHANGED dat=package: flg=0x5000010 (has extras) }
03-04 11:16:48.522   673   875 D ShortcutService: changing package: com.avrai.app userId=0
03-04 11:16:48.522   673   673 D AppSearchAppsIndexerManagerS: userid in package receiver: 10217
03-04 11:16:48.525   673  3765 W SignedPackage: Package doesn't have required signing certificate: com.google.android.apps.work.clouddpc
03-04 11:16:48.525  2671  2671 I Finsky  : [2] Memory trim requested to level 40
03-04 11:16:48.525  2671  2671 I Finsky  : [2] Flushing in-memory image cache
03-04 11:16:48.532  1060  1260 I SatelliteAppTracker: onPackageModified : com.avrai.app
03-04 11:16:48.538   673   719 D ActivityManager: sync unfroze 2671 com.android.vending for 3
03-04 11:16:48.539  2671  2671 I Finsky  : [2] Memory trim requested to level 40
03-04 11:16:48.539  2671  2671 I Finsky  : [2] Flushing in-memory image cache
03-04 11:16:48.539  2671  2671 I Finsky  : [2] Memory trim requested to level 40
03-04 11:16:48.539  2671  2671 I Finsky  : [2] Flushing in-memory image cache
03-04 11:16:48.541  1060  1060 D CarrierSvcBindHelper: onPackageModified: com.avrai.app
03-04 11:16:48.549  2671  2671 I Finsky  : [2] aiaq - Received: android.intent.action.PACKAGE_ADDED, [YDlOVLM_7X6OTQPgU7kkIZw-s1RMDzFcfeLIuFUH9Hc]
03-04 11:16:48.552   673   719 D ActivityManager: sync unfroze 2831 com.android.vending:background for 3
03-04 11:16:48.566  1060  1060 D CarrierSvcBindHelper: No carrier app for: 0
03-04 11:16:48.568  2831  2831 I Finsky:background: [2] Memory trim requested to level 40
03-04 11:16:48.575   673   770 I system_server: AssetManager2(0xb4000075e9d0e698) locale list changing from [] to [en-US]
03-04 11:16:48.576  2831  2831 I Finsky:background: [2] Memory trim requested to level 40
03-04 11:16:48.576  2831  2831 I Finsky:background: [2] Memory trim requested to level 40
03-04 11:16:48.579  2831  2831 I Finsky:background: [2] aiag - Received: android.intent.action.PACKAGE_ADDED, [YDlOVLM_7X6OTQPgU7kkIZw-s1RMDzFcfeLIuFUH9Hc]
03-04 11:16:48.586   673   752 W ActivityTaskManager: callingPackage for (uid=2000, pid=5198) has no WPC
03-04 11:16:48.594   673  3765 I Role    : com.google.android.gms not qualified for android.app.role.SYSTEM_DEPENDENCY_INSTALLER due to missing RequiredComponent{mIntentFilterData=IntentFilterData{mAction='android.content.pm.action.INSTALL_DEPENDENCY', mCategories='[]', mDataScheme='null', mDataType='null'}, mMinTargetSdkVersion=1, mFlags='0', mPermission='android.permission.BIND_DEPENDENCY_INSTALLER', mQueryFlags=0, mMetaData=[]}
03-04 11:16:48.594   673  3765 E RoleControllerServiceImpl: Default/fallback role holder package doesn't qualify for the role, package: com.google.android.gms, role: android.app.role.SYSTEM_DEPENDENCY_INSTALLER
03-04 11:16:48.597  1076  1118 W HWUI    : Image decoding logging dropped!
03-04 11:16:48.638  2831  5205 I Finsky:background: [124] Wrote row to frosting DB: 427
03-04 11:16:48.653  1060  1060 E SmsApplication: com.google.android.apps.messaging lost android:read_cell_broadcasts:  (fixing)
03-04 11:16:48.653   673  1846 W AppOpService: Ignored setUidMode call for runtime permission app op: uid = 10145, code = READ_CELL_BROADCASTS, mode = allow, callingUid = 1001, oldMode = allow
03-04 11:16:48.683  1473  1854 I ogle.android.as: AssetManager2(0xb4000075e9cf59b8) locale list changing from [] to [en-US]
03-04 11:16:48.686   673  1961 W ParceledListSlice: Element #26 is 20848 bytes.
03-04 11:16:48.687   673  1961 W ParceledListSlice: Element #27 is 20884 bytes.
03-04 11:16:48.687   673  1961 W ParceledListSlice: Element #28 is 20724 bytes.
03-04 11:16:48.687   673  1961 W ParceledListSlice: Element #29 is 20812 bytes.
03-04 11:16:48.687   673  1961 W ParceledListSlice: Element #30 is 20748 bytes.
03-04 11:16:48.689  2831  2831 I Finsky:background: [2] aiag - Received: android.intent.action.PACKAGE_CHANGED, [YDlOVLM_7X6OTQPgU7kkIZw-s1RMDzFcfeLIuFUH9Hc]
03-04 11:16:48.700  1473  1854 I ogle.android.as: AssetManager2(0xb4000075e9d053b8) locale list changing from [] to [en-US]
03-04 11:16:48.703   673  1963 D ActivityManager: sync unfroze 1638 com.google.android.gms for 6
03-04 11:16:48.711  1076  1751 W HWUI    : Failed to choose config with EGL_SWAP_BEHAVIOR_PRESERVED, retrying without...
03-04 11:16:48.711  2831  2923 I Finsky:background: [51] RECEIVER_PACKAGE_MONITOR_BACKGROUND#logWorkEndAndFinishGoAsync: SUCCESS
03-04 11:16:48.715   673   718 I system_server: AssetManager2(0xb4000075e9d8d5d8) locale list changing from [] to [en-US]
03-04 11:16:48.716  1076  1751 W HWUI    : Failed to initialize 101010-2 format, error = EGL_SUCCESS
03-04 11:16:48.720   673   752 I system_server: AssetManager2(0xb4000075e9d91a98) locale list changing from [] to [en-US]
03-04 11:16:48.724  2671  2671 I Finsky  : [2] SCH: Received scheduling request: Id: 12-1, Constraints: [{ L: 15000, D: 86400000, C: CHARGING_NONE, I: IDLE_NONE, N: NET_ANY, B: BATTERY_ANY }]
03-04 11:16:48.725  1473  1854 I ogle.android.as: AssetManager2(0xb4000075e9d12838) locale list changing from [] to [en-US]
03-04 11:16:48.730   673   803 I system_server: AssetManager2(0xb4000075e9d8e898) locale list changing from [] to [en-US]
03-04 11:16:48.737  1473  1854 I ogle.android.as: AssetManager2(0xb4000075e9d21bf8) locale list changing from [] to [en-US]
03-04 11:16:48.737   673   718 I system_server: AssetManager2(0xb4000075e9d92718) locale list changing from [] to [en-US]
03-04 11:16:48.738   673  1252 W AppOpService: Ignored setUidMode call for runtime permission app op: uid = 1001, code = READ_SMS, mode = allow, callingUid = 1001, oldMode = allow
03-04 11:16:48.743  1076  1118 W HWUI    : Image decoding logging dropped!
03-04 11:16:48.749  1218  5212 I Fitness : (REDACTED) OnPackageChangedOperation got intent: %s
03-04 11:16:48.751   673  3765 E RoleControllerServiceImpl: Default/fallback role holder package doesn't qualify for the role, package: com.google.android.gms, role: android.app.role.WALLET
03-04 11:16:48.752  1076  1118 D AlphabeticIndexCompat: computeSectionName: cs: AVRAI sectionName: A
03-04 11:16:48.753  1076  1076 D AllAppsStore: setApps: apps.length=20
03-04 11:16:48.753  1076  1076 D AllAppsStore: notifyUpdate: notifying listeners
03-04 11:16:48.753  1076  1076 D ActivityAllAppsContainerView: onAppsUpdated; number of apps: 20
03-04 11:16:48.754  1076  1076 D ActivityAllAppsContainerView: rebindAdapters: force: false
03-04 11:16:48.754  1076  1076 D ActivityAllAppsContainerView: rebindAdapters: Not needed.
03-04 11:16:48.754  1076  1076 D StatsLog: LAUNCHER_ALLAPPS_COUNT
03-04 11:16:48.754  1076  1076 D AlphabeticalAppsList: Clearing FastScrollerSections.
03-04 11:16:48.754  1076  1076 D AlphabeticalAppsList: Adding apps with sections. HasPrivateApps: false
03-04 11:16:48.754  1076  1076 D AlphabeticalAppsList: addAppsWithSections: adding sectionName: A with appInfoTitle: AVRAI
03-04 11:16:48.754  1076  1076 D AlphabeticalAppsList: addAppsWithSections: adding sectionName: C with appInfoTitle: Calendar
03-04 11:16:48.754  1076  1076 D AlphabeticalAppsList: addAppsWithSections: adding sectionName: D with appInfoTitle: Drive
03-04 11:16:48.754  1076  1076 D AlphabeticalAppsList: addAppsWithSections: adding sectionName: F with appInfoTitle: Files
03-04 11:16:48.754  1076  1076 D AlphabeticalAppsList: addAppsWithSections: adding sectionName: G with appInfoTitle: Gmail
03-04 11:16:48.754  1076  1076 D AlphabeticalAppsList: addAppsWithSections: adding sectionName: M with appInfoTitle: Maps
03-04 11:16:48.754  1076  1076 D AlphabeticalAppsList: addAppsWithSections: adding sectionName: P with appInfoTitle: Phone
03-04 11:16:48.754  1076  1076 D AlphabeticalAppsList: addAppsWithSections: adding sectionName: S with appInfoTitle: Safety
03-04 11:16:48.754  1076  1076 D AlphabeticalAppsList: addAppsWithSections: adding sectionName: T with appInfoTitle: TMoble
03-04 11:16:48.754  1076  1076 D AlphabeticalAppsList: addAppsWithSections: adding sectionName: Y with appInfoTitle: YouTube
03-04 11:16:48.754  1076  1076 D AlphabeticalAppsList: Adding FastScrollSection duplicate to scroll to the bottom.
03-04 11:16:48.754  1076  1076 D AlphabeticalAppsList: Clearing FastScrollerSections.
03-04 11:16:48.754  1076  1076 D AlphabeticalAppsList: Adding apps with sections. HasPrivateApps: false
03-04 11:16:48.754  1076  1076 D AlphabeticalAppsList: addAppsWithSections: adding sectionName: A with appInfoTitle: AVRAI
03-04 11:16:48.754  1076  1076 D AlphabeticalAppsList: addAppsWithSections: adding sectionName: C with appInfoTitle: Calendar
03-04 11:16:48.754  1076  1076 D AlphabeticalAppsList: addAppsWithSections: adding sectionName: D with appInfoTitle: Drive
03-04 11:16:48.754  1076  1076 D AlphabeticalAppsList: addAppsWithSections: adding sectionName: F with appInfoTitle: Files
03-04 11:16:48.754  1076  1076 D AlphabeticalAppsList: addAppsWithSections: adding sectionName: G with appInfoTitle: Gmail
03-04 11:16:48.754  1076  1076 D AlphabeticalAppsList: addAppsWithSections: adding sectionName: M with appInfoTitle: Maps
03-04 11:16:48.754  1076  1076 D AlphabeticalAppsList: addAppsWithSections: adding sectionName: P with appInfoTitle: Phone
03-04 11:16:48.754  1076  1076 D AlphabeticalAppsList: addAppsWithSections: adding sectionName: S with appInfoTitle: Safety
03-04 11:16:48.754  1076  1076 D AlphabeticalAppsList: addAppsWithSections: adding sectionName: T with appInfoTitle: TMoble
03-04 11:16:48.754  1076  1076 D AlphabeticalAppsList: addAppsWithSections: adding sectionName: Y with appInfoTitle: YouTube
03-04 11:16:48.754  1076  1076 D AlphabeticalAppsList: Adding FastScrollSection duplicate to scroll to the bottom.
03-04 11:16:48.755  2831  5205 I Finsky:background: [124] Wrote row to frosting DB: 428
03-04 11:16:48.762   673   705 W AppOpService: Ignored setUidMode call for runtime permission app op: uid = 1001, code = RECEIVE_SMS, mode = allow, callingUid = 1001, oldMode = allow
03-04 11:16:48.762  2831  5205 I Finsky:background: [124] Wrote row to frosting DB: 429
03-04 11:16:48.769   673  1250 W AppOpService: Ignored setUidMode call for runtime permission app op: uid = 1001, code = RECEIVE_WAP_PUSH, mode = allow, callingUid = 1001, oldMode = allow
03-04 11:16:48.769  1638  1638 D BoundBrokerSvc: onUnbind: Intent { act=com.google.android.gms.common.BIND_SHARED_PREFS xflg=0x4 pkg=com.google.android.gms }
03-04 11:16:48.769  2671  2671 I Finsky  : [2] Do not start WearSupportService due to Wear service optimization
03-04 11:16:48.771  2671  2671 I Finsky  : [2] Clearing split related stale data.
03-04 11:16:48.773   673  1963 W AppOpService: Ignored setUidMode call for runtime permission app op: uid = 1001, code = SEND_SMS, mode = allow, callingUid = 1001, oldMode = allow
03-04 11:16:48.778  1076  1118 W HWUI    : Image decoding logging dropped!
03-04 11:16:48.786  1218  5213 I Fitness : (REDACTED) FitCleanupIntentOperation received Intent %s
03-04 11:16:48.786   673  1963 W AppOpService: Ignored setUidMode call for runtime permission app op: uid = 1001, code = READ_CELL_BROADCASTS, mode = allow, callingUid = 1001, oldMode = allow
03-04 11:16:48.818  2831  5205 I Finsky:background: [124] Wrote row to frosting DB: 430
03-04 11:16:48.838   673   752 V GrammaticalInflectionUtils: AttributionSource: android.content.AttributionSource@2b96e2e6 does not have READ_SYSTEM_GRAMMATICAL_GENDER permission.
03-04 11:16:48.845  1076  1118 D AlphabeticIndexCompat: computeSectionName: cs: Settings sectionName: S
03-04 11:16:48.845  1076  1118 D AlphabeticIndexCompat: computeSectionName: cs: Photos sectionName: P
03-04 11:16:48.846  1076  1118 D AlphabeticIndexCompat: computeSectionName: cs: Battery sectionName: B
03-04 11:16:48.847  1076  1118 D AlphabeticIndexCompat: computeSectionName: cs: Chrome sectionName: C
03-04 11:16:48.848  1076  1118 D AlphabeticIndexCompat: computeSectionName: cs: Gmail sectionName: G
03-04 11:16:48.853  1076  1118 D AlphabeticIndexCompat: computeSectionName: cs: Drive sectionName: D
03-04 11:16:48.853  1076  1118 D AlphabeticIndexCompat: computeSectionName: cs: Clock sectionName: C
03-04 11:16:48.853  1076  1118 D AlphabeticIndexCompat: computeSectionName: cs: Contacts sectionName: C
03-04 11:16:48.854  1076  1118 D AlphabeticIndexCompat: computeSectionName: cs: Calendar sectionName: C
03-04 11:16:48.854  1076  1118 D AlphabeticIndexCompat: computeSectionName: cs: Maps sectionName: M
03-04 11:16:48.854  1076  1118 D AlphabeticIndexCompat: computeSectionName: cs: YouTube Music sectionName: Y
03-04 11:16:48.854  1076  1118 D AlphabeticIndexCompat: computeSectionName: cs: YouTube sectionName: Y
03-04 11:16:48.854   673   752 W OptProp : Cannot read opt property android.window.PROPERTY_COMPAT_ALLOW_USER_ASPECT_RATIO_OVERRIDE
03-04 11:16:48.854   673   752 W OptProp : Cannot read opt property android.window.PROPERTY_COMPAT_ALLOW_USER_ASPECT_RATIO_FULLSCREEN_OVERRIDE
03-04 11:16:48.855  1076  1118 D AlphabeticIndexCompat: computeSectionName: cs: Google sectionName: G
03-04 11:16:48.855  1076  1118 D AlphabeticIndexCompat: computeSectionName: cs: Android System Intelligence sectionName: A
03-04 11:16:48.855  1076  1118 D AlphabeticIndexCompat: computeSectionName: cs: Digital Wellbeing sectionName: D
03-04 11:16:48.855   673   752 W OptProp : Cannot read opt property android.window.PROPERTY_COMPAT_ALLOW_RESIZEABLE_ACTIVITY_OVERRIDES
03-04 11:16:48.855  1076  1118 D AlphabeticIndexCompat: computeSectionName: cs: Conversations sectionName: C
03-04 11:16:48.857   673   752 W OptProp : Cannot read opt property android.window.PROPERTY_COMPAT_ALLOW_MIN_ASPECT_RATIO_OVERRIDE
03-04 11:16:48.889   673   718 I system_server: AssetManager2(0xb4000075e9d41318) locale list changing from [] to [en-US]
03-04 11:16:48.892  2671  2671 I Finsky  : [2] DTU: Received onPackageAdded, replacing: false
03-04 11:16:48.893   673  1531 I system_server: AssetManager2(0xb4000075e9d92a38) locale list changing from [] to [en-US]
03-04 11:16:48.893  1060  1257 D ImsResolver: maybeAddedImsService, packageName: com.avrai.app
03-04 11:16:48.893  1060  1257 V ImsResolver: searchForImsServices: package=com.avrai.app, users=[UserHandle{0}]
03-04 11:16:48.895   673  3765 I system_server: AssetManager2(0xb4000075e9d8dc18) locale list changing from [] to [en-US]
03-04 11:16:48.896  1060  1257 V ImsResolver: searchForImsServices: package=com.avrai.app, users=[UserHandle{0}]
03-04 11:16:48.911  1076  1076 D b/387844520: getOutlineOffsetX: measured width = 173, mNormalizedIconSize = 159, last updated width = 173
03-04 11:16:48.914  1218  5213 I ProximityAuth: [RecentAppsMediator] Package added: (user=UserHandle{0}) com.avrai.app
03-04 11:16:48.914  2831  2928 I Finsky:background: [54] RECEIVER_ENGAGE_PACKAGE_CHANGED#logWorkEndAndFinishGoAsync: SKIPPED_PRECONDITIONS_UNMET
03-04 11:16:48.915  1469  1469 I fiis    : (REDACTED) O received %s
03-04 11:16:48.928   673   752 W OptProp : Cannot read opt property android.window.PROPERTY_COMPAT_ALLOW_ORIENTATION_OVERRIDE
03-04 11:16:48.936  1060  1060 D SatelliteController: packageStateChanged: package:com.avrai.app DefaultSmsPackageName:com.google.android.apps.messaging
03-04 11:16:48.936  1060  1060 V SatelliteController: Neither SMS or SatelliteGateway package
03-04 11:16:48.940  1473  1854 I ogle.android.as: AssetManager2(0xb4000075e9d12518) locale list changing from [] to [en-US]
03-04 11:16:48.945   673   803 V AccessibilityManagerService: onUserStateChangedLocked for userId: 0, forceUpdate: false
03-04 11:16:48.946  1060  1060 E SmsApplication: com.google.android.apps.messaging lost android:read_cell_broadcasts:  (fixing)
03-04 11:16:48.949   673  1250 W AppOpService: Ignored setUidMode call for runtime permission app op: uid = 10145, code = READ_CELL_BROADCASTS, mode = allow, callingUid = 1001, oldMode = allow
03-04 11:16:48.952  1638  5147 I gle.android.gms: AssetManager2(0xb4000075e9cfbdb8) locale list changing from [] to [en-US]
03-04 11:16:48.955  2671  2671 I Finsky  : [2] aiaq - Received: android.intent.action.PACKAGE_CHANGED, [YDlOVLM_7X6OTQPgU7kkIZw-s1RMDzFcfeLIuFUH9Hc]
03-04 11:16:48.958  2671  2719 I Finsky  : [44] SCH: Received scheduling request: Id: 37-17, Constraints: [{ L: 0, D: 0, C: CHARGING_NONE, I: IDLE_NONE, N: NET_NONE, B: BATTERY_ANY }]
03-04 11:16:48.961   673   752 I ActivityTaskManager: START u0 {act=android.intent.action.MAIN cat=[android.intent.category.LAUNCHER] flg=0x30000000 xflg=0x4 cmp=com.avrai.app/.MainActivity (has extras)} with LAUNCH_SINGLE_TOP from uid 2000 (BAL_ALLOW_PERMISSION) result code=0
03-04 11:16:48.963   923  1033 I ndroid.systemui: AssetManager2(0xb4000075e9d3b878) locale list changing from [] to [en-US]
03-04 11:16:48.965  1218  5209 W GCM     : Unexpected forwarded intent: Intent { act=android.intent.action.PACKAGE_ADDED dat=package: flg=0x4000010 pkg=com.google.android.gms cmp=com.google.android.gms/.chimera.PersistentIntentOperationService (has extras) }
03-04 11:16:48.971   923   988 V WindowManagerShell: Transition requested (#18): android.os.BinderProxy@5823590 TransitionRequestInfo { type = OPEN, triggerTask = TaskInfo{userId=0 taskId=11 effectiveUid=10217 displayId=0 isRunning=true baseIntent=Intent { act=android.intent.action.MAIN cat=[android.intent.category.LAUNCHER] flg=0x30000000 cmp=com.avrai.app/.MainActivity } baseActivity=ComponentInfo{com.avrai.app/com.avrai.app.MainActivity} topActivity=ComponentInfo{com.avrai.app/com.avrai.app.MainActivity} origActivity=null realActivity=ComponentInfo{com.avrai.app/com.avrai.app.MainActivity} numActivities=1 lastActiveTime=957509 supportsMultiWindow=true resizeMode=1 isResizeable=true minWidth=-1 minHeight=-1 defaultMinSize=220 token=WCT{android.window.IWindowContainerToken$Stub$Proxy@222de89} topActivityType=1 pictureInPictureParams=null shouldDockBigOverlays=false launchIntoPipHostTaskId=-1 lastParentTaskIdBeforePip=-1 displayCutoutSafeInsets=Rect(0, 0 - 0, 0) topActivityInfo=ActivityInfo{f9cae8e com.avrai.app.MainActivity} launchCookies=[] positionInParent=Point(0, 0) parentTaskId=-1 isFocused=false isVisible=false isVisibleRequested=false isTopActivityNoDisplay=false isSleeping=false locusId=null displayAreaFeatureId=1 isTopActivityTransparent=false isActivityStackTransparent=false lastNonFullscreenBounds=Rect(284, 660 - 796, 1740) capturedLink=null capturedLinkTimestamp=0 requestedVisibleTypes=-9 topActivityRequestOpenInBrowserEducationTimestamp=0 appCompatTaskInfo=AppCompatTaskInfo { topActivityInSizeCompat=false eligibleForLetterboxEducation= false isLetterboxEducationEnabled= true isLetterboxDoubleTapEnabled= false eligibleForUserAspectRatioButton= false topActivityBoundsLetterboxed= false isFromLetterboxDoubleTap= false topActivityLetterboxVerticalPosition= -1 topActivityLetterboxHorizontalPosition= -1 topActivityLetterboxWidth=-1 topActivityLetterboxHeight=-1 topActivityAppBounds=Rect(0, 0 - 1080, 2400) isUserFullscreenOverrideEnabled=false isSystemFullscreenOverrideEnabled=false hasMinAspectRatioOverride=false topActivityLetterboxBounds=null cameraCompatTaskInfo=CameraCompatTaskInfo { freeformCameraCompatMode=inactive}} topActivityMainWindowFrame=null}, pipChange = null, remoteTransition = null, displayChange = null, flags = 0, debugId = 18 }
03-04 11:16:48.971   923   988 D ShellSplitScreen: logExit: no-op, mLoggerSessionId is null
03-04 11:16:48.973   673  1957 D CompatChangeReporter: Compat change id reported: 377864165; UID 10217; state: ENABLED
03-04 11:16:48.974  1638  5219 I gle.android.gms: AssetManager2(0xb4000075e9cf6f98) locale list changing from [] to [en-US]
03-04 11:16:48.975   520   520 I BpBinder: onLastStrongRef automatically unlinking death recipients: 
03-04 11:16:49.017   673  3765 W SignedPackage: Cannot get ApplicationInfo for package: com.google.android.devicelockcontroller
03-04 11:16:49.019   923  1034 W HWUI    : Image decoding logging dropped!
03-04 11:16:49.020   520   556 I BpBinder: onLastStrongRef automatically unlinking death recipients: 
03-04 11:16:49.021   673   803 W MagnificationConnectionManager: requestConnection duplicated request: connect=false, mConnectionState=DISCONNECTED
03-04 11:16:49.022   673   673 W IPCThreadState: Sending oneway calls to frozen process.
03-04 11:16:49.022   673   673 W IPCThreadState: Sending oneway calls to frozen process.
03-04 11:16:49.022   673   673 W IPCThreadState: Sending oneway calls to frozen process.
03-04 11:16:49.022   673   673 W IPCThreadState: Sending oneway calls to frozen process.
03-04 11:16:49.024   673   713 V GrammaticalInflectionUtils: AttributionSource: android.content.AttributionSource@2b96e2e6 does not have READ_SYSTEM_GRAMMATICAL_GENDER permission.
03-04 11:16:49.026   673   673 W IPCThreadState: Sending oneway calls to frozen process.
03-04 11:16:49.026   673   673 W IPCThreadState: Sending oneway calls to frozen process.
03-04 11:16:49.027  1076  1076 W SplitSelectStateCtor: Missing session instanceIds
03-04 11:16:49.027  1076  1076 D StatsLog: LAUNCHER_SPLIT_SELECTION_EXIT_INTERRUPTED
03-04 11:16:49.031   673  1952 W AppOpService: Ignored setUidMode call for runtime permission app op: uid = 1001, code = READ_SMS, mode = allow, callingUid = 1001, oldMode = allow
03-04 11:16:49.033   923   988 D WindowManagerShell: setLauncherKeepClearAreaHeight: visible=false, height=527
03-04 11:16:49.037   673  1958 W AppOpService: Ignored setUidMode call for runtime permission app op: uid = 1001, code = RECEIVE_SMS, mode = allow, callingUid = 1001, oldMode = allow
03-04 11:16:49.037   673  1958 W AppOpService: Ignored setUidMode call for runtime permission app op: uid = 1001, code = RECEIVE_WAP_PUSH, mode = allow, callingUid = 1001, oldMode = allow
03-04 11:16:49.037   673  1958 W AppOpService: Ignored setUidMode call for runtime permission app op: uid = 1001, code = SEND_SMS, mode = allow, callingUid = 1001, oldMode = allow
03-04 11:16:49.037   673  1958 W AppOpService: Ignored setUidMode call for runtime permission app op: uid = 1001, code = READ_CELL_BROADCASTS, mode = allow, callingUid = 1001, oldMode = allow
03-04 11:16:49.038  1060  1060 D SatelliteAccessController: Current default SMS app:ComponentInfo{com.google.android.apps.messaging/com.google.android.apps.messaging.shared.receiver.SmsDeliverReceiver}
03-04 11:16:49.038  1060  1060 D SatelliteController: getSelectedSatelliteSubId: subId=-1
03-04 11:16:49.039  2671  2718 I Finsky  : [43] RECEIVER_PACKAGE_MONITOR#logWorkEndAndFinishGoAsync: SUCCESS
03-04 11:16:49.038  1060  1060 D SatelliteAccessController: supportedMsgApps:com.google.android.apps.messaging
03-04 11:16:49.039  1218  5211 W NetworkScheduler: Unexpected forwarded intent: Intent { act=android.intent.action.PACKAGE_ADDED dat=package: flg=0x4000010 pkg=com.google.android.gms cmp=com.google.android.gms/.chimera.PersistentIntentOperationService (has extras) }
03-04 11:16:49.043   673   697 I system_server: Background concurrent mark compact GC freed 20MB AllocSpace bytes, 38(992KB) LOS objects, 42% free, 31MB/55MB, paused 9.791ms,5.279ms total 681.698ms
03-04 11:16:49.045  2831  2831 I Finsky:background: [2] Memory trim requested to level 40
03-04 11:16:49.053   673   878 D BackgroundInstallControlService: Package event received: 0
03-04 11:16:49.054   673   718 I system_server: AssetManager2(0xb4000075e9d0d3d8) locale list changing from [] to [en-US]
03-04 11:16:49.059   673  1963 V SafetySourceDataValidat: Package: com.android.vending has expected signature
03-04 11:16:49.060   673  1963 V SafetySourceDataValidat: Package: com.android.vending has expected signature
03-04 11:16:49.075   457   457 D Zygote  : Forked child process 5238
03-04 11:16:49.075   673  1961 D ActivityManager: sync unfroze 1587 com.google.android.googlequicksearchbox:search for 6
03-04 11:16:49.082   673   878 D BackgroundInstallControlService: Package event received: 0
03-04 11:16:49.086   673   720 W ActivityManager: Slow operation: 61ms so far, now at startProcess: returned from zygote!
03-04 11:16:49.099   673   720 W ActivityManager: Slow operation: 75ms so far, now at startProcess: done updating battery stats
03-04 11:16:49.107   673   720 W ActivityManager: Slow operation: 82ms so far, now at startProcess: building log message
03-04 11:16:49.107   673   720 I ActivityManager: Start proc 5238:com.avrai.app/u0a217 for next-top-activity {com.avrai.app/com.avrai.app.MainActivity}
03-04 11:16:49.107   673   720 W ActivityManager: Slow operation: 83ms so far, now at startProcess: starting to update pids map
03-04 11:16:49.110  1218  5227 I Fitness : (REDACTED) OnPackageChangedOperation got intent: %s
03-04 11:16:49.115   673   699 W System  : A resource failed to call close. 
03-04 11:16:49.138  1638  5220 I Auth    : (REDACTED) [SupervisedAccountIntentOperation] onHandleIntent: %s
03-04 11:16:49.148   673   720 I ActivityManager: ProcessObserver broadcast disabled
03-04 11:16:49.148   673   720 W ActivityManager: Slow operation: 124ms so far, now at startProcess: done updating pids map
03-04 11:16:49.153  5238  5238 I com.avrai.app: Late-enabling -Xcheck:jni
03-04 11:16:49.166  1473  1854 I ogle.android.as: AssetManager2(0xb4000075e9d0ca78) locale list changing from [] to [en-US]
03-04 11:16:49.166  1638  5221 I Blockstore: (REDACTED) [DataStoreImpl] Clearing Blockstore Data for package %s
03-04 11:16:49.170  1638  5221 I Blockstore: [DataStoreImpl] Keyless data not found or its IsLastInstallationData = false. [CONTEXT service_id=258 ]
03-04 11:16:49.200  1638  1638 D BoundBrokerSvc: onBind: Intent { act=com.google.android.gms.common.BIND_SHARED_PREFS xflg=0x4 pkg=com.google.android.gms }
03-04 11:16:49.200  1638  1638 D BoundBrokerSvc: Loading bound service for intent: Intent { act=com.google.android.gms.common.BIND_SHARED_PREFS xflg=0x4 pkg=com.google.android.gms }
03-04 11:16:49.204  5238  5238 I com.avrai.app: Using CollectorTypeCMC GC.
03-04 11:16:49.224  1638  5221 I Dck     : (REDACTED) disableDckSupport: %s
03-04 11:16:49.226  2671  2734 I Finsky  : [49] WM::SCH: Logging work initialize for 12-1
03-04 11:16:49.239  1473  1854 I ogle.android.as: AssetManager2(0xb4000075e9d11bb8) locale list changing from [] to [en-US]
03-04 11:16:49.241  1638  5221 E Dck     : Could not get ProviderInfo when resolving the content provider authority. [CONTEXT service_id=289 ]
03-04 11:16:49.241  1638  5221 E Dck     : Samsung Content Provider failed app verification [CONTEXT service_id=289 ]
03-04 11:16:49.253  1638  5221 W Dck     : [WirelessCapabilitiesFeatures] wccSysProp: 0 [CONTEXT service_id=289 ]
03-04 11:16:49.253  1638  5221 I Dck     : [WirelessCapabilitiesFeatures] wccMendel: 3 [CONTEXT service_id=289 ]
03-04 11:16:49.253  1638  5221 I Dck     : [WirelessCapabilitiesFeatures] deviceWccOverride: false [CONTEXT service_id=289 ]
03-04 11:16:49.253  1638  5221 I Dck     : [WirelessCapabilitiesFeatures] replaceSupportedWccWithWccOverride: true [CONTEXT service_id=289 ]
03-04 11:16:49.253  1638  5221 I Dck     : [WirelessCapabilitiesFeatures] wccOverride: not set [CONTEXT service_id=289 ]
03-04 11:16:49.255  1638  5221 I Dck     : (REDACTED) [WirelessCapabilitiesFeatures] returned wcc: %s
03-04 11:16:49.255  1638  5221 I Dck     : Dck module condition - hasWccSupport: false [CONTEXT service_id=289 ]
03-04 11:16:49.255  1638  5221 I Dck     : Dck module condition - downloadAllowed: false [CONTEXT service_id=289 ]
03-04 11:16:49.257  1638  5221 W Dck     : Dck module not eligible for asynchronous downloading [CONTEXT service_id=289 ]
03-04 11:16:49.267   673   800 I system_server: AssetManager2(0xb4000075e9d2c4b8) locale list changing from [] to [en-US]
03-04 11:16:49.267  1473  1854 I ogle.android.as: AssetManager2(0xb4000075e9d22eb8) locale list changing from [] to [en-US]
03-04 11:16:49.272  2671  2734 I Finsky  : [49] WM::SCH: Logging work initialize for 37-17
03-04 11:16:49.282   524   552 I adbd    : jdwp connection from 5238
03-04 11:16:49.287   673   800 I system_server: AssetManager2(0xb4000075e9d2ddb8) locale list changing from [] to [en-US]
03-04 11:16:49.294  2671  2767 I Finsky  : [55] SCH: Scheduling phonesky job Id: 12-1, CT: 1772644608725, Constraints: [{ L: 15000, D: 86400000, C: CHARGING_NONE, I: IDLE_NONE, N: NET_ANY, B: BATTERY_ANY }]
03-04 11:16:49.296   524   524 W adbd    : type=1400 audit(0.0:88): avc:  denied  { getattr } for  path="/sys/fs/cgroup/apps/uid_10217/pid_5238/cgroup.freeze" dev="cgroup2" ino=8579 scontext=u:r:adbd:s0 tcontext=u:object_r:cgroup_v2:s0 tclass=file permissive=0
03-04 11:16:49.306  2671  2754 I Finsky  : [53] SCH: Scheduling 1 system job(s)
03-04 11:16:49.306  2671  2754 I Finsky  : [53] SCH: Scheduling system job Id: 9337, L: 14419, D: 63991674, C: false, I: false, N: 1
03-04 11:16:49.310  2671  2671 I Finsky  : [2] Memory trim requested to level 40
03-04 11:16:49.310  2671  2671 I Finsky  : [2] Flushing in-memory image cache
03-04 11:16:49.313  1638  5252 I NearbyDiscovery: (REDACTED) processGrantSlicePermission: %s
03-04 11:16:49.319  1218  5213 I Fitness : (REDACTED) FitCleanupIntentOperation received Intent %s
03-04 11:16:49.370   673   710 V WindowManager: Sent Transition (#18) createdAt=03-04 11:16:48.867 via request=TransitionRequestInfo { type = OPEN, triggerTask = TaskInfo{userId=0 taskId=11 effectiveUid=10217 displayId=0 isRunning=true baseIntent=Intent { act=android.intent.action.MAIN cat=[android.intent.category.LAUNCHER] flg=0x30000000 cmp=com.avrai.app/.MainActivity } baseActivity=ComponentInfo{com.avrai.app/com.avrai.app.MainActivity} topActivity=ComponentInfo{com.avrai.app/com.avrai.app.MainActivity} origActivity=null realActivity=ComponentInfo{com.avrai.app/com.avrai.app.MainActivity} numActivities=1 lastActiveTime=957509 supportsMultiWindow=true resizeMode=1 isResizeable=true minWidth=-1 minHeight=-1 defaultMinSize=220 token=WCT{RemoteToken{b599519 Task{36c828f #11 type=standard A=10217:com.avrai.app}}} topActivityType=1 pictureInPictureParams=null shouldDockBigOverlays=false launchIntoPipHostTaskId=-1 lastParentTaskIdBeforePip=-1 displayCutoutSafeInsets=Rect(0, 0 - 0, 0) topActivityInfo=ActivityInfo{ae849de com.avrai.app.MainActivity} launchCookies=[] positionInParent=Point(0, 0) parentTaskId=-1 isFocused=false isVisible=false isVisibleRequested=false isTopActivityNoDisplay=false isSleeping=false locusId=null displayAreaFeatureId=1 isTopActivityTransparent=false isActivityStackTransparent=false lastNonFullscreenBounds=Rect(284, 660 - 796, 1740) capturedLink=null capturedLinkTimestamp=0 requestedVisibleTypes=-9 topActivityRequestOpenInBrowserEducationTimestamp=0 appCompatTaskInfo=AppCompatTaskInfo { topActivityInSizeCompat=false eligibleForLetterboxEducation= false isLetterboxEducationEnabled= true isLetterboxDoubleTapEnabled= false eligibleForUserAspectRatioButton= false topActivityBoundsLetterboxed= false isFromLetterboxDoubleTap= false topActivityLetterboxVerticalPosition= -1 topActivityLetterboxHorizontalPosition= -1 topActivityLetterboxWidth=-1 topActivityLetterboxHeight=-1 topActivityAppBounds=Rect(0, 0 - 1080, 2400) isUserFullscreenOverrideEnabled=false isSystemFullscreenOverrideEnabled=false hasMinAspectRatioOverride=false topActivityLetterboxBounds=null cameraCompatTaskInfo=CameraCompatTaskInfo { freeformCameraCompatMode=inactive}} topActivityMainWindowFrame=null}, pipChange = null, remoteTransition = null, displayChange = null, flags = 0, debugId = 18 }
03-04 11:16:49.370   673   710 V WindowManager:     startWCT=WindowContainerTransaction { changes= {} hops= [] errorCallbackToken=null taskFragmentOrganizer=null }
03-04 11:16:49.372   673   710 V WindowManager:     info={id=18 t=OPEN f=0x0 trk=0 r=[0@Point(0, 0)] c=[
03-04 11:16:49.372   673   710 V WindowManager:         {WCT{RemoteToken{b599519 Task{36c828f #11 type=standard A=10217:com.avrai.app}}} m=OPEN f=NONE leash=Surface(name=Task=11)/@0x3308639 sb=Rect(0, 0 - 1080, 2400) eb=Rect(0, 0 - 1080, 2400) epz=Point(1080, 2400) d=0 taskParent=-1},
03-04 11:16:49.372   673   710 V WindowManager:         {WCT{RemoteToken{39638d Task{bfd79b0 #1 type=home}}} m=TO_BACK f=SHOW_WALLPAPER leash=Surface(name=Task=1)/@0x567a56d sb=Rect(0, 0 - 1080, 2400) eb=Rect(0, 0 - 1080, 2400) epz=Point(1080, 2400) d=0 taskParent=-1},
03-04 11:16:49.372   673   710 V WindowManager:         {m=TO_BACK f=IS_WALLPAPER leash=Surface(name=WallpaperWindowToken{191073a showWhenLocked=false})/@0x4fbf984 sb=Rect(0, 0 - 1080, 2400) eb=Rect(0, 0 - 1080, 2400) epz=Point(1080, 2400) d=0}
03-04 11:16:49.372   673   710 V WindowManager:     ]}
03-04 11:16:49.374  1473  1854 I ogle.android.as: AssetManager2(0xb4000075e9d185f8) locale list changing from [] to [en-US]
03-04 11:16:49.377  2671  2769 I Finsky  : [56] SCH: Scheduling phonesky job Id: 37-17, CT: 1772644608958, Constraints: [{ L: 0, D: 0, C: CHARGING_NONE, I: IDLE_NONE, N: NET_NONE, B: BATTERY_ANY }, { L: 0, D: 0, C: CHARGING_NONE, I: IDLE_NONE, N: NET_NONE, B: BATTERY_ANY }]
03-04 11:16:49.380  2671  2732 I Finsky  : [47] [ContentSync] finished, scheduled=true
03-04 11:16:49.403  1410  1424 W .apps.wellbeing: Suspending all threads took: 5.734ms
03-04 11:16:49.404   923  1831 V WindowManagerShell: onTransitionReady(transaction=2890512990869)
03-04 11:16:49.405   923   988 V WindowManagerShell: onTransitionReady (#18) android.os.BinderProxy@5823590: {id=18 t=OPEN f=0x0 trk=0 r=[0@Point(0, 0)] c=[
03-04 11:16:49.405   923   988 V WindowManagerShell:         {m=OPEN f=NONE leash=Surface(name=Task=11)/@0x77d89d8 sb=Rect(0, 0 - 1080, 2400) eb=Rect(0, 0 - 1080, 2400) epz=Point(1080, 2400) d=0 taskParent=-1},
03-04 11:16:49.405   923   988 V WindowManagerShell:         {m=TO_BACK f=SHOW_WALLPAPER leash=Surface(name=Task=1)/@0x583b131 sb=Rect(0, 0 - 1080, 2400) eb=Rect(0, 0 - 1080, 2400) epz=Point(1080, 2400) d=0 taskParent=-1},
03-04 11:16:49.405   923   988 V WindowManagerShell:         {m=TO_BACK f=IS_WALLPAPER leash=Surface(name=WallpaperWindowToken{191073a showWhenLocked=false})/@0x5f59016 sb=Rect(0, 0 - 1080, 2400) eb=Rect(0, 0 - 1080, 2400) epz=Point(1080, 2400) d=0}
03-04 11:16:49.405   923   988 V WindowManagerShell:     ]}
03-04 11:16:49.405   923   988 V WindowManagerShell: Playing animation for (#18) android.os.BinderProxy@5823590@0
03-04 11:16:49.405   923   988 V ShellRecents: RecentsTransitionHandler.startAnimation: no controller found
03-04 11:16:49.405   923   988 V WindowManagerShell: Transition doesn't have explicit remote, search filters for match for {id=18 t=OPEN f=0x0 trk=0 r=[0@Point(0, 0)] c=[{m=OPEN f=NONE leash=Surface(name=Task=11)/@0x77d89d8 sb=Rect(0, 0 - 1080, 2400) eb=Rect(0, 0 - 1080, 2400) epz=Point(1080, 2400) d=0 taskParent=-1},{m=TO_BACK f=SHOW_WALLPAPER leash=Surface(name=Task=1)/@0x583b131 sb=Rect(0, 0 - 1080, 2400) eb=Rect(0, 0 - 1080, 2400) epz=Point(1080, 2400) d=0 taskParent=-1},{m=TO_BACK f=IS_WALLPAPER leash=Surface(name=WallpaperWindowToken{191073a showWhenLocked=false})/@0x5f59016 sb=Rect(0, 0 - 1080, 2400) eb=Rect(0, 0 - 1080, 2400) epz=Point(1080, 2400) d=0}]}
03-04 11:16:49.409   673   803 I system_server: AssetManager2(0xb4000075e9d0f318) locale list changing from [] to [en-US]
03-04 11:16:49.415  2671  2766 I Finsky  : [54] SCH: Scheduling 1 system job(s)
03-04 11:16:49.416  2671  2766 I Finsky  : [54] SCH: Scheduling expedited system job 9336
03-04 11:16:49.425  1638  1900 I Icing   : IndexChimeraService.getServiceInterface callingPackage=com.google.android.gms componentName=AppsCorpus serviceId=36
03-04 11:16:49.433   673   803 V AccessibilityManagerService: onUserStateChangedLocked for userId: 0, forceUpdate: false
