03-04 11:17:10.581   988  1118 D SatelliteController: iisInCarrierRoamingNbIotNtn: satellite is disabled
03-04 11:17:10.978   617   873 D BufferPoolAccessor2.0: evictor expired: 4, evicted: 0
03-04 11:17:11.989   553  7332 D BufferPoolAccessor2.0: bufferpool2 0xb4000075d8793568 : 0(0 size) total buffers - 0(0 size) used buffers - 93/101 (recycle/alloc) - 8/198 (fetch/transfer)
03-04 11:17:11.989   553  7332 D BufferPoolAccessor2.0: evictor expired: 1, evicted: 1
03-04 11:17:11.989   561   609 D BufferPoolAccessor2.0: bufferpool2 0xb400007a06192cb8 : 0(0 size) total buffers - 0(0 size) used buffers - 93/97 (recycle/alloc) - 4/96 (fetch/transfer)
03-04 11:17:11.989   561   609 D BufferPoolAccessor2.0: evictor expired: 2, evicted: 1
03-04 11:17:12.396   208  7233 I keystore2: system/security/keystore2/watchdog/src/lib.rs:377 - Watchdog thread idle -> terminating. Have a great day.
03-04 11:17:12.415   617   712 D ActivityManager: freezing 4731 com.google.android.documentsui
03-04 11:17:12.416   617   763 D InetDiagMessage: Destroyed 0 sockets, proto=IPPROTO_TCP, family=AF_INET, states=14
03-04 11:17:12.417   617   763 D InetDiagMessage: Destroyed 0 sockets, proto=IPPROTO_TCP, family=AF_INET6, states=14
03-04 11:17:12.417   617   763 D InetDiagMessage: Destroyed live tcp sockets for uids={10103} in 0ms
03-04 11:17:12.433   617   842 W FileUtils: Failed to chmod(AtomicFile[/data/system_de/0/system/game-manager-service.xml]): android.system.ErrnoException: chmod failed: ENOENT (No such file or directory)
03-04 11:17:12.922   617   712 D ActivityManager: freezing 3335 com.android.chrome
03-04 11:17:12.924   617   763 D InetDiagMessage: Destroyed 0 sockets, proto=IPPROTO_TCP, family=AF_INET, states=14
03-04 11:17:12.924   617   763 D InetDiagMessage: Destroyed 0 sockets, proto=IPPROTO_TCP, family=AF_INET6, states=14
03-04 11:17:12.925   617   763 D InetDiagMessage: Destroyed live tcp sockets for uids={10150} in 2ms
03-04 11:17:13.259   617   712 D ActivityManager: freezing 4331 com.android.vending:background
03-04 11:17:13.389   617   712 D ActivityManager: freezing 1787 android.process.media
03-04 11:17:13.390   617   763 D InetDiagMessage: Destroyed 0 sockets, proto=IPPROTO_TCP, family=AF_INET, states=14
03-04 11:17:13.390   617   763 D InetDiagMessage: Destroyed 0 sockets, proto=IPPROTO_TCP, family=AF_INET6, states=14
03-04 11:17:13.390   617   763 D InetDiagMessage: Destroyed live tcp sockets for uids={10102} in 1ms
03-04 11:17:13.682   617   712 D ActivityManager: freezing 5082 com.android.vending
03-04 11:17:13.688   617   763 D InetDiagMessage: Destroyed 0 sockets, proto=IPPROTO_TCP, family=AF_INET, states=14
03-04 11:17:13.689   617   763 D InetDiagMessage: Destroyed 2 sockets, proto=IPPROTO_TCP, family=AF_INET6, states=14
03-04 11:17:13.689   617   763 D InetDiagMessage: Destroyed live tcp sockets for uids={10146} in 2ms
03-04 11:17:13.866   617   712 D ActivityManager: freezing 1292 com.google.android.permissioncontroller
03-04 11:17:13.867   617   763 D InetDiagMessage: Destroyed 0 sockets, proto=IPPROTO_TCP, family=AF_INET, states=14
03-04 11:17:13.867   617   763 D InetDiagMessage: Destroyed 0 sockets, proto=IPPROTO_TCP, family=AF_INET6, states=14
03-04 11:17:13.867   617   763 D InetDiagMessage: Destroyed live tcp sockets for uids={10197} in 1ms
03-04 11:17:14.234   617   712 D ActivityManager: freezing 4005 com.google.android.googlequicksearchbox:search
03-04 11:17:14.922  1425  1922 I bdee    : (REDACTED) getHotwordActive::active query: %s, watch: %s, devices connected: %s
03-04 11:17:19.499  4928  4928 D BoundBrokerSvc: onUnbind: Intent { act=com.google.android.gms.feedback.internal.IFeedbackService dat=chimera-action:/... xflg=0x4 cmp=com.google.android.gms/.chimera.GmsBoundBrokerService }
03-04 11:17:19.521   617   755 D WifiConfigStore: Writing to stores completed in 6 ms.
03-04 11:17:20.581   988  1118 D SatelliteController: iisInCarrierRoamingNbIotNtn: satellite is disabled
03-04 11:17:27.797   617   664 E BluetoothPowerStatsCollector: Cannot acquire BluetoothActivityEnergyInfo
03-04 11:17:27.797   617   664 E BluetoothPowerStatsCollector: java.util.concurrent.ExecutionException: java.lang.RuntimeException: error: 11
03-04 11:17:27.797   617   664 E BluetoothPowerStatsCollector: 	at java.util.concurrent.CompletableFuture.reportGet(CompletableFuture.java:372)
03-04 11:17:27.797   617   664 E BluetoothPowerStatsCollector: 	at java.util.concurrent.CompletableFuture.get(CompletableFuture.java:2072)
03-04 11:17:27.797   617   664 E BluetoothPowerStatsCollector: 	at com.android.server.power.stats.BluetoothPowerStatsCollector.collectBluetoothActivityInfo(BluetoothPowerStatsCollector.java:192)
03-04 11:17:27.797   617   664 E BluetoothPowerStatsCollector: 	at com.android.server.power.stats.BluetoothPowerStatsCollector.collectStats(BluetoothPowerStatsCollector.java:155)
03-04 11:17:27.797   617   664 E BluetoothPowerStatsCollector: 	at com.android.server.power.stats.PowerStatsCollector.collectAndDeliverStats(PowerStatsCollector.java:176)
03-04 11:17:27.797   617   664 E BluetoothPowerStatsCollector: 	at com.android.server.power.stats.PowerStatsCollector$$ExternalSyntheticLambda0.run(R8$$SyntheticClass:0)
03-04 11:17:27.797   617   664 E BluetoothPowerStatsCollector: 	at android.os.Handler.handleCallback(Handler.java:995)
03-04 11:17:27.797   617   664 E BluetoothPowerStatsCollector: 	at android.os.Handler.dispatchMessage(Handler.java:103)
03-04 11:17:27.797   617   664 E BluetoothPowerStatsCollector: 	at android.os.Looper.loopOnce(Looper.java:248)
03-04 11:17:27.797   617   664 E BluetoothPowerStatsCollector: 	at android.os.Looper.loop(Looper.java:338)
03-04 11:17:27.797   617   664 E BluetoothPowerStatsCollector: 	at android.os.HandlerThread.run(HandlerThread.java:85)
03-04 11:17:27.797   617   664 E BluetoothPowerStatsCollector: Caused by: java.lang.RuntimeException: error: 11
03-04 11:17:27.797   617   664 E BluetoothPowerStatsCollector: 	at com.android.server.power.stats.BluetoothPowerStatsCollector$1.onBluetoothActivityEnergyInfoError(BluetoothPowerStatsCollector.java:181)
03-04 11:17:27.797   617   664 E BluetoothPowerStatsCollector: 	at android.bluetooth.BluetoothAdapter$OnBluetoothActivityEnergyInfoProxy.lambda$onBluetoothActivityEnergyInfoAvailable$0(BluetoothAdapter.java:1037)
03-04 11:17:27.797   617   664 E BluetoothPowerStatsCollector: 	at android.bluetooth.BluetoothAdapter$OnBluetoothActivityEnergyInfoProxy$$ExternalSyntheticLambda1.run(D8$$SyntheticClass:0)
03-04 11:17:27.797   617   664 E BluetoothPowerStatsCollector: 	at android.bluetooth.BluetoothUtils.lambda$executeFromBinder$0(BluetoothUtils.java:343)
03-04 11:17:27.797   617   664 E BluetoothPowerStatsCollector: 	at android.bluetooth.BluetoothUtils$$ExternalSyntheticLambda1.run(D8$$SyntheticClass:0)
03-04 11:17:27.797   617   664 E BluetoothPowerStatsCollector: 	at com.android.server.SystemServerInitThreadPool$$ExternalSyntheticLambda0.execute(R8$$SyntheticClass:0)
03-04 11:17:27.797   617   664 E BluetoothPowerStatsCollector: 	at android.bluetooth.BluetoothUtils.executeFromBinder(BluetoothUtils.java:343)
03-04 11:17:27.797   617   664 E BluetoothPowerStatsCollector: 	at android.bluetooth.BluetoothAdapter$OnBluetoothActivityEnergyInfoProxy.onBluetoothActivityEnergyInfoAvailable(BluetoothAdapter.java:1035)
03-04 11:17:27.797   617   664 E BluetoothPowerStatsCollector: 	at android.bluetooth.IBluetoothActivityEnergyInfoListener$Stub.onTransact(IBluetoothActivityEnergyInfoListener.java:98)
03-04 11:17:27.797   617   664 E BluetoothPowerStatsCollector: 	at android.os.Binder.execTransactInternal(Binder.java:1426)
03-04 11:17:27.797   617   664 E BluetoothPowerStatsCollector: 	at android.os.Binder.execTransact(Binder.java:1365)
03-04 11:17:29.555   617   712 D ActivityManager: freezing 4928 com.google.android.gms
03-04 11:17:30.582   988  1118 D SatelliteController: iisInCarrierRoamingNbIotNtn: satellite is disabled
03-04 11:17:39.761   617   706 D ActivityManager: sync unfroze 2929 com.google.android.apps.photos for 6
03-04 11:17:39.780   617   706 D ActivityManager: sync unfroze 5082 com.android.vending for 6
03-04 11:17:39.830   617  1744 W ProcessStats: Tracking association SourceState{b13139d system/1000 ImpBg #6681} whose proc state 6 is better than process ProcessState{eac7597 com.google.android.apps.photos/10167 pkg=com.google.android.apps.photos} proc state 15 (1 skipped)
03-04 11:17:39.851  5082  5082 I Finsky  : [2] SCH: job service start with id 9364.
03-04 11:17:39.897  5082  7345 I Finsky  : [272] SCH: Satisfied jobs for 9364 are: 12-1
03-04 11:17:39.907  5082  7344 I Finsky  : [271] SCH: Job 12-1 starting
03-04 11:17:39.909  5082  5082 I Finsky  : [2] WM::SCH: Logging work start for 12-1
03-04 11:17:39.914  5082  5082 I Finsky  : [2] [ContentSync] job started
03-04 11:17:40.165  5082  7348 I Finsky  : [275] App states replicator found 4 unowned apps
03-04 11:17:40.170  5082  5146 I Finsky  : [72] Completed 0 account content syncs with 0 successful.
03-04 11:17:40.171  5082  5082 I Finsky  : [2] [ContentSync] Installation state replication succeeded.
03-04 11:17:40.171  5082  5082 I Finsky  : [2] SCH: jobFinished: 12-1. TimeElapsed: 262ms.
03-04 11:17:40.173  5082  5082 I Finsky  : [2] WM::SCH: Logging work end for 12-1
03-04 11:17:40.196  5082  5141 I Finsky  : [68] SCH: Scheduling phonesky job Id: 1-1337, CT: 1772643876570, Constraints: [{ L: 14399986, D: 43562929, C: CHARGING_NONE, I: IDLE_NONE, N: NET_ANY, B: BATTERY_ANY }]
03-04 11:17:40.196  5082  5141 I Finsky  : [68] SCH: Scheduling phonesky job Id: 10-4, CT: 1772643874245, Constraints: [{ L: 1200000, D: 86400000, C: CHARGING_NONE, I: IDLE_NONE, N: NET_ANY, B: BATTERY_ANY }]
03-04 11:17:40.198  5082  5115 I Finsky  : [51] SCH: Scheduling 1 system job(s)
03-04 11:17:40.199  5082  5115 I Finsky  : [51] SCH: Scheduling system job Id: 9370, L: 414047, D: 42779301, C: false, I: false, N: 1
03-04 11:17:40.204  5082  7344 I Finsky  : [271] SCH: job service finished with id 9364.
03-04 11:17:40.211  5082  5082 I Finsky  : [2] Memory trim requested to level 40
03-04 11:17:40.212  5082  5082 I Finsky  : [2] Flushing in-memory image cache
03-04 11:17:40.581   988  1118 D SatelliteController: iisInCarrierRoamingNbIotNtn: satellite is disabled
03-04 11:17:42.061   617   712 D ActivityManager: freezing 1771 com.android.keychain
03-04 11:17:42.062   617   712 D ActivityManager: freezing 2531 com.android.dynsystem:dynsystem
03-04 11:17:42.062   617   712 D ActivityManager: freezing 2509 com.android.dynsystem
03-04 11:17:44.879   617   763 D InetDiagMessage: Destroyed 0 sockets, proto=IPPROTO_TCP, family=AF_INET, states=14
03-04 11:17:44.880   617   763 D InetDiagMessage: Destroyed 0 sockets, proto=IPPROTO_TCP, family=AF_INET6, states=14
03-04 11:17:44.880   617   763 D InetDiagMessage: Destroyed live tcp sockets for uids={10167} in 2ms
03-04 11:17:44.880   617   763 D InetDiagMessage: Destroyed 0 sockets, proto=IPPROTO_TCP, family=AF_INET, states=14
03-04 11:17:44.880   617   763 D InetDiagMessage: Destroyed 0 sockets, proto=IPPROTO_TCP, family=AF_INET6, states=14
03-04 11:17:44.880   617   763 D InetDiagMessage: Destroyed live tcp sockets for uids={20167} in 0ms
03-04 11:17:49.898   617   712 D ActivityManager: freezing 2929 com.google.android.apps.photos
03-04 11:17:49.899   617   763 D InetDiagMessage: Destroyed 0 sockets, proto=IPPROTO_TCP, family=AF_INET, states=14
03-04 11:17:49.904   617   763 D InetDiagMessage: Destroyed 0 sockets, proto=IPPROTO_TCP, family=AF_INET6, states=14
03-04 11:17:49.904   617   763 D InetDiagMessage: Destroyed live tcp sockets for uids={10167} in 4ms
03-04 11:17:50.213   617   712 D ActivityManager: freezing 5082 com.android.vending
03-04 11:17:50.216   617   763 D InetDiagMessage: Destroyed 0 sockets, proto=IPPROTO_TCP, family=AF_INET, states=14
03-04 11:17:50.216   617   763 D InetDiagMessage: Destroyed 0 sockets, proto=IPPROTO_TCP, family=AF_INET6, states=14
03-04 11:17:50.216   617   763 D InetDiagMessage: Destroyed live tcp sockets for uids={10146} in 1ms
03-04 11:17:50.583   988  1118 D SatelliteController: iisInCarrierRoamingNbIotNtn: satellite is disabled
03-04 11:18:00.287   617  1578 D TelephonyManager: requestModemActivityInfo: Sending result to app: ModemActivityInfo{ mTimestamp=1028841 mSleepTimeMs=84 mIdleTimeMs=28 mActivityStatsTechSpecificInfo=[{mRat=UNKNOWN,mFrequencyRange=UNKNOWN,mTxTimeMs[]=[2, 6, 12, 16, 18],mRxTimeMs=18}]}
03-04 11:18:00.582   988  1118 D SatelliteController: iisInCarrierRoamingNbIotNtn: satellite is disabled
03-04 11:18:10.582   988  1118 D SatelliteController: iisInCarrierRoamingNbIotNtn: satellite is disabled
03-04 11:18:14.921  1425  1922 I bdee    : (REDACTED) getHotwordActive::active query: %s, watch: %s, devices connected: %s
03-04 11:18:20.583   988  1118 D SatelliteController: iisInCarrierRoamingNbIotNtn: satellite is disabled
03-04 11:18:30.583   988  1118 D SatelliteController: iisInCarrierRoamingNbIotNtn: satellite is disabled
